Microchip MPLAB XC8 Compiler V1.32 ()

Linker command line:

-W-3 --edf=/opt/microchip/xc8/v1.32/dat/en_msgs.txt -cs \
  -h+dist/default/production/nrf24l01_R.X.production.sym \
  --cmf=dist/default/production/nrf24l01_R.X.production.cmf -z -Q18F45K50 \
  -o/tmp/cgtx2pkQS -Mdist/default/production/nrf24l01_R.X.production.map \
  -E1 -ver=XC8 -ASTACK=060h-07ffh -pstack=STACK -ACODE=00h-07FFFh \
  -ACONST=00h-07FFFh -ASMALLCONST=0800h-08FFhx120 \
  -AMEDIUMCONST=0800h-07FFFh -ACOMRAM=01h-05Fh -AABS1=00h-07FFh \
  -ABIGRAM=01h-07FFh -ARAM=060h-0FFh,0100h-01FFhx7 -ABANK0=060h-0FFh \
  -ABANK1=0100h-01FFh -ABANK2=0200h-02FFh -ABANK3=0300h-03FFh \
  -ABANK4=0400h-04FFh -ABANK5=0500h-05FFh -ABANK6=0600h-06FFh \
  -ABANK7=0700h-07FFh -ASFR=0F53h-0F5Fh,0F60h-0FFFh \
  -preset_vec=00h,intcode,intcodelo,powerup,init,end_init -pramtop=0800h \
  -psmallconst=SMALLCONST -pmediumconst=MEDIUMCONST -pconst=CONST \
  -AFARRAM=00h-00h -ACONFIG=0300000h-030000Dh -pconfig=CONFIG \
  -AIDLOC=0200000h-0200007h -pidloc=IDLOC -AEEDATA=0F00000h-0F000FFh \
  -peeprom_data=EEDATA \
  -prdata=COMRAM,nvrram=COMRAM,nvbit=COMRAM,rbss=COMRAM,rbit=COMRAM \
  -pfarbss=FARRAM,fardata=FARRAM,nvFARRAM=FARRAM \
  -pintsave_regs=BIGRAM,bigbss=BIGRAM,bigdata=BIGRAM -pbss=RAM \
  -pidata=CODE,irdata=CODE,ibigdata=CODE,ifardata=CODE /tmp/cgt6ZFbCc.obj \
  dist/default/production/nrf24l01_R.X.production.obj 

Object code version is 3.11

Machine type is 18F45K50

Call graph: (short form)




                Name                               Link     Load   Length Selector   Space Scale
/tmp/cgt6ZFbCc.obj
                end_init                              0        0        4        0       0
                idloc                            200000   200000        8   200000       0
                config                           300000   300000        E   300000       0
dist/default/production/nrf24l01_R.X.production.obj
                text20                             780A     780A       18     3C05       0
                text19                             77CC     77CC        C     3BE6       0
                text18                             7908     7908       56     3C84       0
                text17                             7BA6     7BA6       D6     3DD3       0
                text16                             77E6     77E6       12     3BF3       0
                text15                             78C0     78C0       48     3C60       0
                text14                             77AE     77AE        A     3BD7       0
                text13                             7C7C     7C7C      126     3E3E       0
                text12                             7ECE     7ECE      132     3F67       0
                text11                             7DA2     7DA2      12C     3ED1       0
                text10                             795E     795E       62     3CAF       0
                text9                              7AE4     7AE4       C2     3D72       0
                text8                              79C0     79C0       8E     3CE0       0
                text7                              77D8     77D8        E     3BEC       0
                text6                              77B8     77B8        A     3BDC       0
                text5                              783E     783E       28     3C1F       0
                text4                              77F8     77F8       12     3BFC       0
                text3                              7866     7866       28     3C33       0
                text2                              7822     7822       1C     3C11       0
                text1                              788E     788E       32     3C47       0
                cstackCOMRAM                          1        1       17        1       1
                cinit                              77C2     77C2        A     3BE1       0
                text0                              7A4E     7A4E       96     3D27       0

TOTAL           Name                               Link     Load   Length     Space
        CLASS   STACK          

        CLASS   CODE           
                end_init                              0        0        4         0
                text20                             780A     780A       18         0
                text19                             77CC     77CC        C         0
                text18                             7908     7908       56         0
                text17                             7BA6     7BA6       D6         0
                text16                             77E6     77E6       12         0
                text15                             78C0     78C0       48         0
                text14                             77AE     77AE        A         0
                text13                             7C7C     7C7C      126         0
                text12                             7ECE     7ECE      132         0
                text11                             7DA2     7DA2      12C         0
                text10                             795E     795E       62         0
                text9                              7AE4     7AE4       C2         0
                text8                              79C0     79C0       8E         0
                text7                              77D8     77D8        E         0
                text6                              77B8     77B8        A         0
                text5                              783E     783E       28         0
                text4                              77F8     77F8       12         0
                text3                              7866     7866       28         0
                text2                              7822     7822       1C         0
                text1                              788E     788E       32         0
                cinit                              77C2     77C2        A         0
                text0                              7A4E     7A4E       96         0

        CLASS   CONST          

        CLASS   SMALLCONST     

        CLASS   MEDIUMCONST    

        CLASS   COMRAM         
                cstackCOMRAM                          1        1       17         1

        CLASS   ABS1           

        CLASS   BIGRAM         

        CLASS   RAM            

        CLASS   BANK0          

        CLASS   BANK1          

        CLASS   BANK2          

        CLASS   BANK3          

        CLASS   BANK4          

        CLASS   BANK5          

        CLASS   BANK6          

        CLASS   BANK7          

        CLASS   SFR            

        CLASS   FARRAM         

        CLASS   CONFIG         
                config                           300000   300000        E         0

        CLASS   IDLOC          
                idloc                            200000   200000        8         0

        CLASS   EEDATA         



SEGMENTS        Name                           Load    Length   Top    Selector   Space  Class

                reset_vec                      000000  000004  000004         0       0  CODE    
                cstackCOMRAM                   000001  000017  000018         1       1  COMRAM  
                text14                         0077AE  00000A  0077B8      3BD7       0  CODE    
                text6                          0077B8  00000A  0077C2      3BDC       0  CODE    
                cinit                          0077C2  00000A  0077CC      3BE1       0  CODE    
                text19                         0077CC  00000C  0077D8      3BE6       0  CODE    
                text7                          0077D8  00000E  0077E6      3BEC       0  CODE    
                text16                         0077E6  000012  0077F8      3BF3       0  CODE    
                text4                          0077F8  000012  00780A      3BFC       0  CODE    
                text20                         00780A  000018  007822      3C05       0  CODE    
                text2                          007822  00001C  00783E      3C11       0  CODE    
                text5                          00783E  000028  007866      3C1F       0  CODE    
                text3                          007866  000028  00788E      3C33       0  CODE    
                text1                          00788E  000032  0078C0      3C47       0  CODE    
                text15                         0078C0  000048  007908      3C60       0  CODE    
                text18                         007908  000056  00795E      3C84       0  CODE    
                text10                         00795E  000062  0079C0      3CAF       0  CODE    
                text8                          0079C0  00008E  007A4E      3CE0       0  CODE    
                text0                          007A4E  000096  007AE4      3D27       0  CODE    
                text9                          007AE4  0000C2  007BA6      3D72       0  CODE    
                text17                         007BA6  0000D6  007C7C      3DD3       0  CODE    
                text13                         007C7C  000126  007DA2      3E3E       0  CODE    
                text11                         007DA2  00012C  007ECE      3ED1       0  CODE    
                text12                         007ECE  000132  008000      3F67       0  CODE    
                idloc                          200000  000008  200008    200000       0  IDLOC   
                config                         300000  00000E  30000E    300000       0  CONFIG  


UNUSED ADDRESS RANGES

        Name                Unused          Largest block    Delta
        BANK0            000060-0000FF               A0
        BANK1            000100-0001FF              100
        BANK2            000200-0002FF              100
        BANK3            000300-0003FF              100
        BANK4            000400-0004FF              100
        BANK5            000500-0005FF              100
        BANK6            000600-0006FF              100
        BANK7            000700-0007FF              100
        BIGRAM           000018-0007FF              7E8
        CODE             000004-0077AD             77AA
        COMRAM           000018-00005F               48
        CONST            000004-0077AD             77AA
        EEDATA           F00000-F000FF              100
        MEDIUMCONST      000800-0077AD             6FAE
        RAM              000060-0007FF              100
        SFR              000F53-000FFF                D
        SMALLCONST       000800-0077AD              100
        STACK            000060-0007FF              7A0

                                  Symbol Table

?_Read_Status_nRF               cstackCOMRAM 000003
Lcd_Chr_CP@data                 cstackCOMRAM 000003
Lcd_Cmd@data                    cstackCOMRAM 000003
Lcd_Init@data                   cstackCOMRAM 000005
Lcd_Out2@buffer                 cstackCOMRAM 000005
Lcd_Out2@data                   cstackCOMRAM 000008
Lcd_Out2@x                      cstackCOMRAM 000004
Lcd_Out2@y                      cstackCOMRAM 000007
OpenSPI1@bus_mode               cstackCOMRAM 000001
OpenSPI1@smp_phase              cstackCOMRAM 000002
OpenSPI1@sync_mode              cstackCOMRAM 000003
ReadSPI1@TempVar                cstackCOMRAM 000001
Read_Status_nRF@state           cstackCOMRAM 000006
Read_String_nRF@message         cstackCOMRAM 000005
WriteSPI1@TempVar               cstackCOMRAM 000001
WriteSPI1@data_out              cstackCOMRAM 000002
_ACTCON                         (abs)        000FB5
_ANSELA                         (abs)        000F5B
_ANSELB                         (abs)        000F5C
_ANSELBbits                     (abs)        000F5C
_ANSELC                         (abs)        000F5D
_ANSELD                         (abs)        000F5E
_ANSELE                         (abs)        000F5F
_CCP1CON                        (abs)        000FBD
_CCP2CON                        (abs)        000F97
_CCPR1L                         (abs)        000FBE
_CCPR2L                         (abs)        000F90
_FlushRx_nRF                    text19       0077CC
_Ini_nRF                        text17       007BA6
_Initialize                     text14       0077AE
_LATB                           (abs)        000F8A
_LATCbits                       (abs)        000F8B
_LATDbits                       (abs)        000F8C
_Lcd_Chr_CP                     text11       007DA2
_Lcd_Cmd                        text13       007C7C
_Lcd_Init                       text12       007ECE
_Lcd_Out2                       text10       00795E
_Led_parlante                   text9        007AE4
_Notificacion                   text6        0077B8
_Notificar_Buzzer               text7        0077D8
_OSCCON                         (abs)        000FD3
_OSCCON2                        (abs)        000FD2
_OSCILLATOR_Initialize          text16       0077E6
_OSCTUNE                        (abs)        000F9B
_OpenSPI1                       text18       007908
_PIR1bits                       (abs)        000F9E
_PORTA                          (abs)        000F80
_PORTBbits                      (abs)        000F81
_PORTC                          (abs)        000F82
_PORTD                          (abs)        000F83
_PORTDbits                      (abs)        000F83
_PORTE                          (abs)        000F84
_PR2                            (abs)        000FBB
_Pines                          text15       0078C0
_RXmod_nRF                      text5        00783E
_ReadSPI1                       text4        0077F8
_Read_Status_nRF                text3        007866
_Read_String_nRF                text1        00788E
_SSP1BUF                        (abs)        000FC9
_SSP1CON1                       (abs)        000FC6
_SSP1CON1bits                   (abs)        000FC6
_SSP1STAT                       (abs)        000FC7
_SSP1STATbits                   (abs)        000FC7
_T2CON                          (abs)        000FBA
_T2CONbits                      (abs)        000FBA
_TMR2                           (abs)        000FBC
_TRISA                          (abs)        000F92
_TRISAbits                      (abs)        000F92
_TRISB                          (abs)        000F93
_TRISBbits                      (abs)        000F93
_TRISC                          (abs)        000F94
_TRISCbits                      (abs)        000F94
_TRISD                          (abs)        000F95
_TRISDbits                      (abs)        000F95
_TRISE                          (abs)        000F96
_WriteSPI1                      text20       00780A
__CFG_BOREN$SBORDIS             (abs)        000000
__CFG_BORV$190                  (abs)        000000
__CFG_CCP2MX$RC1                (abs)        000000
__CFG_CFGPLLEN$OFF              (abs)        000000
__CFG_CP0$OFF                   (abs)        000000
__CFG_CP1$OFF                   (abs)        000000
__CFG_CP2$OFF                   (abs)        000000
__CFG_CP3$OFF                   (abs)        000000
__CFG_CPB$OFF                   (abs)        000000
__CFG_CPD$OFF                   (abs)        000000
__CFG_CPUDIV$NOCLKDIV           (abs)        000000
__CFG_DEBUG$OFF                 (abs)        000000
__CFG_EBTR0$OFF                 (abs)        000000
__CFG_EBTR1$OFF                 (abs)        000000
__CFG_EBTR2$OFF                 (abs)        000000
__CFG_EBTR3$OFF                 (abs)        000000
__CFG_EBTRB$OFF                 (abs)        000000
__CFG_FCMEN$OFF                 (abs)        000000
__CFG_FOSC$INTOSCIO             (abs)        000000
__CFG_ICPRT$OFF                 (abs)        000000
__CFG_IESO$OFF                  (abs)        000000
__CFG_LS48MHZ$SYS24X4           (abs)        000000
__CFG_LVP$ON                    (abs)        000000
__CFG_MCLRE$ON                  (abs)        000000
__CFG_PBADEN$ON                 (abs)        000000
__CFG_PCLKEN$ON                 (abs)        000000
__CFG_PLLSEL$PLL4X              (abs)        000000
__CFG_SDOMX$RB3                 (abs)        000000
__CFG_STVREN$ON                 (abs)        000000
__CFG_T3CMX$RC0                 (abs)        000000
__CFG_WDTEN$OFF                 (abs)        000000
__CFG_WDTPS$32768               (abs)        000000
__CFG_WRT0$OFF                  (abs)        000000
__CFG_WRT1$OFF                  (abs)        000000
__CFG_WRT2$OFF                  (abs)        000000
__CFG_WRT3$OFF                  (abs)        000000
__CFG_WRTB$OFF                  (abs)        000000
__CFG_WRTC$OFF                  (abs)        000000
__CFG_WRTD$OFF                  (abs)        000000
__CFG_XINST$OFF                 (abs)        000000
__CFG_nLPBOR$OFF                (abs)        000000
__CFG_nPWRTEN$OFF               (abs)        000000
__HRAM                          (abs)        000000
__Habs1                         abs1         000000
__Hbank0                        bank0        000000
__Hbank1                        bank1        000000
__Hbank2                        bank2        000000
__Hbank3                        bank3        000000
__Hbank4                        bank4        000000
__Hbank5                        bank5        000000
__Hbank6                        bank6        000000
__Hbank7                        bank7        000000
__Hbigbss                       bigbss       000000
__Hbigdata                      bigdata      000000
__Hbigram                       bigram       000000
__Hbss                          bss          000000
__Hcinit                        cinit        000000
__Hclrtext                      clrtext      000000
__Hcomram                       comram       000000
__Hconfig                       config       30000E
__Hconst                        const        000000
__HcstackCOMRAM                 cstackCOMRAM 000000
__Hdata                         data         000000
__Heeprom_data                  eeprom_data  000000
__Hend_init                     end_init     000004
__Hfarbss                       farbss       000000
__Hfardata                      fardata      000000
__Hibigdata                     ibigdata     000000
__Hidata                        idata        000000
__Hidloc                        idloc        200008
__Hifardata                     ifardata     000000
__Hinit                         init         000000
__Hintcode                      intcode      000000
__Hintcode_body                 intcode_body 000000
__Hintcodelo                    intcodelo    000000
__Hintentry                     intentry     000000
__Hintret                       intret       000000
__Hintsave_regs                 intsave_regs 000000
__Hirdata                       irdata       000000
__Hmediumconst                  mediumconst  000000
__HnvFARRAM                     nvFARRAM     000000
__Hnvbit                        nvbit        000000
__Hnvrram                       nvrram       000000
__Hparam                        rparam       000000
__Hpowerup                      powerup      000000
__Hram                          ram          000000
__Hramtop                       ramtop       000800
__Hrbit                         rbit         000000
__Hrbss                         rbss         000000
__Hrdata                        rdata        000000
__Hreset_vec                    reset_vec    000000
__Hrparam                       rparam       000000
__Hsfr                          sfr          000000
__Hsmallconst                   smallconst   000000
__Hspace_0                      (abs)        30000E
__Hspace_1                      (abs)        000018
__Hspace_2                      (abs)        000000
__Hstack                        stack        000000
__Hstruct                       struct       000000
__Htemp                         temp         000000
__Htext                         text         000000
__Htext0                        text0        000000
__Htext1                        text1        000000
__Htext10                       text10       000000
__Htext11                       text11       000000
__Htext12                       text12       000000
__Htext13                       text13       000000
__Htext14                       text14       000000
__Htext15                       text15       000000
__Htext16                       text16       000000
__Htext17                       text17       000000
__Htext18                       text18       000000
__Htext19                       text19       000000
__Htext2                        text2        000000
__Htext20                       text20       000000
__Htext3                        text3        000000
__Htext4                        text4        000000
__Htext5                        text5        000000
__Htext6                        text6        000000
__Htext7                        text7        000000
__Htext8                        text8        000000
__Htext9                        text9        000000
__LRAM                          (abs)        000001
__Labs1                         abs1         000000
__Lbank0                        bank0        000000
__Lbank1                        bank1        000000
__Lbank2                        bank2        000000
__Lbank3                        bank3        000000
__Lbank4                        bank4        000000
__Lbank5                        bank5        000000
__Lbank6                        bank6        000000
__Lbank7                        bank7        000000
__Lbigbss                       bigbss       000000
__Lbigdata                      bigdata      000000
__Lbigram                       bigram       000000
__Lbss                          bss          000000
__Lcinit                        cinit        000000
__Lclrtext                      clrtext      000000
__Lcomram                       comram       000000
__Lconfig                       config       300000
__Lconst                        const        000000
__LcstackCOMRAM                 cstackCOMRAM 000000
__Ldata                         data         000000
__Leeprom_data                  eeprom_data  000000
__Lend_init                     end_init     000000
__Lfarbss                       farbss       000000
__Lfardata                      fardata      000000
__Libigdata                     ibigdata     000000
__Lidata                        idata        000000
__Lidloc                        idloc        200000
__Lifardata                     ifardata     000000
__Linit                         init         000000
__Lintcode                      intcode      000000
__Lintcode_body                 intcode_body 000000
__Lintcodelo                    intcodelo    000000
__Lintentry                     intentry     000000
__Lintret                       intret       000000
__Lintsave_regs                 intsave_regs 000000
__Lirdata                       irdata       000000
__Lmediumconst                  mediumconst  000000
__LnvFARRAM                     nvFARRAM     000000
__Lnvbit                        nvbit        000000
__Lnvrram                       nvrram       000000
__Lparam                        rparam       000000
__Lpowerup                      powerup      000000
__Lram                          ram          000000
__Lramtop                       ramtop       000800
__Lrbit                         rbit         000000
__Lrbss                         rbss         000000
__Lrdata                        rdata        000000
__Lreset_vec                    reset_vec    000000
__Lrparam                       rparam       000000
__Lsfr                          sfr          000000
__Lsmallconst                   smallconst   000000
__Lspace_0                      (abs)        000000
__Lspace_1                      (abs)        000000
__Lspace_2                      (abs)        000000
__Lstack                        stack        000000
__Lstruct                       struct       000000
__Ltemp                         temp         000000
__Ltext                         text         000000
__Ltext0                        text0        000000
__Ltext1                        text1        000000
__Ltext10                       text10       000000
__Ltext11                       text11       000000
__Ltext12                       text12       000000
__Ltext13                       text13       000000
__Ltext14                       text14       000000
__Ltext15                       text15       000000
__Ltext16                       text16       000000
__Ltext17                       text17       000000
__Ltext18                       text18       000000
__Ltext19                       text19       000000
__Ltext2                        text2        000000
__Ltext20                       text20       000000
__Ltext3                        text3        000000
__Ltext4                        text4        000000
__Ltext5                        text5        000000
__Ltext6                        text6        000000
__Ltext7                        text7        000000
__Ltext8                        text8        000000
__Ltext9                        text9        000000
__S0                            (abs)        30000E
__S1                            (abs)        000018
__S2                            (abs)        000000
___inthi_sp                     stack        000000
___intlo_sp                     stack        000000
___sp                           stack        000000
__accesstop                     (abs)        000060
__activetblptr                  (abs)        000002
__end_of_FlushRx_nRF            text19       0077D8
__end_of_Ini_nRF                text17       007C7C
__end_of_Initialize             text14       0077B8
__end_of_Lcd_Chr_CP             text11       007ECE
__end_of_Lcd_Cmd                text13       007DA2
__end_of_Lcd_Init               text12       008000
__end_of_Lcd_Out2               text10       0079C0
__end_of_Led_parlante           text9        007BA6
__end_of_Notificacion           text6        0077C2
__end_of_Notificar_Buzzer       text7        0077E6
__end_of_OSCILLATOR_Initialize  text16       0077F8
__end_of_OpenSPI1               text18       00795E
__end_of_Pines                  text15       007908
__end_of_RXmod_nRF              text5        007866
__end_of_ReadSPI1               text4        00780A
__end_of_Read_Status_nRF        text3        00788E
__end_of_Read_String_nRF        text1        0078C0
__end_of_WriteSPI1              text20       007822
__end_of__initialization        cinit        0077C2
__end_of_delay_1s               text8        007A4E
__end_of_getsSPI1               text2        00783E
__end_of_main                   text0        007AE4
__initialization                cinit        0077C2
__mediumconst                   mediumconst  000000
__pcinit                        cinit        0077C2
__pcstackCOMRAM                 cstackCOMRAM 000001
__ptext0                        text0        007A4E
__ptext1                        text1        00788E
__ptext10                       text10       00795E
__ptext11                       text11       007DA2
__ptext12                       text12       007ECE
__ptext13                       text13       007C7C
__ptext14                       text14       0077AE
__ptext15                       text15       0078C0
__ptext16                       text16       0077E6
__ptext17                       text17       007BA6
__ptext18                       text18       007908
__ptext19                       text19       0077CC
__ptext2                        text2        007822
__ptext20                       text20       00780A
__ptext3                        text3        007866
__ptext4                        text4        0077F8
__ptext5                        text5        00783E
__ptext6                        text6        0077B8
__ptext7                        text7        0077D8
__ptext8                        text8        0079C0
__ptext9                        text9        007AE4
__ramtop                        ramtop       000800
__size_of_FlushRx_nRF           (abs)        000000
__size_of_Ini_nRF               (abs)        000000
__size_of_Initialize            (abs)        000000
__size_of_Lcd_Chr_CP            (abs)        000000
__size_of_Lcd_Cmd               (abs)        000000
__size_of_Lcd_Init              (abs)        000000
__size_of_Lcd_Out2              (abs)        000000
__size_of_Led_parlante          (abs)        000000
__size_of_Notificacion          (abs)        000000
__size_of_Notificar_Buzzer      (abs)        000000
__size_of_OSCILLATOR_Initialize (abs)        000000
__size_of_OpenSPI1              (abs)        000000
__size_of_Pines                 (abs)        000000
__size_of_RXmod_nRF             (abs)        000000
__size_of_ReadSPI1              (abs)        000000
__size_of_Read_Status_nRF       (abs)        000000
__size_of_Read_String_nRF       (abs)        000000
__size_of_WriteSPI1             (abs)        000000
__size_of_delay_1s              (abs)        000000
__size_of_getsSPI1              (abs)        000000
__size_of_main                  (abs)        000000
__smallconst                    smallconst   000000
_delay_1s                       text8        0079C0
_getsSPI1                       text2        007822
_main                           text0        007A4E
end_of_initialization           cinit        0077C2
getsSPI1@length                 cstackCOMRAM 000004
getsSPI1@rdptr                  cstackCOMRAM 000002
intlevel0                       text         000000
intlevel1                       text         000000
intlevel2                       text         000000
intlevel3                       text         000000
main@registro                   cstackCOMRAM 00000A
main@status                     cstackCOMRAM 000016
stackhi                         (abs)        0007FF
stacklo                         (abs)        000060
start                           init         000000
start_initialization            cinit        0077C2


FUNCTION INFORMATION:

 *************** function _main *****************
 Defined at:
		line 20 in file "main.c"
 Parameters:    Size  Location     Type
		None
 Auto vars:     Size  Location     Type
  registro       12    9[COMRAM] unsigned char [12]
  status          2   21[COMRAM] int 
  carro           1    0        unsigned char 
 Return value:  Size  Location     Type
		None               void
 Registers used:
		wreg, fsr2l, fsr2h, status,2, status,0, cstack
 Tracked objects:
		On entry : 
		On exit  : 
		Unchanged: 
 Data sizes:     COMRAM   BANK0   BANK1   BANK2   BANK3   BANK4   BANK5   BANK6   BANK7
      Params:         0       0       0       0       0       0       0       0       0
      Locals:        14       0       0       0       0       0       0       0       0
      Temps:          1       0       0       0       0       0       0       0       0
      Totals:        15       0       0       0       0       0       0       0       0
Total ram usage:       15 bytes
 Hardware stack levels required when called:    3
 This function calls:
		_FlushRx_nRF
		_Ini_nRF
		_Initialize
		_Lcd_Cmd
		_Lcd_Init
		_Lcd_Out2
		_Notificacion
		_RXmod_nRF
		_Read_Status_nRF
		_Read_String_nRF
		_delay_1s
 This function is called by:
		Startup code after reset
 This function uses a non-reentrant model


 *************** function _Read_String_nRF *****************
 Defined at:
		line 150 in file "sensor.c"
 Parameters:    Size  Location     Type
  message         2    4[COMRAM] PTR unsigned char 
		 -> main@registro(12), 
 Auto vars:     Size  Location     Type
		None
 Return value:  Size  Location     Type
		None               void
 Registers used:
		wreg, fsr2l, fsr2h, status,2, status,0, cstack
 Tracked objects:
		On entry : 
		On exit  : 
		Unchanged: 
 Data sizes:     COMRAM   BANK0   BANK1   BANK2   BANK3   BANK4   BANK5   BANK6   BANK7
      Params:         2       0       0       0       0       0       0       0       0
      Locals:         0       0       0       0       0       0       0       0       0
      Temps:          0       0       0       0       0       0       0       0       0
      Totals:         2       0       0       0       0       0       0       0       0
Total ram usage:        2 bytes
 Hardware stack levels used:    1
 Hardware stack levels required when called:    2
 This function calls:
		_WriteSPI1
		_getsSPI1
 This function is called by:
		_main
 This function uses a non-reentrant model


 *************** function _getsSPI1 *****************
 Defined at:
		line 15 in file "/opt/microchip/xc8/v1.32/sources/pic18/plib/SPI/spi1gets.c"
 Parameters:    Size  Location     Type
  rdptr           2    1[COMRAM] PTR unsigned char 
		 -> main@registro(12), 
  length          1    3[COMRAM] unsigned char 
 Auto vars:     Size  Location     Type
		None
 Return value:  Size  Location     Type
		None               void
 Registers used:
		wreg, fsr2l, fsr2h, status,2, status,0, cstack
 Tracked objects:
		On entry : 
		On exit  : 
		Unchanged: 
 Data sizes:     COMRAM   BANK0   BANK1   BANK2   BANK3   BANK4   BANK5   BANK6   BANK7
      Params:         3       0       0       0       0       0       0       0       0
      Locals:         0       0       0       0       0       0       0       0       0
      Temps:          0       0       0       0       0       0       0       0       0
      Totals:         3       0       0       0       0       0       0       0       0
Total ram usage:        3 bytes
 Hardware stack levels used:    1
 Hardware stack levels required when called:    1
 This function calls:
		_ReadSPI1
 This function is called by:
		_Read_String_nRF
 This function uses a non-reentrant model


 *************** function _Read_Status_nRF *****************
 Defined at:
		line 105 in file "sensor.c"
 Parameters:    Size  Location     Type
		None
 Auto vars:     Size  Location     Type
  state           2    5[COMRAM] unsigned int 
 Return value:  Size  Location     Type
                  2    2[COMRAM] int 
 Registers used:
		wreg, status,2, status,0, cstack
 Tracked objects:
		On entry : 
		On exit  : 
		Unchanged: 
 Data sizes:     COMRAM   BANK0   BANK1   BANK2   BANK3   BANK4   BANK5   BANK6   BANK7
      Params:         2       0       0       0       0       0       0       0       0
      Locals:         2       0       0       0       0       0       0       0       0
      Temps:          1       0       0       0       0       0       0       0       0
      Totals:         5       0       0       0       0       0       0       0       0
Total ram usage:        5 bytes
 Hardware stack levels used:    1
 Hardware stack levels required when called:    1
 This function calls:
		_ReadSPI1
		_WriteSPI1
 This function is called by:
		_main
 This function uses a non-reentrant model


 *************** function _ReadSPI1 *****************
 Defined at:
		line 12 in file "/opt/microchip/xc8/v1.32/sources/pic18/plib/SPI/spi1read.c"
 Parameters:    Size  Location     Type
		None
 Auto vars:     Size  Location     Type
  TempVar         1    0[COMRAM] unsigned char 
 Return value:  Size  Location     Type
                  1    wreg      unsigned char 
 Registers used:
		wreg, status,2
 Tracked objects:
		On entry : 
		On exit  : 
		Unchanged: 
 Data sizes:     COMRAM   BANK0   BANK1   BANK2   BANK3   BANK4   BANK5   BANK6   BANK7
      Params:         0       0       0       0       0       0       0       0       0
      Locals:         1       0       0       0       0       0       0       0       0
      Temps:          0       0       0       0       0       0       0       0       0
      Totals:         1       0       0       0       0       0       0       0       0
Total ram usage:        1 bytes
 Hardware stack levels used:    1
 This function calls:
		Nothing
 This function is called by:
		_Read_Status_nRF
		_getsSPI1
		_Read_Char_nRF
 This function uses a non-reentrant model


 *************** function _RXmod_nRF *****************
 Defined at:
		line 76 in file "sensor.c"
 Parameters:    Size  Location     Type
		None
 Auto vars:     Size  Location     Type
		None
 Return value:  Size  Location     Type
		None               void
 Registers used:
		wreg, cstack
 Tracked objects:
		On entry : 
		On exit  : 
		Unchanged: 
 Data sizes:     COMRAM   BANK0   BANK1   BANK2   BANK3   BANK4   BANK5   BANK6   BANK7
      Params:         0       0       0       0       0       0       0       0       0
      Locals:         0       0       0       0       0       0       0       0       0
      Temps:          0       0       0       0       0       0       0       0       0
      Totals:         0       0       0       0       0       0       0       0       0
Total ram usage:        0 bytes
 Hardware stack levels used:    1
 Hardware stack levels required when called:    1
 This function calls:
		_WriteSPI1
 This function is called by:
		_main
 This function uses a non-reentrant model


 *************** function _Notificacion *****************
 Defined at:
		line 109 in file "inicio.c"
 Parameters:    Size  Location     Type
		None
 Auto vars:     Size  Location     Type
		None
 Return value:  Size  Location     Type
		None               void
 Registers used:
		wreg, cstack
 Tracked objects:
		On entry : 
		On exit  : 
		Unchanged: 
 Data sizes:     COMRAM   BANK0   BANK1   BANK2   BANK3   BANK4   BANK5   BANK6   BANK7
      Params:         0       0       0       0       0       0       0       0       0
      Locals:         0       0       0       0       0       0       0       0       0
      Temps:          0       0       0       0       0       0       0       0       0
      Totals:         0       0       0       0       0       0       0       0       0
Total ram usage:        0 bytes
 Hardware stack levels used:    1
 Hardware stack levels required when called:    2
 This function calls:
		_Led_parlante
		_Notificar_Buzzer
 This function is called by:
		_main
 This function uses a non-reentrant model


 *************** function _Notificar_Buzzer *****************
 Defined at:
		line 101 in file "inicio.c"
 Parameters:    Size  Location     Type
		None
 Auto vars:     Size  Location     Type
		None
 Return value:  Size  Location     Type
		None               void
 Registers used:
		wreg, cstack
 Tracked objects:
		On entry : 
		On exit  : 
		Unchanged: 
 Data sizes:     COMRAM   BANK0   BANK1   BANK2   BANK3   BANK4   BANK5   BANK6   BANK7
      Params:         0       0       0       0       0       0       0       0       0
      Locals:         0       0       0       0       0       0       0       0       0
      Temps:          0       0       0       0       0       0       0       0       0
      Totals:         0       0       0       0       0       0       0       0       0
Total ram usage:        0 bytes
 Hardware stack levels used:    1
 Hardware stack levels required when called:    1
 This function calls:
		_delay_1s
 This function is called by:
		_Notificacion
		_Reversa
 This function uses a non-reentrant model


 *************** function _delay_1s *****************
 Defined at:
		line 51 in file "inicio.c"
 Parameters:    Size  Location     Type
		None
 Auto vars:     Size  Location     Type
		None
 Return value:  Size  Location     Type
		None               void
 Registers used:
		wreg
 Tracked objects:
		On entry : 
		On exit  : 
		Unchanged: 
 Data sizes:     COMRAM   BANK0   BANK1   BANK2   BANK3   BANK4   BANK5   BANK6   BANK7
      Params:         0       0       0       0       0       0       0       0       0
      Locals:         0       0       0       0       0       0       0       0       0
      Temps:          1       0       0       0       0       0       0       0       0
      Totals:         1       0       0       0       0       0       0       0       0
Total ram usage:        1 bytes
 Hardware stack levels used:    1
 This function calls:
		Nothing
 This function is called by:
		_Notificar_Buzzer
		_main
 This function uses a non-reentrant model


 *************** function _Led_parlante *****************
 Defined at:
		line 73 in file "inicio.c"
 Parameters:    Size  Location     Type
		None
 Auto vars:     Size  Location     Type
		None
 Return value:  Size  Location     Type
		None               void
 Registers used:
		wreg
 Tracked objects:
		On entry : 
		On exit  : 
		Unchanged: 
 Data sizes:     COMRAM   BANK0   BANK1   BANK2   BANK3   BANK4   BANK5   BANK6   BANK7
      Params:         0       0       0       0       0       0       0       0       0
      Locals:         0       0       0       0       0       0       0       0       0
      Temps:          1       0       0       0       0       0       0       0       0
      Totals:         1       0       0       0       0       0       0       0       0
Total ram usage:        1 bytes
 Hardware stack levels used:    1
 This function calls:
		Nothing
 This function is called by:
		_Notificacion
 This function uses a non-reentrant model


 *************** function _Lcd_Out2 *****************
 Defined at:
		line 138 in file "lcd.h"
 Parameters:    Size  Location     Type
  y               1    wreg     unsigned char 
  x               1    3[COMRAM] unsigned char 
  buffer          2    4[COMRAM] PTR unsigned char 
		 -> main@registro(12), 
 Auto vars:     Size  Location     Type
  y               1    6[COMRAM] unsigned char 
  data            1    7[COMRAM] unsigned char 
 Return value:  Size  Location     Type
		None               void
 Registers used:
		wreg, fsr2l, fsr2h, status,2, status,0, cstack
 Tracked objects:
		On entry : 
		On exit  : 
		Unchanged: 
 Data sizes:     COMRAM   BANK0   BANK1   BANK2   BANK3   BANK4   BANK5   BANK6   BANK7
      Params:         3       0       0       0       0       0       0       0       0
      Locals:         2       0       0       0       0       0       0       0       0
      Temps:          0       0       0       0       0       0       0       0       0
      Totals:         5       0       0       0       0       0       0       0       0
Total ram usage:        5 bytes
 Hardware stack levels used:    1
 Hardware stack levels required when called:    1
 This function calls:
		_Lcd_Chr_CP
		_Lcd_Cmd
 This function is called by:
		_main
 This function uses a non-reentrant model


 *************** function _Lcd_Chr_CP *****************
 Defined at:
		line 159 in file "lcd.h"
 Parameters:    Size  Location     Type
  data            1    wreg     unsigned char 
 Auto vars:     Size  Location     Type
  data            1    2[COMRAM] unsigned char 
 Return value:  Size  Location     Type
		None               void
 Registers used:
		wreg, status,2, status,0
 Tracked objects:
		On entry : 
		On exit  : 
		Unchanged: 
 Data sizes:     COMRAM   BANK0   BANK1   BANK2   BANK3   BANK4   BANK5   BANK6   BANK7
      Params:         0       0       0       0       0       0       0       0       0
      Locals:         1       0       0       0       0       0       0       0       0
      Temps:          2       0       0       0       0       0       0       0       0
      Totals:         3       0       0       0       0       0       0       0       0
Total ram usage:        3 bytes
 Hardware stack levels used:    1
 This function calls:
		Nothing
 This function is called by:
		_Lcd_Out2
		_Lcd_Out
 This function uses a non-reentrant model


 *************** function _Lcd_Init *****************
 Defined at:
		line 70 in file "lcd.h"
 Parameters:    Size  Location     Type
		None
 Auto vars:     Size  Location     Type
  data            1    4[COMRAM] unsigned char 
 Return value:  Size  Location     Type
		None               void
 Registers used:
		wreg, status,2, status,0, cstack
 Tracked objects:
		On entry : 
		On exit  : 
		Unchanged: 
 Data sizes:     COMRAM   BANK0   BANK1   BANK2   BANK3   BANK4   BANK5   BANK6   BANK7
      Params:         0       0       0       0       0       0       0       0       0
      Locals:         1       0       0       0       0       0       0       0       0
      Temps:          1       0       0       0       0       0       0       0       0
      Totals:         2       0       0       0       0       0       0       0       0
Total ram usage:        2 bytes
 Hardware stack levels used:    1
 Hardware stack levels required when called:    1
 This function calls:
		_Lcd_Cmd
 This function is called by:
		_main
 This function uses a non-reentrant model


 *************** function _Lcd_Cmd *****************
 Defined at:
		line 173 in file "lcd.h"
 Parameters:    Size  Location     Type
  data            1    wreg     unsigned char 
 Auto vars:     Size  Location     Type
  data            1    2[COMRAM] unsigned char 
 Return value:  Size  Location     Type
		None               void
 Registers used:
		wreg, status,2, status,0
 Tracked objects:
		On entry : 
		On exit  : 
		Unchanged: 
 Data sizes:     COMRAM   BANK0   BANK1   BANK2   BANK3   BANK4   BANK5   BANK6   BANK7
      Params:         0       0       0       0       0       0       0       0       0
      Locals:         1       0       0       0       0       0       0       0       0
      Temps:          2       0       0       0       0       0       0       0       0
      Totals:         3       0       0       0       0       0       0       0       0
Total ram usage:        3 bytes
 Hardware stack levels used:    1
 This function calls:
		Nothing
 This function is called by:
		_Lcd_Init
		_Lcd_Out2
		_main
		_Lcd_Out
		_lcd_goto
 This function uses a non-reentrant model


 *************** function _Initialize *****************
 Defined at:
		line 9 in file "inicio.c"
 Parameters:    Size  Location     Type
		None
 Auto vars:     Size  Location     Type
		None
 Return value:  Size  Location     Type
		None               void
 Registers used:
		wreg, status,2, cstack
 Tracked objects:
		On entry : 
		On exit  : 
		Unchanged: 
 Data sizes:     COMRAM   BANK0   BANK1   BANK2   BANK3   BANK4   BANK5   BANK6   BANK7
      Params:         0       0       0       0       0       0       0       0       0
      Locals:         0       0       0       0       0       0       0       0       0
      Temps:          0       0       0       0       0       0       0       0       0
      Totals:         0       0       0       0       0       0       0       0       0
Total ram usage:        0 bytes
 Hardware stack levels used:    1
 Hardware stack levels required when called:    1
 This function calls:
		_OSCILLATOR_Initialize
		_Pines
 This function is called by:
		_main
 This function uses a non-reentrant model


 *************** function _Pines *****************
 Defined at:
		line 32 in file "inicio.c"
 Parameters:    Size  Location     Type
		None
 Auto vars:     Size  Location     Type
		None
 Return value:  Size  Location     Type
		None               void
 Registers used:
		wreg, status,2
 Tracked objects:
		On entry : 
		On exit  : 
		Unchanged: 
 Data sizes:     COMRAM   BANK0   BANK1   BANK2   BANK3   BANK4   BANK5   BANK6   BANK7
      Params:         0       0       0       0       0       0       0       0       0
      Locals:         0       0       0       0       0       0       0       0       0
      Temps:          0       0       0       0       0       0       0       0       0
      Totals:         0       0       0       0       0       0       0       0       0
Total ram usage:        0 bytes
 Hardware stack levels used:    1
 This function calls:
		Nothing
 This function is called by:
		_Initialize
 This function uses a non-reentrant model


 *************** function _OSCILLATOR_Initialize *****************
 Defined at:
		line 20 in file "inicio.c"
 Parameters:    Size  Location     Type
		None
 Auto vars:     Size  Location     Type
		None
 Return value:  Size  Location     Type
		None               void
 Registers used:
		wreg, status,2
 Tracked objects:
		On entry : 
		On exit  : 
		Unchanged: 
 Data sizes:     COMRAM   BANK0   BANK1   BANK2   BANK3   BANK4   BANK5   BANK6   BANK7
      Params:         0       0       0       0       0       0       0       0       0
      Locals:         0       0       0       0       0       0       0       0       0
      Temps:          0       0       0       0       0       0       0       0       0
      Totals:         0       0       0       0       0       0       0       0       0
Total ram usage:        0 bytes
 Hardware stack levels used:    1
 This function calls:
		Nothing
 This function is called by:
		_Initialize
 This function uses a non-reentrant model


 *************** function _Ini_nRF *****************
 Defined at:
		line 11 in file "sensor.c"
 Parameters:    Size  Location     Type
		None
 Auto vars:     Size  Location     Type
		None
 Return value:  Size  Location     Type
		None               void
 Registers used:
		wreg, status,2, status,0, cstack
 Tracked objects:
		On entry : 
		On exit  : 
		Unchanged: 
 Data sizes:     COMRAM   BANK0   BANK1   BANK2   BANK3   BANK4   BANK5   BANK6   BANK7
      Params:         0       0       0       0       0       0       0       0       0
      Locals:         0       0       0       0       0       0       0       0       0
      Temps:          1       0       0       0       0       0       0       0       0
      Totals:         1       0       0       0       0       0       0       0       0
Total ram usage:        1 bytes
 Hardware stack levels used:    1
 Hardware stack levels required when called:    1
 This function calls:
		_OpenSPI1
		_WriteSPI1
 This function is called by:
		_main
 This function uses a non-reentrant model


 *************** function _OpenSPI1 *****************
 Defined at:
		line 63 in file "/opt/microchip/xc8/v1.32/sources/pic18/plib/SPI/spi1open.c"
 Parameters:    Size  Location     Type
  sync_mode       1    wreg     unsigned char 
  bus_mode        1    0[COMRAM] unsigned char 
  smp_phase       1    1[COMRAM] unsigned char 
 Auto vars:     Size  Location     Type
  sync_mode       1    2[COMRAM] unsigned char 
 Return value:  Size  Location     Type
		None               void
 Registers used:
		wreg, status,2, status,0
 Tracked objects:
		On entry : 
		On exit  : 
		Unchanged: 
 Data sizes:     COMRAM   BANK0   BANK1   BANK2   BANK3   BANK4   BANK5   BANK6   BANK7
      Params:         2       0       0       0       0       0       0       0       0
      Locals:         1       0       0       0       0       0       0       0       0
      Temps:          0       0       0       0       0       0       0       0       0
      Totals:         3       0       0       0       0       0       0       0       0
Total ram usage:        3 bytes
 Hardware stack levels used:    1
 This function calls:
		Nothing
 This function is called by:
		_Ini_nRF
 This function uses a non-reentrant model


 *************** function _FlushRx_nRF *****************
 Defined at:
		line 182 in file "sensor.c"
 Parameters:    Size  Location     Type
		None
 Auto vars:     Size  Location     Type
		None
 Return value:  Size  Location     Type
		None               void
 Registers used:
		wreg, cstack
 Tracked objects:
		On entry : 
		On exit  : 
		Unchanged: 
 Data sizes:     COMRAM   BANK0   BANK1   BANK2   BANK3   BANK4   BANK5   BANK6   BANK7
      Params:         0       0       0       0       0       0       0       0       0
      Locals:         0       0       0       0       0       0       0       0       0
      Temps:          0       0       0       0       0       0       0       0       0
      Totals:         0       0       0       0       0       0       0       0       0
Total ram usage:        0 bytes
 Hardware stack levels used:    1
 Hardware stack levels required when called:    1
 This function calls:
		_WriteSPI1
 This function is called by:
		_main
 This function uses a non-reentrant model


 *************** function _WriteSPI1 *****************
 Defined at:
		line 13 in file "/opt/microchip/xc8/v1.32/sources/pic18/plib/SPI/spi1writ.c"
 Parameters:    Size  Location     Type
  data_out        1    wreg     unsigned char 
 Auto vars:     Size  Location     Type
  data_out        1    1[COMRAM] unsigned char 
  TempVar         1    0[COMRAM] unsigned char 
 Return value:  Size  Location     Type
                  1    wreg      char 
 Registers used:
		wreg
 Tracked objects:
		On entry : 
		On exit  : 
		Unchanged: 
 Data sizes:     COMRAM   BANK0   BANK1   BANK2   BANK3   BANK4   BANK5   BANK6   BANK7
      Params:         0       0       0       0       0       0       0       0       0
      Locals:         2       0       0       0       0       0       0       0       0
      Temps:          0       0       0       0       0       0       0       0       0
      Totals:         2       0       0       0       0       0       0       0       0
Total ram usage:        2 bytes
 Hardware stack levels used:    1
 This function calls:
		Nothing
 This function is called by:
		_Ini_nRF
		_RXmod_nRF
		_Read_Status_nRF
		_Read_String_nRF
		_FlushRx_nRF
		_TXmod_nRF
		_Clear_Status_nRF
		_Read_Char_nRF
		_Write_Char_nRF
		_Write_String_nRF
		_FlushTx_nRF
 This function uses a non-reentrant model



MODULE INFORMATION

Module		Function		Class		Link	Load	Size
/opt/microchip/xc8/v1.32/sources/pic18/plib/SPI/spi1gets.c
		_getsSPI1      		CODE           	7822	0000	28

/opt/microchip/xc8/v1.32/sources/pic18/plib/SPI/spi1gets.c estimated size: 28

sensor.c
		_Read_String_nR		CODE           	788E	0000	50
		_Read_Status_nR		CODE           	7866	0000	40
		_Ini_nRF       		CODE           	7BA6	0000	214
		_RXmod_nRF     		CODE           	783E	0000	40
		_FlushRx_nRF   		CODE           	77CC	0000	12

sensor.c estimated size: 356

/opt/microchip/xc8/v1.32/sources/pic18/plib/SPI/spi1open.c
		_OpenSPI1      		CODE           	7908	0000	86

/opt/microchip/xc8/v1.32/sources/pic18/plib/SPI/spi1open.c estimated size: 86

inicio.c
		_Notificacion  		CODE           	77B8	0000	10
		_Notificar_Buzz		CODE           	77D8	0000	14
		_Pines         		CODE           	78C0	0000	72
		_Initialize    		CODE           	77AE	0000	10
		_delay_1s      		CODE           	79C0	0000	142
		_Led_parlante  		CODE           	7AE4	0000	194
		_OSCILLATOR_Ini		CODE           	77E6	0000	18

inicio.c estimated size: 460

/opt/microchip/xc8/v1.32/sources/pic18/plib/SPI/spi1writ.c
		_WriteSPI1     		CODE           	780A	0000	24

/opt/microchip/xc8/v1.32/sources/pic18/plib/SPI/spi1writ.c estimated size: 24

shared
		__initializatio		CODE           	77C2	0000	0

shared estimated size: 0

/opt/microchip/xc8/v1.32/sources/pic18/plib/SPI/spi1read.c
		_ReadSPI1      		CODE           	77F8	0000	18

/opt/microchip/xc8/v1.32/sources/pic18/plib/SPI/spi1read.c estimated size: 18

lcd.h
		_Lcd_Init      		CODE           	7ECE	0000	306
		_Lcd_Out2      		CODE           	795E	0000	98
		_Lcd_Chr_CP    		CODE           	7DA2	0000	300
		_Lcd_Cmd       		CODE           	7C7C	0000	294

lcd.h estimated size: 998

main.c
		_main          		CODE           	7A4E	0000	150

main.c estimated size: 150

