Microchip MPLAB XC8 Compiler V2.00 ()

Linker command line:

-W-3 --edf=/opt/microchip/xc8/v2.00/pic/dat/en_msgs.txt -cs \
  -h+dist/default/production/URM37.X.production.sym \
  --cmf=dist/default/production/URM37.X.production.cmf -z -Q18F45K50 \
  -o/tmp/xcX8FDHkS --defsym=__MPLAB_BUILD=1 \
  -Mdist/default/production/URM37.X.production.map -E1 -ver=XC8 \
  --acfsm=1493 -ASTACK=060h-07ffh -pstack=STACK -ACODE=00h-07FFFh \
  -ACONST=00h-07FFFh -ASMALLCONST=0800h-08FFhx120 \
  -AMEDIUMCONST=0800h-07FFFh -ACOMRAM=01h-05Fh -AABS1=00h-07FFh \
  -ABIGRAM=01h-07FFh -ARAM=060h-0FFh,0100h-01FFhx7 -ABANK0=060h-0FFh \
  -ABANK1=0100h-01FFh -ABANK2=0200h-02FFh -ABANK3=0300h-03FFh \
  -ABANK4=0400h-04FFh -ABANK5=0500h-05FFh -ABANK6=0600h-06FFh \
  -ABANK7=0700h-07FFh -ASFR=0F53h-0F5Fh,0F60h-0FFFh \
  -preset_vec=00h,intcode,intcodelo,powerup,init -pramtop=0800h \
  -psmallconst=SMALLCONST -pmediumconst=MEDIUMCONST -pconst=CONST \
  -AFARRAM=00h-00h -ACONFIG=0300000h-030000Dh -pconfig=CONFIG \
  -AIDLOC=0200000h-0200007h -pidloc=IDLOC -AEEDATA=0F00000h-0F000FFh \
  -peeprom_data=EEDATA \
  -prdata=COMRAM,nvrram=COMRAM,nvbit=COMRAM,rbss=COMRAM,rbit=COMRAM \
  -pfarbss=FARRAM,fardata=FARRAM,nvFARRAM=FARRAM \
  -pintsave_regs=BIGRAM,bigbss=BIGRAM,bigdata=BIGRAM -pbss=RAM \
  -pidata=CODE,irdata=CODE,ibigdata=CODE,ifardata=CODE -prparam=COMRAM \
  /tmp/xcXHz5gOe.o dist/default/production/URM37.X.production.o 

Object code version is 3.11

Machine type is 18F45K50

Call graph: (short form)




                Name                               Link     Load   Length Selector   Space Scale
/tmp/xcXHz5gOe.o
                init                                  0        0        4        0       0
                idloc                            200000   200000        8   200000       0
                config                           300000   300000        E   300000       0
dist/default/production/URM37.X.production.o
                smallconst                          800      800       48      400       0
                text26                             1344     1344      12A      424       0
                text25                             10C6     10C6      14E      424       0
                text24                             1214     1214      130      424       0
                text23                             169E     169E       9A      424       0
                text22                             1AD0     1AD0        A      424       0
                text21                             1AC6     1AC6        A      424       0
                text20                             1ABC     1ABC        A      424       0
                text19                             199E     199E       3E      424       0
                text18                             1A8E     1A8E       12      424       0
                text17                             195C     195C       42      424       0
                text16                             1AAE     1AAE        E      424       0
                text15                             1A14     1A14       32      424       0
                text14                             1A70     1A70       1E      424       0
                text13                             19DC     19DC       38      424       0
                text12                             1738     1738       88      424       0
                text11                             146E     146E       C8      424       0
                text10                             17C0     17C0       78      424       0
                text9                              1ADA     1ADA        2      424       0
                text8                               848      848      3FA      424       0
                text7                              1916     1916       46      424       0
                text6                              18AA     18AA       6C      424       0
                text5                              1536     1536       B8      424       0
                text4                              1838     1838       72      424       0
                text3                               E84      E84      242      424       0
                text2                               C42      C42      242      424       0
                text1                              1A46     1A46       2A      424       0
                text0                              15EE     15EE       B0      424       0
                cstackCOMRAM                          1        1       33        1       1
                bssCOMRAM                            3A       3A        2        1       1
                cinit                              1AA0     1AA0        E      424       0
                nvCOMRAM                             34       34        6        1       1

TOTAL           Name                               Link     Load   Length     Space
        CLASS   STACK          

        CLASS   CODE           
                init                                  0        0        4         0
                text26                             1344     1344      12A         0
                text25                             10C6     10C6      14E         0
                text24                             1214     1214      130         0
                text23                             169E     169E       9A         0
                text22                             1AD0     1AD0        A         0
                text21                             1AC6     1AC6        A         0
                text20                             1ABC     1ABC        A         0
                text19                             199E     199E       3E         0
                text18                             1A8E     1A8E       12         0
                text17                             195C     195C       42         0
                text16                             1AAE     1AAE        E         0
                text15                             1A14     1A14       32         0
                text14                             1A70     1A70       1E         0
                text13                             19DC     19DC       38         0
                text12                             1738     1738       88         0
                text11                             146E     146E       C8         0
                text10                             17C0     17C0       78         0
                text9                              1ADA     1ADA        2         0
                text8                               848      848      3FA         0
                text7                              1916     1916       46         0
                text6                              18AA     18AA       6C         0
                text5                              1536     1536       B8         0
                text4                              1838     1838       72         0
                text3                               E84      E84      242         0
                text2                               C42      C42      242         0
                text1                              1A46     1A46       2A         0
                text0                              15EE     15EE       B0         0
                cinit                              1AA0     1AA0        E         0

        CLASS   CONST          

        CLASS   SMALLCONST     
                smallconst                          800      800       48         0

        CLASS   MEDIUMCONST    

        CLASS   COMRAM         
                cstackCOMRAM                          1        1       33         1
                bssCOMRAM                            3A       3A        2         1
                nvCOMRAM                             34       34        6         1

        CLASS   ABS1           

        CLASS   BIGRAM         

        CLASS   RAM            

        CLASS   BANK0          

        CLASS   BANK1          

        CLASS   BANK2          

        CLASS   BANK3          

        CLASS   BANK4          

        CLASS   BANK5          

        CLASS   BANK6          

        CLASS   BANK7          

        CLASS   SFR            

        CLASS   FARRAM         

        CLASS   CONFIG         
                config                           300000   300000        E         0

        CLASS   IDLOC          
                idloc                            200000   200000        8         0

        CLASS   EEDATA         



SEGMENTS        Name                           Load    Length   Top    Selector   Space  Class

                reset_vec                      000000  000004  000004         0       0  CODE    
                cstackCOMRAM                   000001  00003B  00003C         1       1  COMRAM  
                smallconst                     000800  000048  000848       400       0  SMALLCON
                text8                          000848  001294  001ADC       424       0  CODE    
                idloc                          200000  000008  200008    200000       0  IDLOC   
                config                         300000  00000E  30000E    300000       0  CONFIG  


UNUSED ADDRESS RANGES

        Name                Unused          Largest block    Delta
        BANK0            000060-0000FF               A0
        BANK1            000100-0001FF              100
        BANK2            000200-0002FF              100
        BANK3            000300-0003FF              100
        BANK4            000400-0004FF              100
        BANK5            000500-0005FF              100
        BANK6            000600-0006FF              100
        BANK7            000700-0007FF              100
        BIGRAM           00003C-0007FF              7C4
        CODE             000004-0007FF              7FC
                         001ADC-007FFF             6524
        COMRAM           00003C-00005F               24
        CONST            000004-0007FF              7FC
                         001ADC-007FFF             6524
        EEDATA           F00000-F000FF              100
        MEDIUMCONST      001ADC-007FFF             6524
        RAM              000060-0007FF              100
        SFR              000F53-000FFF                D
        SMALLCONST       001ADC-007FFF              100
        STACK            000060-0007FF              7A0

                                  Symbol Table

?_Ultrasonic                                    cstackCOMRAM 000008
?___lldiv                                       cstackCOMRAM 000001
?___lmul                                        cstackCOMRAM 000001
?___lwdiv                                       cstackCOMRAM 000001
?___lwmod                                       cstackCOMRAM 000008
?__doprnt                                       cstackCOMRAM 00000D
?_sprintf                                       cstackCOMRAM 00001A
EUSART1_SetErrorHandler@interruptHandler        cstackCOMRAM 000001
EUSART1_SetFramingErrorHandler@interruptHandler cstackCOMRAM 000001
EUSART1_SetOverrunErrorHandler@interruptHandler cstackCOMRAM 000001
EUSART1_Write@txData                            cstackCOMRAM 000001
Lcd_Chr_CP@data                                 cstackCOMRAM 000003
Lcd_Cmd@data                                    cstackCOMRAM 000003
Lcd_Init@data                                   cstackCOMRAM 000005
Lcd_Out2@buffer                                 cstackCOMRAM 000005
Lcd_Out2@data                                   cstackCOMRAM 000008
Lcd_Out2@x                                      cstackCOMRAM 000004
Lcd_Out2@y                                      cstackCOMRAM 000007
PWM_CCP1@AuxCCP2CON                             cstackCOMRAM 000018
PWM_CCP1@AuxCCPR2L                              cstackCOMRAM 00001E
PWM_CCP1@PR2cal                                 cstackCOMRAM 00001A
PWM_CCP1@duty                                   cstackCOMRAM 00000E
PWM_CCP1@fpwm                                   cstackCOMRAM 000010
PWM_CCP1@prescalador                            cstackCOMRAM 000016
PWM_CCP2@AuxCCP2CON                             cstackCOMRAM 000018
PWM_CCP2@AuxCCPR2L                              cstackCOMRAM 00001E
PWM_CCP2@PR2cal                                 cstackCOMRAM 00001A
PWM_CCP2@duty                                   cstackCOMRAM 00000E
PWM_CCP2@fpwm                                   cstackCOMRAM 000010
PWM_CCP2@prescalador                            cstackCOMRAM 000016
UART_print@cadena                               cstackCOMRAM 000002
Ultrasonic@conteo                               cstackCOMRAM 00000E
Ultrasonic@distancia                            cstackCOMRAM 00000C
_ACTCON                                         (abs)        000FB5
_ANSELA                                         (abs)        000F5B
_ANSELB                                         (abs)        000F5C
_ANSELC                                         (abs)        000F5D
_ANSELD                                         (abs)        000F5E
_ANSELE                                         (abs)        000F5F
_BAUDCON1                                       (abs)        000FB8
_CCP1CON                                        (abs)        000FBD
_CCP2CON                                        (abs)        000F97
_CCPR1L                                         (abs)        000FBE
_CCPR2L                                         (abs)        000F90
_EUSART1_DefaultErrorHandler                    (abs)        000000
_EUSART1_DefaultFramingErrorHandler             (abs)        000000
_EUSART1_DefaultOverrunErrorHandler             (abs)        000000
_EUSART1_ErrorHandler                           nvCOMRAM     000034
_EUSART1_FramingErrorHandler                    nvCOMRAM     000038
_EUSART1_Initialize                             text19       00199E
_EUSART1_OverrunErrorHandler                    nvCOMRAM     000036
_EUSART1_Read                                   (abs)        000000
_EUSART1_SetErrorHandler                        text22       001AD0
_EUSART1_SetFramingErrorHandler                 text21       001AC6
_EUSART1_SetOverrunErrorHandler                 text20       001ABC
_EUSART1_Write                                  text14       001A70
_EUSART1_is_rx_ready                            (abs)        000000
_EUSART1_is_tx_done                             (abs)        000000
_EUSART1_is_tx_ready                            (abs)        000000
_INTCON2bits                                    (abs)        000FF1
_INTCONbits                                     (abs)        000FF2
_LATA                                           (abs)        000F89
_LATB                                           (abs)        000F8A
_LATBbits                                       (abs)        000F8A
_LATC                                           (abs)        000F8B
_LATD                                           (abs)        000F8C
_LATE                                           (abs)        000F8D
_LATEbits                                       (abs)        000F8D
_Lcd_Chr_CP                                     text24       001214
_Lcd_Cmd                                        text26       001344
_Lcd_Init                                       text25       0010C6
_Lcd_Out2                                       text23       00169E
_OSCCON                                         (abs)        000FD3
_OSCCON2                                        (abs)        000FD2
_OSCILLATOR_Initialize                          text18       001A8E
_OSCTUNE                                        (abs)        000F9B
_PIN_MANAGER_Initialize                         text17       00195C
_PIR1bits                                       (abs)        000F9E
_PORTBbits                                      (abs)        000F81
_PORTDbits                                      (abs)        000F83
_PR2                                            (abs)        000FBB
_PWM_CCP1                                       text3        000E84
_PWM_CCP2                                       text2        000C42
_RCONbits                                       (abs)        000FD0
_RCREG1                                         (abs)        000FAE
_RCSTA1                                         (abs)        000FAB
_RCSTA1bits                                     (abs)        000FAB
_SPBRG1                                         (abs)        000FAF
_SPBRGH1                                        (abs)        000FB0
_SYSTEM_Initialize                              text16       001AAE
_Sound                                          text15       001A14
_T1CON                                          (abs)        000FCD
_T2CON                                          (abs)        000FBA
_T2CONbits                                      (abs)        000FBA
_TMR1H                                          (abs)        000FCF
_TMR1IF                                         (abs)        007CF0
_TMR1L                                          (abs)        000FCE
_TMR1ON                                         (abs)        007E68
_TMR2                                           (abs)        000FBC
_TRISA                                          (abs)        000F92
_TRISB                                          (abs)        000F93
_TRISC                                          (abs)        000F94
_TRISCbits                                      (abs)        000F94
_TRISD                                          (abs)        000F95
_TRISDbits                                      (abs)        000F95
_TRISE                                          (abs)        000F96
_TXREG1                                         (abs)        000FAD
_TXSTA1                                         (abs)        000FAC
_TXSTA1bits                                     (abs)        000FAC
_UART_print                                     text13       0019DC
_Ultrasonic                                     text11       00146E
_WPUB                                           (abs)        000F85
__CFG_BOREN$SBORDIS                             (abs)        000000
__CFG_BORV$190                                  (abs)        000000
__CFG_CCP2MX$RC1                                (abs)        000000
__CFG_CFGPLLEN$OFF                              (abs)        000000
__CFG_CP0$OFF                                   (abs)        000000
__CFG_CP1$OFF                                   (abs)        000000
__CFG_CP2$OFF                                   (abs)        000000
__CFG_CP3$OFF                                   (abs)        000000
__CFG_CPB$OFF                                   (abs)        000000
__CFG_CPD$OFF                                   (abs)        000000
__CFG_CPUDIV$NOCLKDIV                           (abs)        000000
__CFG_DEBUG$OFF                                 (abs)        000000
__CFG_EBTR0$OFF                                 (abs)        000000
__CFG_EBTR1$OFF                                 (abs)        000000
__CFG_EBTR2$OFF                                 (abs)        000000
__CFG_EBTR3$OFF                                 (abs)        000000
__CFG_EBTRB$OFF                                 (abs)        000000
__CFG_FCMEN$OFF                                 (abs)        000000
__CFG_FOSC$INTOSCIO                             (abs)        000000
__CFG_ICPRT$OFF                                 (abs)        000000
__CFG_IESO$OFF                                  (abs)        000000
__CFG_LS48MHZ$SYS24X4                           (abs)        000000
__CFG_LVP$OFF                                   (abs)        000000
__CFG_MCLRE$ON                                  (abs)        000000
__CFG_PBADEN$ON                                 (abs)        000000
__CFG_PCLKEN$ON                                 (abs)        000000
__CFG_PLLSEL$PLL4X                              (abs)        000000
__CFG_SDOMX$RB3                                 (abs)        000000
__CFG_STVREN$ON                                 (abs)        000000
__CFG_T3CMX$RC0                                 (abs)        000000
__CFG_WDTEN$OFF                                 (abs)        000000
__CFG_WDTPS$32768                               (abs)        000000
__CFG_WRT0$OFF                                  (abs)        000000
__CFG_WRT1$OFF                                  (abs)        000000
__CFG_WRT2$OFF                                  (abs)        000000
__CFG_WRT3$OFF                                  (abs)        000000
__CFG_WRTB$OFF                                  (abs)        000000
__CFG_WRTC$OFF                                  (abs)        000000
__CFG_WRTD$OFF                                  (abs)        000000
__CFG_XINST$OFF                                 (abs)        000000
__CFG_nLPBOR$OFF                                (abs)        000000
__CFG_nPWRTEN$OFF                               (abs)        000000
__HRAM                                          (abs)        000000
__Habs1                                         abs1         000000
__Hbank0                                        bank0        000000
__Hbank1                                        bank1        000000
__Hbank2                                        bank2        000000
__Hbank3                                        bank3        000000
__Hbank4                                        bank4        000000
__Hbank5                                        bank5        000000
__Hbank6                                        bank6        000000
__Hbank7                                        bank7        000000
__Hbigbss                                       bigbss       000000
__Hbigdata                                      bigdata      000000
__Hbigram                                       bigram       000000
__Hbss                                          bss          000000
__HbssCOMRAM                                    bssCOMRAM    000000
__Hcinit                                        cinit        000000
__Hclrtext                                      clrtext      000000
__Hcomram                                       comram       000000
__Hconfig                                       config       30000E
__Hconst                                        const        000000
__HcstackCOMRAM                                 cstackCOMRAM 000000
__Hdata                                         data         000000
__Heeprom_data                                  eeprom_data  000000
__Hfarbss                                       farbss       000000
__Hfardata                                      fardata      000000
__Hibigdata                                     ibigdata     000000
__Hidata                                        idata        000000
__Hidloc                                        idloc        200008
__Hifardata                                     ifardata     000000
__Hinit                                         init         000004
__Hintcode                                      intcode      000000
__Hintcode_body                                 intcode_body 000000
__Hintcodelo                                    intcodelo    000000
__Hintentry                                     intentry     000000
__Hintret                                       intret       000000
__Hintsave_regs                                 intsave_regs 000000
__Hirdata                                       irdata       000000
__Hmediumconst                                  mediumconst  000000
__HnvCOMRAM                                     nvCOMRAM     000000
__HnvFARRAM                                     nvFARRAM     000000
__Hnvbit                                        nvbit        000000
__Hnvrram                                       nvrram       000000
__Hparam                                        rparam       000000
__Hpowerup                                      powerup      000000
__Hram                                          ram          000000
__Hramtop                                       ramtop       000800
__Hrbit                                         rbit         000000
__Hrbss                                         rbss         000000
__Hrdata                                        rdata        000000
__Hreset_vec                                    reset_vec    000000
__Hrparam                                       rparam       000000
__Hsfr                                          sfr          000000
__Hsmallconst                                   smallconst   000848
__Hspace_0                                      (abs)        30000E
__Hspace_1                                      (abs)        00003C
__Hspace_2                                      (abs)        000000
__Hstack                                        stack        000000
__Hstruct                                       struct       000000
__Htemp                                         temp         000000
__Htext                                         text         000000
__Htext0                                        text0        000000
__Htext1                                        text1        000000
__Htext10                                       text10       000000
__Htext11                                       text11       000000
__Htext12                                       text12       000000
__Htext13                                       text13       000000
__Htext14                                       text14       000000
__Htext15                                       text15       000000
__Htext16                                       text16       000000
__Htext17                                       text17       000000
__Htext18                                       text18       000000
__Htext19                                       text19       000000
__Htext2                                        text2        000000
__Htext20                                       text20       000000
__Htext21                                       text21       000000
__Htext22                                       text22       000000
__Htext23                                       text23       000000
__Htext24                                       text24       000000
__Htext25                                       text25       000000
__Htext26                                       text26       000000
__Htext27                                       text27       000000
__Htext3                                        text3        000000
__Htext4                                        text4        000000
__Htext5                                        text5        000000
__Htext6                                        text6        000000
__Htext7                                        text7        000000
__Htext8                                        text8        000000
__Htext9                                        text9        000000
__LRAM                                          (abs)        000001
__Labs1                                         abs1         000000
__Lbank0                                        bank0        000000
__Lbank1                                        bank1        000000
__Lbank2                                        bank2        000000
__Lbank3                                        bank3        000000
__Lbank4                                        bank4        000000
__Lbank5                                        bank5        000000
__Lbank6                                        bank6        000000
__Lbank7                                        bank7        000000
__Lbigbss                                       bigbss       000000
__Lbigdata                                      bigdata      000000
__Lbigram                                       bigram       000000
__Lbss                                          bss          000000
__LbssCOMRAM                                    bssCOMRAM    000000
__Lcinit                                        cinit        000000
__Lclrtext                                      clrtext      000000
__Lcomram                                       comram       000000
__Lconfig                                       config       300000
__Lconst                                        const        000000
__LcstackCOMRAM                                 cstackCOMRAM 000000
__Ldata                                         data         000000
__Leeprom_data                                  eeprom_data  000000
__Lfarbss                                       farbss       000000
__Lfardata                                      fardata      000000
__Libigdata                                     ibigdata     000000
__Lidata                                        idata        000000
__Lidloc                                        idloc        200000
__Lifardata                                     ifardata     000000
__Linit                                         init         000000
__Lintcode                                      intcode      000000
__Lintcode_body                                 intcode_body 000000
__Lintcodelo                                    intcodelo    000000
__Lintentry                                     intentry     000000
__Lintret                                       intret       000000
__Lintsave_regs                                 intsave_regs 000000
__Lirdata                                       irdata       000000
__Lmediumconst                                  mediumconst  000000
__LnvCOMRAM                                     nvCOMRAM     000000
__LnvFARRAM                                     nvFARRAM     000000
__Lnvbit                                        nvbit        000000
__Lnvrram                                       nvrram       000000
__Lparam                                        rparam       000000
__Lpowerup                                      powerup      000000
__Lram                                          ram          000000
__Lramtop                                       ramtop       000800
__Lrbit                                         rbit         000000
__Lrbss                                         rbss         000000
__Lrdata                                        rdata        000000
__Lreset_vec                                    reset_vec    000000
__Lrparam                                       rparam       000000
__Lsfr                                          sfr          000000
__Lsmallconst                                   smallconst   000800
__Lspace_0                                      (abs)        000000
__Lspace_1                                      (abs)        000000
__Lspace_2                                      (abs)        000000
__Lstack                                        stack        000000
__Lstruct                                       struct       000000
__Ltemp                                         temp         000000
__Ltext                                         text         000000
__Ltext0                                        text0        000000
__Ltext1                                        text1        000000
__Ltext10                                       text10       000000
__Ltext11                                       text11       000000
__Ltext12                                       text12       000000
__Ltext13                                       text13       000000
__Ltext14                                       text14       000000
__Ltext15                                       text15       000000
__Ltext16                                       text16       000000
__Ltext17                                       text17       000000
__Ltext18                                       text18       000000
__Ltext19                                       text19       000000
__Ltext2                                        text2        000000
__Ltext20                                       text20       000000
__Ltext21                                       text21       000000
__Ltext22                                       text22       000000
__Ltext23                                       text23       000000
__Ltext24                                       text24       000000
__Ltext25                                       text25       000000
__Ltext26                                       text26       000000
__Ltext27                                       text27       000000
__Ltext3                                        text3        000000
__Ltext4                                        text4        000000
__Ltext5                                        text5        000000
__Ltext6                                        text6        000000
__Ltext7                                        text7        000000
__Ltext8                                        text8        000000
__Ltext9                                        text9        000000
__S0                                            (abs)        30000E
__S1                                            (abs)        00003C
__S2                                            (abs)        000000
___inthi_sp                                     stack        000000
___intlo_sp                                     stack        000000
___lldiv                                        text5        001536
___lldiv@counter                                cstackCOMRAM 00000D
___lldiv@dividend                               cstackCOMRAM 000001
___lldiv@divisor                                cstackCOMRAM 000005
___lldiv@quotient                               cstackCOMRAM 000009
___lmul                                         text4        001838
___lmul@multiplicand                            cstackCOMRAM 000005
___lmul@multiplier                              cstackCOMRAM 000001
___lmul@product                                 cstackCOMRAM 000009
___lwdiv                                        text12       001738
___lwdiv@counter                                cstackCOMRAM 000007
___lwdiv@dividend                               cstackCOMRAM 000001
___lwdiv@divisor                                cstackCOMRAM 000003
___lwdiv@quotient                               cstackCOMRAM 000005
___lwmod                                        text10       0017C0
___lwmod@counter                                cstackCOMRAM 00000C
___lwmod@dividend                               cstackCOMRAM 000008
___lwmod@divisor                                cstackCOMRAM 00000A
___param_bank                                   (abs)        000000
___rparam_used                                  (abs)        000001
___sp                                           stack        000000
__accesstop                                     (abs)        000060
__activetblptr                                  (abs)        000002
__doprnt                                        text8        000848
__doprnt@ap                                     cstackCOMRAM 000011
__doprnt@c                                      cstackCOMRAM 000019
__doprnt@f                                      cstackCOMRAM 00000F
__doprnt@flag                                   cstackCOMRAM 000015
__doprnt@pb                                     cstackCOMRAM 00000D
__doprnt@prec                                   cstackCOMRAM 000016
__doprnt@val                                    cstackCOMRAM 000017
__end_of_EUSART1_Initialize                     text19       0019DC
__end_of_EUSART1_SetErrorHandler                text22       001ADA
__end_of_EUSART1_SetFramingErrorHandler         text21       001AD0
__end_of_EUSART1_SetOverrunErrorHandler         text20       001AC6
__end_of_EUSART1_Write                          text14       001A8E
__end_of_Lcd_Chr_CP                             text24       001344
__end_of_Lcd_Cmd                                text26       00146E
__end_of_Lcd_Init                               text25       001214
__end_of_Lcd_Out2                               text23       001738
__end_of_OSCILLATOR_Initialize                  text18       001AA0
__end_of_PIN_MANAGER_Initialize                 text17       00199E
__end_of_PWM_CCP1                               text3        0010C6
__end_of_PWM_CCP2                               text2        000E84
__end_of_SYSTEM_Initialize                      text16       001ABC
__end_of_Sound                                  text15       001A46
__end_of_UART_print                             text13       001A14
__end_of_Ultrasonic                             text11       001536
__end_of___lldiv                                text5        0015EE
__end_of___lmul                                 text4        0018AA
__end_of___lwdiv                                text12       0017C0
__end_of___lwmod                                text10       001838
__end_of__doprnt                                text8        000C42
__end_of__initialization                        cinit        001AA4
__end_of_dpowers                                smallconst   000817
__end_of_main                                   text0        00169E
__end_of_putch                                  text9        001ADC
__end_of_sprintf                                text7        00195C
__end_of_strcat                                 text6        001916
__end_of_uart                                   smallconst   00080D
__end_of_velocidad_3                            text1        001A70
__initialization                                cinit        001AA0
__mediumconst                                   mediumconst  000000
__pbssCOMRAM                                    bssCOMRAM    00003A
__pcinit                                        cinit        001AA0
__pcstackCOMRAM                                 cstackCOMRAM 000001
__pnvCOMRAM                                     nvCOMRAM     000034
__psmallconst                                   smallconst   000800
__ptext0                                        text0        0015EE
__ptext1                                        text1        001A46
__ptext10                                       text10       0017C0
__ptext11                                       text11       00146E
__ptext12                                       text12       001738
__ptext13                                       text13       0019DC
__ptext14                                       text14       001A70
__ptext15                                       text15       001A14
__ptext16                                       text16       001AAE
__ptext17                                       text17       00195C
__ptext18                                       text18       001A8E
__ptext19                                       text19       00199E
__ptext2                                        text2        000C42
__ptext20                                       text20       001ABC
__ptext21                                       text21       001AC6
__ptext22                                       text22       001AD0
__ptext23                                       text23       00169E
__ptext24                                       text24       001214
__ptext25                                       text25       0010C6
__ptext26                                       text26       001344
__ptext27                                       text27       000000
__ptext3                                        text3        000E84
__ptext4                                        text4        001838
__ptext5                                        text5        001536
__ptext6                                        text6        0018AA
__ptext7                                        text7        001916
__ptext8                                        text8        000848
__ptext9                                        text9        001ADA
__ramtop                                        ramtop       000800
__size_of_EUSART1_Initialize                    (abs)        000000
__size_of_EUSART1_SetErrorHandler               (abs)        000000
__size_of_EUSART1_SetFramingErrorHandler        (abs)        000000
__size_of_EUSART1_SetOverrunErrorHandler        (abs)        000000
__size_of_EUSART1_Write                         (abs)        000000
__size_of_Lcd_Chr_CP                            (abs)        000000
__size_of_Lcd_Cmd                               (abs)        000000
__size_of_Lcd_Init                              (abs)        000000
__size_of_Lcd_Out2                              (abs)        000000
__size_of_OSCILLATOR_Initialize                 (abs)        000000
__size_of_PIN_MANAGER_Initialize                (abs)        000000
__size_of_PWM_CCP1                              (abs)        000000
__size_of_PWM_CCP2                              (abs)        000000
__size_of_SYSTEM_Initialize                     (abs)        000000
__size_of_Sound                                 (abs)        000000
__size_of_UART_print                            (abs)        000000
__size_of_Ultrasonic                            (abs)        000000
__size_of___lldiv                               (abs)        000000
__size_of___lmul                                (abs)        000000
__size_of___lwdiv                               (abs)        000000
__size_of___lwmod                               (abs)        000000
__size_of__doprnt                               (abs)        000000
__size_of_main                                  (abs)        000000
__size_of_putch                                 (abs)        000000
__size_of_sprintf                               (abs)        000000
__size_of_strcat                                (abs)        000000
__size_of_velocidad_3                           (abs)        000000
__smallconst                                    smallconst   000800
_dat                                            bssCOMRAM    00003A
_dpowers                                        smallconst   00080D
_eusart1RxLastError                             bssCOMRAM    00003B
_main                                           text0        0015EE
_putch                                          text9        001ADA
_sprintf                                        text7        001916
_strcat                                         text6        0018AA
_uart                                           smallconst   000801
_velocidad_3                                    text1        001A46
end_of_initialization                           cinit        001AA4
intlevel0                                       text         000000
intlevel1                                       text         000000
intlevel2                                       text         000000
intlevel3                                       text         000000
main@data                                       cstackCOMRAM 000028
main@dis                                        cstackCOMRAM 000032
sprintf@ap                                      cstackCOMRAM 000020
sprintf@f                                       cstackCOMRAM 00001C
sprintf@pb                                      cstackCOMRAM 000022
sprintf@wh                                      cstackCOMRAM 00001A
stackhi                                         (abs)        0007FF
stacklo                                         (abs)        000060
start                                           init         000000
start_initialization                            cinit        001AA0
strcat@cp                                       cstackCOMRAM 000005
strcat@from                                     cstackCOMRAM 000003
strcat@to                                       cstackCOMRAM 000001


FUNCTION INFORMATION:

 *************** function _main *****************
 Defined at:
		line 33 in file "main.c"
 Parameters:    Size  Location     Type
		None
 Auto vars:     Size  Location     Type
  data           10   39[COMRAM] unsigned char [10]
  dis             2   49[COMRAM] int 
  c               1    0        unsigned char 
 Return value:  Size  Location     Type
                  1    wreg      void 
 Registers used:
		wreg, fsr2l, fsr2h, status,2, status,0, pclath, tosl, tblptrl, tblptrh, tblptru, prodl, prodh, cstack
 Tracked objects:
		On entry : 
		On exit  : 
		Unchanged: 
 Data sizes:     COMRAM   BANK0   BANK1   BANK2   BANK3   BANK4   BANK5   BANK6   BANK7
      Params:         0       0       0       0       0       0       0       0       0
      Locals:        12       0       0       0       0       0       0       0       0
      Temps:          2       0       0       0       0       0       0       0       0
      Totals:        14       0       0       0       0       0       0       0       0
Total ram usage:       14 bytes
 Hardware stack levels required when called:    3
 This function calls:
		_Lcd_Cmd
		_Lcd_Init
		_Lcd_Out2
		_SYSTEM_Initialize
		_Sound
		_UART_print
		_Ultrasonic
		_sprintf
		_strcat
		_velocidad_3
 This function is called by:
		Startup code after reset
 This function uses a non-reentrant model


 *************** function _velocidad_3 *****************
 Defined at:
		line 120 in file "main.c"
 Parameters:    Size  Location     Type
		None
 Auto vars:     Size  Location     Type
		None
 Return value:  Size  Location     Type
                  1    wreg      void 
 Registers used:
		wreg, status,2, status,0, cstack
 Tracked objects:
		On entry : 
		On exit  : 
		Unchanged: 
 Data sizes:     COMRAM   BANK0   BANK1   BANK2   BANK3   BANK4   BANK5   BANK6   BANK7
      Params:         0       0       0       0       0       0       0       0       0
      Locals:         0       0       0       0       0       0       0       0       0
      Temps:          0       0       0       0       0       0       0       0       0
      Totals:         0       0       0       0       0       0       0       0       0
Total ram usage:        0 bytes
 Hardware stack levels used:    1
 Hardware stack levels required when called:    2
 This function calls:
		_PWM_CCP1
		_PWM_CCP2
 This function is called by:
		_main
 This function uses a non-reentrant model


 *************** function _PWM_CCP2 *****************
 Defined at:
		line 55 in file "PWM.c"
 Parameters:    Size  Location     Type
  duty            2   13[COMRAM] unsigned int 
  fpwm            2   15[COMRAM] unsigned int 
 Auto vars:     Size  Location     Type
  AuxCCPR2L       4   29[COMRAM] unsigned long 
  PR2cal          4   25[COMRAM] unsigned long 
  AuxCCP2CON      2   23[COMRAM] unsigned int 
  prescalador     2   21[COMRAM] unsigned int 
 Return value:  Size  Location     Type
                  1    wreg      void 
 Registers used:
		wreg, status,2, status,0, cstack
 Tracked objects:
		On entry : 
		On exit  : 
		Unchanged: 
 Data sizes:     COMRAM   BANK0   BANK1   BANK2   BANK3   BANK4   BANK5   BANK6   BANK7
      Params:         4       0       0       0       0       0       0       0       0
      Locals:        12       0       0       0       0       0       0       0       0
      Temps:          4       0       0       0       0       0       0       0       0
      Totals:        20       0       0       0       0       0       0       0       0
Total ram usage:       20 bytes
 Hardware stack levels used:    1
 Hardware stack levels required when called:    1
 This function calls:
		___lldiv
		___lmul
 This function is called by:
		_velocidad_3
		_velocidad_1
		_velocidad_2
 This function uses a non-reentrant model


 *************** function _PWM_CCP1 *****************
 Defined at:
		line 12 in file "PWM.c"
 Parameters:    Size  Location     Type
  duty            2   13[COMRAM] unsigned int 
  fpwm            2   15[COMRAM] unsigned int 
 Auto vars:     Size  Location     Type
  AuxCCPR2L       4   29[COMRAM] unsigned long 
  PR2cal          4   25[COMRAM] unsigned long 
  AuxCCP2CON      2   23[COMRAM] unsigned int 
  prescalador     2   21[COMRAM] unsigned int 
 Return value:  Size  Location     Type
                  1    wreg      void 
 Registers used:
		wreg, status,2, status,0, cstack
 Tracked objects:
		On entry : 
		On exit  : 
		Unchanged: 
 Data sizes:     COMRAM   BANK0   BANK1   BANK2   BANK3   BANK4   BANK5   BANK6   BANK7
      Params:         4       0       0       0       0       0       0       0       0
      Locals:        12       0       0       0       0       0       0       0       0
      Temps:          4       0       0       0       0       0       0       0       0
      Totals:        20       0       0       0       0       0       0       0       0
Total ram usage:       20 bytes
 Hardware stack levels used:    1
 Hardware stack levels required when called:    1
 This function calls:
		___lldiv
		___lmul
 This function is called by:
		_velocidad_3
		_velocidad_1
		_velocidad_2
 This function uses a non-reentrant model


 *************** function ___lmul *****************
 Defined at:
		line 15 in file "/opt/microchip/xc8/v2.00/pic/sources/c90/common/Umul32.c"
 Parameters:    Size  Location     Type
  multiplier      4    0[COMRAM] unsigned long 
  multiplicand    4    4[COMRAM] unsigned long 
 Auto vars:     Size  Location     Type
  product         4    8[COMRAM] unsigned long 
 Return value:  Size  Location     Type
                  4    0[COMRAM] unsigned long 
 Registers used:
		wreg, status,2, status,0
 Tracked objects:
		On entry : 
		On exit  : 
		Unchanged: 
 Data sizes:     COMRAM   BANK0   BANK1   BANK2   BANK3   BANK4   BANK5   BANK6   BANK7
      Params:         8       0       0       0       0       0       0       0       0
      Locals:         4       0       0       0       0       0       0       0       0
      Temps:          0       0       0       0       0       0       0       0       0
      Totals:        12       0       0       0       0       0       0       0       0
Total ram usage:       12 bytes
 Hardware stack levels used:    1
 This function calls:
		Nothing
 This function is called by:
		_PWM_CCP1
		_PWM_CCP2
 This function uses a non-reentrant model


 *************** function ___lldiv *****************
 Defined at:
		line 7 in file "/opt/microchip/xc8/v2.00/pic/sources/c90/common/__lldiv.c"
 Parameters:    Size  Location     Type
  dividend        4    0[COMRAM] unsigned long 
  divisor         4    4[COMRAM] unsigned long 
 Auto vars:     Size  Location     Type
  quotient        4    8[COMRAM] unsigned long 
  counter         1   12[COMRAM] unsigned char 
 Return value:  Size  Location     Type
                  4    0[COMRAM] unsigned long 
 Registers used:
		wreg, status,2, status,0
 Tracked objects:
		On entry : 
		On exit  : 
		Unchanged: 
 Data sizes:     COMRAM   BANK0   BANK1   BANK2   BANK3   BANK4   BANK5   BANK6   BANK7
      Params:         8       0       0       0       0       0       0       0       0
      Locals:         5       0       0       0       0       0       0       0       0
      Temps:          0       0       0       0       0       0       0       0       0
      Totals:        13       0       0       0       0       0       0       0       0
Total ram usage:       13 bytes
 Hardware stack levels used:    1
 This function calls:
		Nothing
 This function is called by:
		_PWM_CCP1
		_PWM_CCP2
 This function uses a non-reentrant model


 *************** function _strcat *****************
 Defined at:
		line 8 in file "/opt/microchip/xc8/v2.00/pic/sources/c90/common/strcat.c"
 Parameters:    Size  Location     Type
  to              2    0[COMRAM] PTR unsigned char 
		 -> main@data(10), 
  from            2    2[COMRAM] PTR const unsigned char 
		 -> STR_3(5), 
 Auto vars:     Size  Location     Type
  cp              2    4[COMRAM] PTR unsigned char 
		 -> main@data(10), 
 Return value:  Size  Location     Type
                  2    0[COMRAM] PTR unsigned char 
 Registers used:
		wreg, fsr2l, fsr2h, status,2, status,0, tblptrl, tblptrh, tblptru
 Tracked objects:
		On entry : 
		On exit  : 
		Unchanged: 
 Data sizes:     COMRAM   BANK0   BANK1   BANK2   BANK3   BANK4   BANK5   BANK6   BANK7
      Params:         4       0       0       0       0       0       0       0       0
      Locals:         2       0       0       0       0       0       0       0       0
      Temps:          0       0       0       0       0       0       0       0       0
      Totals:         6       0       0       0       0       0       0       0       0
Total ram usage:        6 bytes
 Hardware stack levels used:    1
 This function calls:
		Nothing
 This function is called by:
		_main
 This function uses a non-reentrant model


 *************** function _sprintf *****************
 Defined at:
		line 13 in file "/opt/microchip/xc8/v2.00/pic/sources/c90/common/sprintf.c"
 Parameters:    Size  Location     Type
  wh              2   25[COMRAM] PTR unsigned char 
		 -> main@data(10), 
  f               2   27[COMRAM] PTR const unsigned char 
		 -> STR_2(4), 
 Auto vars:     Size  Location     Type
  pb              4   33[COMRAM] struct __prbuf
  ap              2   31[COMRAM] PTR void [1]
		 -> ?_sprintf(2), ?_printf(2), 
 Return value:  Size  Location     Type
                  2   25[COMRAM] int 
 Registers used:
		wreg, fsr2l, fsr2h, status,2, status,0, pclath, tosl, tblptrl, tblptrh, tblptru, prodl, prodh, cstack
 Tracked objects:
		On entry : 
		On exit  : 
		Unchanged: 
 Data sizes:     COMRAM   BANK0   BANK1   BANK2   BANK3   BANK4   BANK5   BANK6   BANK7
      Params:         6       0       0       0       0       0       0       0       0
      Locals:         6       0       0       0       0       0       0       0       0
      Temps:          0       0       0       0       0       0       0       0       0
      Totals:        12       0       0       0       0       0       0       0       0
Total ram usage:       12 bytes
 Hardware stack levels used:    1
 Hardware stack levels required when called:    2
 This function calls:
		__doprnt
 This function is called by:
		_main
 This function uses a non-reentrant model


 *************** function __doprnt *****************
 Defined at:
		line 466 in file "/opt/microchip/xc8/v2.00/pic/sources/c90/common/doprnt.c"
 Parameters:    Size  Location     Type
  pb              2   12[COMRAM] PTR struct __prbuf
		 -> sprintf@pb(4), printf@pb(4), 
  f               2   14[COMRAM] PTR const unsigned char 
		 -> STR_2(4), STR_1(38), 
  ap              2   16[COMRAM] PTR PTR void 
		 -> sprintf@ap(2), printf@ap(2), 
 Auto vars:     Size  Location     Type
  tmpval          4    0        struct .
  cp              3    0        PTR const unsigned char 
  val             2   22[COMRAM] unsigned int 
  len             2    0        unsigned int 
  c               1   24[COMRAM] unsigned char 
  prec            1   21[COMRAM] char 
  flag            1   20[COMRAM] unsigned char 
 Return value:  Size  Location     Type
                  2   12[COMRAM] int 
 Registers used:
		wreg, fsr2l, fsr2h, status,2, status,0, pclath, tosl, tblptrl, tblptrh, tblptru, prodl, prodh, cstack
 Tracked objects:
		On entry : 
		On exit  : 
		Unchanged: 
 Data sizes:     COMRAM   BANK0   BANK1   BANK2   BANK3   BANK4   BANK5   BANK6   BANK7
      Params:         6       0       0       0       0       0       0       0       0
      Locals:         5       0       0       0       0       0       0       0       0
      Temps:          2       0       0       0       0       0       0       0       0
      Totals:        13       0       0       0       0       0       0       0       0
Total ram usage:       13 bytes
 Hardware stack levels used:    1
 Hardware stack levels required when called:    1
 This function calls:
		Absolute function
		___lwdiv
		___lwmod
		_putch
 This function is called by:
		_sprintf
 This function uses a non-reentrant model


 *************** function _putch *****************
 Defined at:
		line 7 in file "/opt/microchip/xc8/v2.00/pic/sources/c90/common/putch.c"
 Parameters:    Size  Location     Type
  c               1    wreg     unsigned char 
 Auto vars:     Size  Location     Type
  c               1    0[COMRAM] unsigned char 
 Return value:  Size  Location     Type
                  1    wreg      void 
 Registers used:
		wreg
 Tracked objects:
		On entry : 
		On exit  : 
		Unchanged: 
 Data sizes:     COMRAM   BANK0   BANK1   BANK2   BANK3   BANK4   BANK5   BANK6   BANK7
      Params:         0       0       0       0       0       0       0       0       0
      Locals:         0       0       0       0       0       0       0       0       0
      Temps:          0       0       0       0       0       0       0       0       0
      Totals:         0       0       0       0       0       0       0       0       0
Total ram usage:        0 bytes
 Hardware stack levels used:    1
 This function calls:
		Nothing
 This function is called by:
		__doprnt
 This function uses a non-reentrant model


 *************** function ___lwmod *****************
 Defined at:
		line 7 in file "/opt/microchip/xc8/v2.00/pic/sources/c90/common/lwmod.c"
 Parameters:    Size  Location     Type
  dividend        2    7[COMRAM] unsigned int 
  divisor         2    9[COMRAM] unsigned int 
 Auto vars:     Size  Location     Type
  counter         1   11[COMRAM] unsigned char 
 Return value:  Size  Location     Type
                  2    7[COMRAM] unsigned int 
 Registers used:
		wreg, status,2, status,0
 Tracked objects:
		On entry : 
		On exit  : 
		Unchanged: 
 Data sizes:     COMRAM   BANK0   BANK1   BANK2   BANK3   BANK4   BANK5   BANK6   BANK7
      Params:         4       0       0       0       0       0       0       0       0
      Locals:         1       0       0       0       0       0       0       0       0
      Temps:          0       0       0       0       0       0       0       0       0
      Totals:         5       0       0       0       0       0       0       0       0
Total ram usage:        5 bytes
 Hardware stack levels used:    1
 This function calls:
		Nothing
 This function is called by:
		__doprnt
 This function uses a non-reentrant model


 *************** function _Ultrasonic *****************
 Defined at:
		line 65 in file "main.c"
 Parameters:    Size  Location     Type
		None
 Auto vars:     Size  Location     Type
  dato            4    0        float 
  conteo          2   13[COMRAM] unsigned int 
  distancia       2   11[COMRAM] int 
 Return value:  Size  Location     Type
                  2    7[COMRAM] int 
 Registers used:
		wreg, status,2, status,0, cstack
 Tracked objects:
		On entry : 
		On exit  : 
		Unchanged: 
 Data sizes:     COMRAM   BANK0   BANK1   BANK2   BANK3   BANK4   BANK5   BANK6   BANK7
      Params:         2       0       0       0       0       0       0       0       0
      Locals:         4       0       0       0       0       0       0       0       0
      Temps:          2       0       0       0       0       0       0       0       0
      Totals:         8       0       0       0       0       0       0       0       0
Total ram usage:        8 bytes
 Hardware stack levels used:    1
 Hardware stack levels required when called:    1
 This function calls:
		_Lcd_Cmd
		___lwdiv
 This function is called by:
		_main
 This function uses a non-reentrant model


 *************** function ___lwdiv *****************
 Defined at:
		line 7 in file "/opt/microchip/xc8/v2.00/pic/sources/c90/common/lwdiv.c"
 Parameters:    Size  Location     Type
  dividend        2    0[COMRAM] unsigned int 
  divisor         2    2[COMRAM] unsigned int 
 Auto vars:     Size  Location     Type
  quotient        2    4[COMRAM] unsigned int 
  counter         1    6[COMRAM] unsigned char 
 Return value:  Size  Location     Type
                  2    0[COMRAM] unsigned int 
 Registers used:
		wreg, status,2, status,0
 Tracked objects:
		On entry : 
		On exit  : 
		Unchanged: 
 Data sizes:     COMRAM   BANK0   BANK1   BANK2   BANK3   BANK4   BANK5   BANK6   BANK7
      Params:         4       0       0       0       0       0       0       0       0
      Locals:         3       0       0       0       0       0       0       0       0
      Temps:          0       0       0       0       0       0       0       0       0
      Totals:         7       0       0       0       0       0       0       0       0
Total ram usage:        7 bytes
 Hardware stack levels used:    1
 This function calls:
		Nothing
 This function is called by:
		_Ultrasonic
		__doprnt
 This function uses a non-reentrant model


 *************** function _UART_print *****************
 Defined at:
		line 142 in file "mcc_generated_files/eusart1.c"
 Parameters:    Size  Location     Type
  cadena          2    1[COMRAM] PTR unsigned char 
		 -> main@data(10), 
 Auto vars:     Size  Location     Type
		None
 Return value:  Size  Location     Type
                  1    wreg      void 
 Registers used:
		wreg, fsr2l, fsr2h, status,2, status,0, cstack
 Tracked objects:
		On entry : 
		On exit  : 
		Unchanged: 
 Data sizes:     COMRAM   BANK0   BANK1   BANK2   BANK3   BANK4   BANK5   BANK6   BANK7
      Params:         2       0       0       0       0       0       0       0       0
      Locals:         0       0       0       0       0       0       0       0       0
      Temps:          0       0       0       0       0       0       0       0       0
      Totals:         2       0       0       0       0       0       0       0       0
Total ram usage:        2 bytes
 Hardware stack levels used:    1
 Hardware stack levels required when called:    1
 This function calls:
		_EUSART1_Write
 This function is called by:
		_main
 This function uses a non-reentrant model


 *************** function _EUSART1_Write *****************
 Defined at:
		line 133 in file "mcc_generated_files/eusart1.c"
 Parameters:    Size  Location     Type
  txData          1    wreg     unsigned char 
 Auto vars:     Size  Location     Type
  txData          1    0[COMRAM] unsigned char 
 Return value:  Size  Location     Type
                  1    wreg      void 
 Registers used:
		wreg
 Tracked objects:
		On entry : 
		On exit  : 
		Unchanged: 
 Data sizes:     COMRAM   BANK0   BANK1   BANK2   BANK3   BANK4   BANK5   BANK6   BANK7
      Params:         0       0       0       0       0       0       0       0       0
      Locals:         1       0       0       0       0       0       0       0       0
      Temps:          0       0       0       0       0       0       0       0       0
      Totals:         1       0       0       0       0       0       0       0       0
Total ram usage:        1 bytes
 Hardware stack levels used:    1
 This function calls:
		Nothing
 This function is called by:
		_UART_print
 This function uses a non-reentrant model


 *************** function _Sound *****************
 Defined at:
		line 143 in file "main.c"
 Parameters:    Size  Location     Type
		None
 Auto vars:     Size  Location     Type
		None
 Return value:  Size  Location     Type
                  1    wreg      void 
 Registers used:
		wreg
 Tracked objects:
		On entry : 
		On exit  : 
		Unchanged: 
 Data sizes:     COMRAM   BANK0   BANK1   BANK2   BANK3   BANK4   BANK5   BANK6   BANK7
      Params:         0       0       0       0       0       0       0       0       0
      Locals:         0       0       0       0       0       0       0       0       0
      Temps:          2       0       0       0       0       0       0       0       0
      Totals:         2       0       0       0       0       0       0       0       0
Total ram usage:        2 bytes
 Hardware stack levels used:    1
 This function calls:
		Nothing
 This function is called by:
		_main
 This function uses a non-reentrant model


 *************** function _SYSTEM_Initialize *****************
 Defined at:
		line 50 in file "mcc_generated_files/mcc.c"
 Parameters:    Size  Location     Type
		None
 Auto vars:     Size  Location     Type
		None
 Return value:  Size  Location     Type
                  1    wreg      void 
 Registers used:
		wreg, status,2, status,0, cstack
 Tracked objects:
		On entry : 
		On exit  : 
		Unchanged: 
 Data sizes:     COMRAM   BANK0   BANK1   BANK2   BANK3   BANK4   BANK5   BANK6   BANK7
      Params:         0       0       0       0       0       0       0       0       0
      Locals:         0       0       0       0       0       0       0       0       0
      Temps:          0       0       0       0       0       0       0       0       0
      Totals:         0       0       0       0       0       0       0       0       0
Total ram usage:        0 bytes
 Hardware stack levels used:    1
 Hardware stack levels required when called:    2
 This function calls:
		_EUSART1_Initialize
		_OSCILLATOR_Initialize
		_PIN_MANAGER_Initialize
 This function is called by:
		_main
 This function uses a non-reentrant model


 *************** function _PIN_MANAGER_Initialize *****************
 Defined at:
		line 55 in file "mcc_generated_files/pin_manager.c"
 Parameters:    Size  Location     Type
		None
 Auto vars:     Size  Location     Type
		None
 Return value:  Size  Location     Type
                  1    wreg      void 
 Registers used:
		wreg, status,2
 Tracked objects:
		On entry : 
		On exit  : 
		Unchanged: 
 Data sizes:     COMRAM   BANK0   BANK1   BANK2   BANK3   BANK4   BANK5   BANK6   BANK7
      Params:         0       0       0       0       0       0       0       0       0
      Locals:         0       0       0       0       0       0       0       0       0
      Temps:          0       0       0       0       0       0       0       0       0
      Totals:         0       0       0       0       0       0       0       0       0
Total ram usage:        0 bytes
 Hardware stack levels used:    1
 This function calls:
		Nothing
 This function is called by:
		_SYSTEM_Initialize
 This function uses a non-reentrant model


 *************** function _OSCILLATOR_Initialize *****************
 Defined at:
		line 59 in file "mcc_generated_files/mcc.c"
 Parameters:    Size  Location     Type
		None
 Auto vars:     Size  Location     Type
		None
 Return value:  Size  Location     Type
                  1    wreg      void 
 Registers used:
		wreg, status,2
 Tracked objects:
		On entry : 
		On exit  : 
		Unchanged: 
 Data sizes:     COMRAM   BANK0   BANK1   BANK2   BANK3   BANK4   BANK5   BANK6   BANK7
      Params:         0       0       0       0       0       0       0       0       0
      Locals:         0       0       0       0       0       0       0       0       0
      Temps:          0       0       0       0       0       0       0       0       0
      Totals:         0       0       0       0       0       0       0       0       0
Total ram usage:        0 bytes
 Hardware stack levels used:    1
 This function calls:
		Nothing
 This function is called by:
		_SYSTEM_Initialize
 This function uses a non-reentrant model


 *************** function _EUSART1_Initialize *****************
 Defined at:
		line 67 in file "mcc_generated_files/eusart1.c"
 Parameters:    Size  Location     Type
		None
 Auto vars:     Size  Location     Type
		None
 Return value:  Size  Location     Type
                  1    wreg      void 
 Registers used:
		wreg, status,2, status,0, cstack
 Tracked objects:
		On entry : 
		On exit  : 
		Unchanged: 
 Data sizes:     COMRAM   BANK0   BANK1   BANK2   BANK3   BANK4   BANK5   BANK6   BANK7
      Params:         0       0       0       0       0       0       0       0       0
      Locals:         0       0       0       0       0       0       0       0       0
      Temps:          0       0       0       0       0       0       0       0       0
      Totals:         0       0       0       0       0       0       0       0       0
Total ram usage:        0 bytes
 Hardware stack levels used:    1
 Hardware stack levels required when called:    1
 This function calls:
		_EUSART1_SetErrorHandler
		_EUSART1_SetFramingErrorHandler
		_EUSART1_SetOverrunErrorHandler
 This function is called by:
		_SYSTEM_Initialize
 This function uses a non-reentrant model


 *************** function _EUSART1_SetOverrunErrorHandler *****************
 Defined at:
		line 173 in file "mcc_generated_files/eusart1.c"
 Parameters:    Size  Location     Type
  interruptHan    2    0[COMRAM] PTR FTN()void 
		 -> EUSART1_DefaultOverrunErrorHandler(1), 
 Auto vars:     Size  Location     Type
		None
 Return value:  Size  Location     Type
                  1    wreg      void 
 Registers used:
		wreg, status,2, status,0
 Tracked objects:
		On entry : 
		On exit  : 
		Unchanged: 
 Data sizes:     COMRAM   BANK0   BANK1   BANK2   BANK3   BANK4   BANK5   BANK6   BANK7
      Params:         2       0       0       0       0       0       0       0       0
      Locals:         0       0       0       0       0       0       0       0       0
      Temps:          0       0       0       0       0       0       0       0       0
      Totals:         2       0       0       0       0       0       0       0       0
Total ram usage:        2 bytes
 Hardware stack levels used:    1
 This function calls:
		Nothing
 This function is called by:
		_EUSART1_Initialize
 This function uses a non-reentrant model


 *************** function _EUSART1_SetFramingErrorHandler *****************
 Defined at:
		line 169 in file "mcc_generated_files/eusart1.c"
 Parameters:    Size  Location     Type
  interruptHan    2    0[COMRAM] PTR FTN()void 
		 -> EUSART1_DefaultFramingErrorHandler(1), 
 Auto vars:     Size  Location     Type
		None
 Return value:  Size  Location     Type
                  1    wreg      void 
 Registers used:
		wreg, status,2, status,0
 Tracked objects:
		On entry : 
		On exit  : 
		Unchanged: 
 Data sizes:     COMRAM   BANK0   BANK1   BANK2   BANK3   BANK4   BANK5   BANK6   BANK7
      Params:         2       0       0       0       0       0       0       0       0
      Locals:         0       0       0       0       0       0       0       0       0
      Temps:          0       0       0       0       0       0       0       0       0
      Totals:         2       0       0       0       0       0       0       0       0
Total ram usage:        2 bytes
 Hardware stack levels used:    1
 This function calls:
		Nothing
 This function is called by:
		_EUSART1_Initialize
 This function uses a non-reentrant model


 *************** function _EUSART1_SetErrorHandler *****************
 Defined at:
		line 177 in file "mcc_generated_files/eusart1.c"
 Parameters:    Size  Location     Type
  interruptHan    2    0[COMRAM] PTR FTN()void 
		 -> EUSART1_DefaultErrorHandler(1), 
 Auto vars:     Size  Location     Type
		None
 Return value:  Size  Location     Type
                  1    wreg      void 
 Registers used:
		wreg, status,2, status,0
 Tracked objects:
		On entry : 
		On exit  : 
		Unchanged: 
 Data sizes:     COMRAM   BANK0   BANK1   BANK2   BANK3   BANK4   BANK5   BANK6   BANK7
      Params:         2       0       0       0       0       0       0       0       0
      Locals:         0       0       0       0       0       0       0       0       0
      Temps:          0       0       0       0       0       0       0       0       0
      Totals:         2       0       0       0       0       0       0       0       0
Total ram usage:        2 bytes
 Hardware stack levels used:    1
 This function calls:
		Nothing
 This function is called by:
		_EUSART1_Initialize
 This function uses a non-reentrant model


 *************** function _Lcd_Out2 *****************
 Defined at:
		line 137 in file "LCD.h"
 Parameters:    Size  Location     Type
  y               1    wreg     unsigned char 
  x               1    3[COMRAM] unsigned char 
  buffer          2    4[COMRAM] PTR unsigned char 
		 -> main@data(10), 
 Auto vars:     Size  Location     Type
  y               1    6[COMRAM] unsigned char 
  data            1    7[COMRAM] unsigned char 
 Return value:  Size  Location     Type
                  1    wreg      void 
 Registers used:
		wreg, fsr2l, fsr2h, status,2, status,0, cstack
 Tracked objects:
		On entry : 
		On exit  : 
		Unchanged: 
 Data sizes:     COMRAM   BANK0   BANK1   BANK2   BANK3   BANK4   BANK5   BANK6   BANK7
      Params:         3       0       0       0       0       0       0       0       0
      Locals:         2       0       0       0       0       0       0       0       0
      Temps:          0       0       0       0       0       0       0       0       0
      Totals:         5       0       0       0       0       0       0       0       0
Total ram usage:        5 bytes
 Hardware stack levels used:    1
 Hardware stack levels required when called:    1
 This function calls:
		_Lcd_Chr_CP
		_Lcd_Cmd
 This function is called by:
		_main
 This function uses a non-reentrant model


 *************** function _Lcd_Chr_CP *****************
 Defined at:
		line 158 in file "LCD.h"
 Parameters:    Size  Location     Type
  data            1    wreg     unsigned char 
 Auto vars:     Size  Location     Type
  data            1    2[COMRAM] unsigned char 
 Return value:  Size  Location     Type
                  1    wreg      void 
 Registers used:
		wreg, status,2, status,0
 Tracked objects:
		On entry : 
		On exit  : 
		Unchanged: 
 Data sizes:     COMRAM   BANK0   BANK1   BANK2   BANK3   BANK4   BANK5   BANK6   BANK7
      Params:         0       0       0       0       0       0       0       0       0
      Locals:         1       0       0       0       0       0       0       0       0
      Temps:          2       0       0       0       0       0       0       0       0
      Totals:         3       0       0       0       0       0       0       0       0
Total ram usage:        3 bytes
 Hardware stack levels used:    1
 This function calls:
		Nothing
 This function is called by:
		_Lcd_Out2
		_Lcd_Out
 This function uses a non-reentrant model


 *************** function _Lcd_Init *****************
 Defined at:
		line 71 in file "LCD.h"
 Parameters:    Size  Location     Type
		None
 Auto vars:     Size  Location     Type
  data            1    4[COMRAM] unsigned char 
 Return value:  Size  Location     Type
                  1    wreg      void 
 Registers used:
		wreg, status,2, status,0, cstack
 Tracked objects:
		On entry : 
		On exit  : 
		Unchanged: 
 Data sizes:     COMRAM   BANK0   BANK1   BANK2   BANK3   BANK4   BANK5   BANK6   BANK7
      Params:         0       0       0       0       0       0       0       0       0
      Locals:         1       0       0       0       0       0       0       0       0
      Temps:          1       0       0       0       0       0       0       0       0
      Totals:         2       0       0       0       0       0       0       0       0
Total ram usage:        2 bytes
 Hardware stack levels used:    1
 Hardware stack levels required when called:    1
 This function calls:
		_Lcd_Cmd
 This function is called by:
		_main
 This function uses a non-reentrant model


 *************** function _Lcd_Cmd *****************
 Defined at:
		line 172 in file "LCD.h"
 Parameters:    Size  Location     Type
  data            1    wreg     unsigned char 
 Auto vars:     Size  Location     Type
  data            1    2[COMRAM] unsigned char 
 Return value:  Size  Location     Type
                  1    wreg      void 
 Registers used:
		wreg, status,2, status,0
 Tracked objects:
		On entry : 
		On exit  : 
		Unchanged: 
 Data sizes:     COMRAM   BANK0   BANK1   BANK2   BANK3   BANK4   BANK5   BANK6   BANK7
      Params:         0       0       0       0       0       0       0       0       0
      Locals:         1       0       0       0       0       0       0       0       0
      Temps:          2       0       0       0       0       0       0       0       0
      Totals:         3       0       0       0       0       0       0       0       0
Total ram usage:        3 bytes
 Hardware stack levels used:    1
 This function calls:
		Nothing
 This function is called by:
		_Lcd_Init
		_Lcd_Out2
		_main
		_Ultrasonic
		_Lcd_Out
		_lcd_goto
 This function uses a non-reentrant model



MODULE INFORMATION

Module		Function		Class		Link	Load	Size
LCD.h
		_Lcd_Init      		CODE           	10C6	0000	335
		_Lcd_Out2      		CODE           	169E	0000	155
		_Lcd_Chr_CP    		CODE           	1214	0000	305
		_Lcd_Cmd       		CODE           	1344	0000	299

LCD.h estimated size: 1094

/opt/microchip/xc8/v2.00/pic/sources/c90/common/sprintf.c
		_sprintf       		CODE           	1916	0000	71

/opt/microchip/xc8/v2.00/pic/sources/c90/common/sprintf.c estimated size: 71

/opt/microchip/xc8/v2.00/pic/sources/c90/common/doprnt.c
		__doprnt       		CODE           	0848	0000	1019

/opt/microchip/xc8/v2.00/pic/sources/c90/common/doprnt.c estimated size: 1019

mcc_generated_files/pin_manager.c
		_PIN_MANAGER_Initialize		CODE           	195C	0000	67

mcc_generated_files/pin_manager.c estimated size: 67

/opt/microchip/xc8/v2.00/pic/sources/c90/common/putch.c
		_putch         		CODE           	1ADA	0000	3

/opt/microchip/xc8/v2.00/pic/sources/c90/common/putch.c estimated size: 3

/opt/microchip/xc8/v2.00/pic/sources/c90/common/lwmod.c
		___lwmod       		CODE           	17C0	0000	121

/opt/microchip/xc8/v2.00/pic/sources/c90/common/lwmod.c estimated size: 121

PWM.c
		_PWM_CCP1      		CODE           	0E84	0000	579
		_PWM_CCP2      		CODE           	0C42	0000	579

PWM.c estimated size: 1158

shared
		_dpowers       		SMALLCONST     	080D	0000	11
		_uart          		SMALLCONST     	0801	0000	13
		__initialization		CODE           	1AA0	0000	5

shared estimated size: 29

mcc_generated_files/eusart1.c
		_EUSART1_Initialize		CODE           	199E	0000	63
		_EUSART1_SetFramingErrorHandler		CODE           	1AC6	0000	11
		_UART_print    		CODE           	19DC	0000	57
		_EUSART1_SetOverrunErrorHandler		CODE           	1ABC	0000	11
		_EUSART1_SetErrorHandler		CODE           	1AD0	0000	11
		_EUSART1_Write 		CODE           	1A70	0000	31

mcc_generated_files/eusart1.c estimated size: 184

/opt/microchip/xc8/v2.00/pic/sources/c90/common/Umul32.c
		___lmul        		CODE           	1838	0000	115

/opt/microchip/xc8/v2.00/pic/sources/c90/common/Umul32.c estimated size: 115

mcc_generated_files/mcc.c
		_OSCILLATOR_Initialize		CODE           	1A8E	0000	19
		_SYSTEM_Initialize		CODE           	1AAE	0000	15

mcc_generated_files/mcc.c estimated size: 34

main.c
		_Sound         		CODE           	1A14	0000	51
		_main          		CODE           	15EE	0000	177
		_velocidad_3   		CODE           	1A46	0000	43
		_Ultrasonic    		CODE           	146E	0000	201

main.c estimated size: 472

/opt/microchip/xc8/v2.00/pic/sources/c90/common/lwdiv.c
		___lwdiv       		CODE           	1738	0000	137

/opt/microchip/xc8/v2.00/pic/sources/c90/common/lwdiv.c estimated size: 137

/opt/microchip/xc8/v2.00/pic/sources/c90/common/__lldiv.c
		___lldiv       		CODE           	1536	0000	185

/opt/microchip/xc8/v2.00/pic/sources/c90/common/__lldiv.c estimated size: 185

/opt/microchip/xc8/v2.00/pic/sources/c90/common/strcat.c
		_strcat        		CODE           	18AA	0000	109

/opt/microchip/xc8/v2.00/pic/sources/c90/common/strcat.c estimated size: 109

