Microchip MPLAB XC8 Compiler V1.32 ()

Linker command line:

-W-3 --edf=/opt/microchip/xc8/v1.32/dat/en_msgs.txt -cs \
  -h+dist/default/production/nrf24l01.X.production.sym \
  --cmf=dist/default/production/nrf24l01.X.production.cmf -z -Q18F45K50 \
  -o/tmp/cgtOswrqG -Mdist/default/production/nrf24l01.X.production.map -E1 \
  -ver=XC8 -ASTACK=060h-07ffh -pstack=STACK -ACODE=00h-07FFFh \
  -ACONST=00h-07FFFh -ASMALLCONST=0800h-08FFhx120 \
  -AMEDIUMCONST=0800h-07FFFh -ACOMRAM=01h-05Fh -AABS1=00h-07FFh \
  -ABIGRAM=01h-07FFh -ARAM=060h-0FFh,0100h-01FFhx7 -ABANK0=060h-0FFh \
  -ABANK1=0100h-01FFh -ABANK2=0200h-02FFh -ABANK3=0300h-03FFh \
  -ABANK4=0400h-04FFh -ABANK5=0500h-05FFh -ABANK6=0600h-06FFh \
  -ABANK7=0700h-07FFh -ASFR=0F53h-0F5Fh,0F60h-0FFFh \
  -preset_vec=00h,intcode,intcodelo,powerup,init,end_init -pramtop=0800h \
  -psmallconst=SMALLCONST -pmediumconst=MEDIUMCONST -pconst=CONST \
  -AFARRAM=00h-00h -ACONFIG=0300000h-030000Dh -pconfig=CONFIG \
  -AIDLOC=0200000h-0200007h -pidloc=IDLOC -AEEDATA=0F00000h-0F000FFh \
  -peeprom_data=EEDATA \
  -prdata=COMRAM,nvrram=COMRAM,nvbit=COMRAM,rbss=COMRAM,rbit=COMRAM \
  -pfarbss=FARRAM,fardata=FARRAM,nvFARRAM=FARRAM \
  -pintsave_regs=BIGRAM,bigbss=BIGRAM,bigdata=BIGRAM -pbss=RAM \
  -pidata=CODE,irdata=CODE,ibigdata=CODE,ifardata=CODE /tmp/cgt2aBFgb.obj \
  dist/default/production/nrf24l01.X.production.obj 

Object code version is 3.11

Machine type is 18F45K50

Call graph: (short form)




                Name                               Link     Load   Length Selector   Space Scale
/tmp/cgt2aBFgb.obj
                end_init                              0        0        4        0       0
                idloc                            200000   200000        8   200000       0
                config                           300000   300000        E   300000       0
dist/default/production/nrf24l01.X.production.obj
                text12                             7D84     7D84       56     3EC2       0
                text11                             7C76     7C76       1E     3E3B       0
                text10                             7F2A     7F2A       D6     3F95       0
                text9                              7C64     7C64       12     3E32       0
                text8                              7D0E     7D0E       36     3E87       0
                text7                              7C42     7C42        A     3E21       0
                text6                              7E68     7E68       C2     3F34       0
                text5                              7DDA     7DDA       8E     3EED       0
                text4                              7C56     7C56        E     3E2B       0
                text3                              7C4C     7C4C        A     3E26       0
                text2                              7CB8     7CB8       28     3E5C       0
                text1                              7C94     7C94       24     3E4A       0
                text0                              7D44     7D44       40     3EA2       0
                cstackCOMRAM                         11       11        5        1       1
                dataCOMRAM                           16       16        2        1       1
                bssCOMRAM                             1        1       10        1       1
                cinit                              7CE0     7CE0       2E     3E70       0
                idataCOMRAM                        7C40     7C40        2     7C40       0

TOTAL           Name                               Link     Load   Length     Space
        CLASS   STACK          

        CLASS   CODE           
                end_init                              0        0        4         0
                text12                             7D84     7D84       56         0
                text11                             7C76     7C76       1E         0
                text10                             7F2A     7F2A       D6         0
                text9                              7C64     7C64       12         0
                text8                              7D0E     7D0E       36         0
                text7                              7C42     7C42        A         0
                text6                              7E68     7E68       C2         0
                text5                              7DDA     7DDA       8E         0
                text4                              7C56     7C56        E         0
                text3                              7C4C     7C4C        A         0
                text2                              7CB8     7CB8       28         0
                text1                              7C94     7C94       24         0
                text0                              7D44     7D44       40         0
                cinit                              7CE0     7CE0       2E         0
                idataCOMRAM                        7C40     7C40        2         0

        CLASS   CONST          

        CLASS   SMALLCONST     

        CLASS   MEDIUMCONST    

        CLASS   COMRAM         
                cstackCOMRAM                         11       11        5         1
                dataCOMRAM                           16       16        2         1
                bssCOMRAM                             1        1       10         1

        CLASS   ABS1           

        CLASS   BIGRAM         

        CLASS   RAM            

        CLASS   BANK0          

        CLASS   BANK1          

        CLASS   BANK2          

        CLASS   BANK3          

        CLASS   BANK4          

        CLASS   BANK5          

        CLASS   BANK6          

        CLASS   BANK7          

        CLASS   SFR            

        CLASS   FARRAM         

        CLASS   CONFIG         
                config                           300000   300000        E         0

        CLASS   IDLOC          
                idloc                            200000   200000        8         0

        CLASS   EEDATA         



SEGMENTS        Name                           Load    Length   Top    Selector   Space  Class

                reset_vec                      000000  000004  000004         0       0  CODE    
                bssCOMRAM                      000001  000017  000018         1       1  COMRAM  
                idataCOMRAM                    007C40  000002  007C42      7C40       0  CODE    
                text7                          007C42  00000A  007C4C      3E21       0  CODE    
                text3                          007C4C  00000A  007C56      3E26       0  CODE    
                text4                          007C56  00000E  007C64      3E2B       0  CODE    
                text9                          007C64  000012  007C76      3E32       0  CODE    
                text11                         007C76  00001E  007C94      3E3B       0  CODE    
                text1                          007C94  000024  007CB8      3E4A       0  CODE    
                text2                          007CB8  000028  007CE0      3E5C       0  CODE    
                cinit                          007CE0  00002E  007D0E      3E70       0  CODE    
                text8                          007D0E  000036  007D44      3E87       0  CODE    
                text0                          007D44  000040  007D84      3EA2       0  CODE    
                text12                         007D84  000056  007DDA      3EC2       0  CODE    
                text5                          007DDA  00008E  007E68      3EED       0  CODE    
                text6                          007E68  0000C2  007F2A      3F34       0  CODE    
                text10                         007F2A  0000D6  008000      3F95       0  CODE    
                idloc                          200000  000008  200008    200000       0  IDLOC   
                config                         300000  00000E  30000E    300000       0  CONFIG  


UNUSED ADDRESS RANGES

        Name                Unused          Largest block    Delta
        BANK0            000060-0000FF               A0
        BANK1            000100-0001FF              100
        BANK2            000200-0002FF              100
        BANK3            000300-0003FF              100
        BANK4            000400-0004FF              100
        BANK5            000500-0005FF              100
        BANK6            000600-0006FF              100
        BANK7            000700-0007FF              100
        BIGRAM           000018-0007FF              7E8
        CODE             000004-007C3F             7C3C
        COMRAM           000018-00005F               48
        CONST            000004-007C3F             7C3C
        EEDATA           F00000-F000FF              100
        MEDIUMCONST      000800-007C3F             7440
        RAM              000060-0007FF              100
        SFR              000F53-000FFF                D
        SMALLCONST       000800-007C3F              100
        STACK            000060-0007FF              7A0

                                  Symbol Table

OpenSPI1@bus_mode               cstackCOMRAM 000011
OpenSPI1@smp_phase              cstackCOMRAM 000012
OpenSPI1@sync_mode              cstackCOMRAM 000013
WriteSPI1@TempVar               cstackCOMRAM 000011
WriteSPI1@data_out              cstackCOMRAM 000012
Write_Char_nRF@caracter         cstackCOMRAM 000013
_ACTCON                         (abs)        000FB5
_ANSELA                         (abs)        000F5B
_ANSELB                         (abs)        000F5C
_ANSELC                         (abs)        000F5D
_ANSELE                         (abs)        000F5F
_BYTE_RX                        bssCOMRAM    000001
_Ini_nRF                        text10       007F2A
_Initialize                     text7        007C42
_LATB                           (abs)        000F8A
_LATCbits                       (abs)        000F8B
_LATEbits                       (abs)        000F8D
_Led_parlante                   text6        007E68
_Notificacion                   text3        007C4C
_Notificar_Buzzer               text4        007C56
_OSCCON                         (abs)        000FD3
_OSCCON2                        (abs)        000FD2
_OSCILLATOR_Initialize          text9        007C64
_OSCTUNE                        (abs)        000F9B
_OpenSPI1                       text12       007D84
_PIR1bits                       (abs)        000F9E
_PORTA                          (abs)        000F80
_PORTBbits                      (abs)        000F81
_PORTC                          (abs)        000F82
_PORTE                          (abs)        000F84
_Pines                          text8        007D0E
_SSP1BUF                        (abs)        000FC9
_SSP1CON1                       (abs)        000FC6
_SSP1CON1bits                   (abs)        000FC6
_SSP1STAT                       (abs)        000FC7
_SSP1STATbits                   (abs)        000FC7
_TRISA                          (abs)        000F92
_TRISAbits                      (abs)        000F92
_TRISB                          (abs)        000F93
_TRISBbits                      (abs)        000F93
_TRISCbits                      (abs)        000F94
_TRISEbits                      (abs)        000F96
_TXmod_nRF                      text2        007CB8
_WriteSPI1                      text11       007C76
_Write_Char_nRF                 text1        007C94
__CFG_BOREN$SBORDIS             (abs)        000000
__CFG_BORV$190                  (abs)        000000
__CFG_CCP2MX$RC1                (abs)        000000
__CFG_CFGPLLEN$OFF              (abs)        000000
__CFG_CP0$OFF                   (abs)        000000
__CFG_CP1$OFF                   (abs)        000000
__CFG_CP2$OFF                   (abs)        000000
__CFG_CP3$OFF                   (abs)        000000
__CFG_CPB$OFF                   (abs)        000000
__CFG_CPD$OFF                   (abs)        000000
__CFG_CPUDIV$NOCLKDIV           (abs)        000000
__CFG_DEBUG$OFF                 (abs)        000000
__CFG_EBTR0$OFF                 (abs)        000000
__CFG_EBTR1$OFF                 (abs)        000000
__CFG_EBTR2$OFF                 (abs)        000000
__CFG_EBTR3$OFF                 (abs)        000000
__CFG_EBTRB$OFF                 (abs)        000000
__CFG_FCMEN$OFF                 (abs)        000000
__CFG_FOSC$INTOSCIO             (abs)        000000
__CFG_ICPRT$OFF                 (abs)        000000
__CFG_IESO$OFF                  (abs)        000000
__CFG_LS48MHZ$SYS24X4           (abs)        000000
__CFG_LVP$ON                    (abs)        000000
__CFG_MCLRE$ON                  (abs)        000000
__CFG_PBADEN$ON                 (abs)        000000
__CFG_PCLKEN$ON                 (abs)        000000
__CFG_PLLSEL$PLL4X              (abs)        000000
__CFG_SDOMX$RB3                 (abs)        000000
__CFG_STVREN$ON                 (abs)        000000
__CFG_T3CMX$RC0                 (abs)        000000
__CFG_WDTEN$OFF                 (abs)        000000
__CFG_WDTPS$32768               (abs)        000000
__CFG_WRT0$OFF                  (abs)        000000
__CFG_WRT1$OFF                  (abs)        000000
__CFG_WRT2$OFF                  (abs)        000000
__CFG_WRT3$OFF                  (abs)        000000
__CFG_WRTB$OFF                  (abs)        000000
__CFG_WRTC$OFF                  (abs)        000000
__CFG_WRTD$OFF                  (abs)        000000
__CFG_XINST$OFF                 (abs)        000000
__CFG_nLPBOR$OFF                (abs)        000000
__CFG_nPWRTEN$OFF               (abs)        000000
__HRAM                          (abs)        000000
__Habs1                         abs1         000000
__Hbank0                        bank0        000000
__Hbank1                        bank1        000000
__Hbank2                        bank2        000000
__Hbank3                        bank3        000000
__Hbank4                        bank4        000000
__Hbank5                        bank5        000000
__Hbank6                        bank6        000000
__Hbank7                        bank7        000000
__Hbigbss                       bigbss       000000
__Hbigdata                      bigdata      000000
__Hbigram                       bigram       000000
__Hbss                          bss          000000
__HbssCOMRAM                    bssCOMRAM    000000
__Hcinit                        cinit        000000
__Hclrtext                      clrtext      000000
__Hcomram                       comram       000000
__Hconfig                       config       30000E
__Hconst                        const        000000
__HcstackCOMRAM                 cstackCOMRAM 000000
__Hdata                         data         000000
__HdataCOMRAM                   dataCOMRAM   000000
__Heeprom_data                  eeprom_data  000000
__Hend_init                     end_init     000004
__Hfarbss                       farbss       000000
__Hfardata                      fardata      000000
__Hibigdata                     ibigdata     000000
__Hidata                        idata        000000
__HidataCOMRAM                  idataCOMRAM  000000
__Hidloc                        idloc        200008
__Hifardata                     ifardata     000000
__Hinit                         init         000000
__Hintcode                      intcode      000000
__Hintcode_body                 intcode_body 000000
__Hintcodelo                    intcodelo    000000
__Hintentry                     intentry     000000
__Hintret                       intret       000000
__Hintsave_regs                 intsave_regs 000000
__Hirdata                       irdata       000000
__Hmediumconst                  mediumconst  000000
__HnvFARRAM                     nvFARRAM     000000
__Hnvbit                        nvbit        000000
__Hnvrram                       nvrram       000000
__Hparam                        rparam       000000
__Hpowerup                      powerup      000000
__Hram                          ram          000000
__Hramtop                       ramtop       000800
__Hrbit                         rbit         000000
__Hrbss                         rbss         000000
__Hrdata                        rdata        000000
__Hreset_vec                    reset_vec    000000
__Hrparam                       rparam       000000
__Hsfr                          sfr          000000
__Hsmallconst                   smallconst   000000
__Hspace_0                      (abs)        30000E
__Hspace_1                      (abs)        000018
__Hspace_2                      (abs)        000000
__Hstack                        stack        000000
__Hstruct                       struct       000000
__Htemp                         temp         000000
__Htext                         text         000000
__Htext0                        text0        000000
__Htext1                        text1        000000
__Htext10                       text10       000000
__Htext11                       text11       000000
__Htext12                       text12       000000
__Htext2                        text2        000000
__Htext3                        text3        000000
__Htext4                        text4        000000
__Htext5                        text5        000000
__Htext6                        text6        000000
__Htext7                        text7        000000
__Htext8                        text8        000000
__Htext9                        text9        000000
__LRAM                          (abs)        000001
__Labs1                         abs1         000000
__Lbank0                        bank0        000000
__Lbank1                        bank1        000000
__Lbank2                        bank2        000000
__Lbank3                        bank3        000000
__Lbank4                        bank4        000000
__Lbank5                        bank5        000000
__Lbank6                        bank6        000000
__Lbank7                        bank7        000000
__Lbigbss                       bigbss       000000
__Lbigdata                      bigdata      000000
__Lbigram                       bigram       000000
__Lbss                          bss          000000
__LbssCOMRAM                    bssCOMRAM    000000
__Lcinit                        cinit        000000
__Lclrtext                      clrtext      000000
__Lcomram                       comram       000000
__Lconfig                       config       300000
__Lconst                        const        000000
__LcstackCOMRAM                 cstackCOMRAM 000000
__Ldata                         data         000000
__LdataCOMRAM                   dataCOMRAM   000000
__Leeprom_data                  eeprom_data  000000
__Lend_init                     end_init     000000
__Lfarbss                       farbss       000000
__Lfardata                      fardata      000000
__Libigdata                     ibigdata     000000
__Lidata                        idata        000000
__LidataCOMRAM                  idataCOMRAM  000000
__Lidloc                        idloc        200000
__Lifardata                     ifardata     000000
__Linit                         init         000000
__Lintcode                      intcode      000000
__Lintcode_body                 intcode_body 000000
__Lintcodelo                    intcodelo    000000
__Lintentry                     intentry     000000
__Lintret                       intret       000000
__Lintsave_regs                 intsave_regs 000000
__Lirdata                       irdata       000000
__Lmediumconst                  mediumconst  000000
__LnvFARRAM                     nvFARRAM     000000
__Lnvbit                        nvbit        000000
__Lnvrram                       nvrram       000000
__Lparam                        rparam       000000
__Lpowerup                      powerup      000000
__Lram                          ram          000000
__Lramtop                       ramtop       000800
__Lrbit                         rbit         000000
__Lrbss                         rbss         000000
__Lrdata                        rdata        000000
__Lreset_vec                    reset_vec    000000
__Lrparam                       rparam       000000
__Lsfr                          sfr          000000
__Lsmallconst                   smallconst   000000
__Lspace_0                      (abs)        000000
__Lspace_1                      (abs)        000000
__Lspace_2                      (abs)        000000
__Lstack                        stack        000000
__Lstruct                       struct       000000
__Ltemp                         temp         000000
__Ltext                         text         000000
__Ltext0                        text0        000000
__Ltext1                        text1        000000
__Ltext10                       text10       000000
__Ltext11                       text11       000000
__Ltext12                       text12       000000
__Ltext2                        text2        000000
__Ltext3                        text3        000000
__Ltext4                        text4        000000
__Ltext5                        text5        000000
__Ltext6                        text6        000000
__Ltext7                        text7        000000
__Ltext8                        text8        000000
__Ltext9                        text9        000000
__S0                            (abs)        30000E
__S1                            (abs)        000018
__S2                            (abs)        000000
___inthi_sp                     stack        000000
___intlo_sp                     stack        000000
___sp                           stack        000000
__accesstop                     (abs)        000060
__activetblptr                  (abs)        000002
__end_of_Ini_nRF                text10       008000
__end_of_Initialize             text7        007C4C
__end_of_Led_parlante           text6        007F2A
__end_of_Notificacion           text3        007C56
__end_of_Notificar_Buzzer       text4        007C64
__end_of_OSCILLATOR_Initialize  text9        007C76
__end_of_OpenSPI1               text12       007DDA
__end_of_Pines                  text8        007D44
__end_of_TXmod_nRF              text2        007CE0
__end_of_WriteSPI1              text11       007C94
__end_of_Write_Char_nRF         text1        007CB8
__end_of__initialization        cinit        007D04
__end_of_delay_1s               text5        007E68
__end_of_main                   text0        007D84
__initialization                cinit        007CE0
__mediumconst                   mediumconst  000000
__pbssCOMRAM                    bssCOMRAM    000001
__pcinit                        cinit        007CE0
__pcstackCOMRAM                 cstackCOMRAM 000011
__pdataCOMRAM                   dataCOMRAM   000016
__pidataCOMRAM                  idataCOMRAM  007C40
__ptext0                        text0        007D44
__ptext1                        text1        007C94
__ptext10                       text10       007F2A
__ptext11                       text11       007C76
__ptext12                       text12       007D84
__ptext2                        text2        007CB8
__ptext3                        text3        007C4C
__ptext4                        text4        007C56
__ptext5                        text5        007DDA
__ptext6                        text6        007E68
__ptext7                        text7        007C42
__ptext8                        text8        007D0E
__ptext9                        text9        007C64
__ramtop                        ramtop       000800
__size_of_Ini_nRF               (abs)        000000
__size_of_Initialize            (abs)        000000
__size_of_Led_parlante          (abs)        000000
__size_of_Notificacion          (abs)        000000
__size_of_Notificar_Buzzer      (abs)        000000
__size_of_OSCILLATOR_Initialize (abs)        000000
__size_of_OpenSPI1              (abs)        000000
__size_of_Pines                 (abs)        000000
__size_of_TXmod_nRF             (abs)        000000
__size_of_WriteSPI1             (abs)        000000
__size_of_Write_Char_nRF        (abs)        000000
__size_of_delay_1s              (abs)        000000
__size_of_main                  (abs)        000000
__smallconst                    smallconst   000000
_delay_1s                       text5        007DDA
_dir                            bssCOMRAM    000003
_dir0                           bssCOMRAM    000005
_dir1                           bssCOMRAM    000007
_dir2                           bssCOMRAM    000009
_dn                             bssCOMRAM    00000B
_dn1                            bssCOMRAM    00000D
_dummy                          dataCOMRAM   000016
_main                           text0        007D44
_stat                           bssCOMRAM    00000F
end_of_initialization           cinit        007D04
intlevel0                       text         000000
intlevel1                       text         000000
intlevel2                       text         000000
intlevel3                       text         000000
stackhi                         (abs)        0007FF
stacklo                         (abs)        000060
start                           init         000000
start_initialization            cinit        007CE0


FUNCTION INFORMATION:

 *************** function _main *****************
 Defined at:
		line 280 in file "main.c"
 Parameters:    Size  Location     Type
		None
 Auto vars:     Size  Location     Type
		None
 Return value:  Size  Location     Type
		None               void
 Registers used:
		wreg, status,2, status,0, cstack
 Tracked objects:
		On entry : 
		On exit  : 
		Unchanged: 
 Data sizes:     COMRAM   BANK0   BANK1   BANK2   BANK3   BANK4   BANK5   BANK6   BANK7
      Params:         0       0       0       0       0       0       0       0       0
      Locals:         0       0       0       0       0       0       0       0       0
      Temps:          1       0       0       0       0       0       0       0       0
      Totals:         1       0       0       0       0       0       0       0       0
Total ram usage:        1 bytes
 Hardware stack levels required when called:    3
 This function calls:
		_Ini_nRF
		_Initialize
		_Notificacion
		_TXmod_nRF
		_Write_Char_nRF
		_delay_1s
 This function is called by:
		Startup code after reset
 This function uses a non-reentrant model


 *************** function _Write_Char_nRF *****************
 Defined at:
		line 136 in file "sensor.c"
 Parameters:    Size  Location     Type
  caracter        1    wreg     unsigned char 
 Auto vars:     Size  Location     Type
  caracter        1    2[COMRAM] unsigned char 
 Return value:  Size  Location     Type
		None               void
 Registers used:
		wreg, status,2, cstack
 Tracked objects:
		On entry : 
		On exit  : 
		Unchanged: 
 Data sizes:     COMRAM   BANK0   BANK1   BANK2   BANK3   BANK4   BANK5   BANK6   BANK7
      Params:         0       0       0       0       0       0       0       0       0
      Locals:         1       0       0       0       0       0       0       0       0
      Temps:          0       0       0       0       0       0       0       0       0
      Totals:         1       0       0       0       0       0       0       0       0
Total ram usage:        1 bytes
 Hardware stack levels used:    1
 Hardware stack levels required when called:    1
 This function calls:
		_WriteSPI1
 This function is called by:
		_main
 This function uses a non-reentrant model


 *************** function _TXmod_nRF *****************
 Defined at:
		line 90 in file "sensor.c"
 Parameters:    Size  Location     Type
		None
 Auto vars:     Size  Location     Type
		None
 Return value:  Size  Location     Type
		None               void
 Registers used:
		wreg, cstack
 Tracked objects:
		On entry : 
		On exit  : 
		Unchanged: 
 Data sizes:     COMRAM   BANK0   BANK1   BANK2   BANK3   BANK4   BANK5   BANK6   BANK7
      Params:         0       0       0       0       0       0       0       0       0
      Locals:         0       0       0       0       0       0       0       0       0
      Temps:          0       0       0       0       0       0       0       0       0
      Totals:         0       0       0       0       0       0       0       0       0
Total ram usage:        0 bytes
 Hardware stack levels used:    1
 Hardware stack levels required when called:    1
 This function calls:
		_WriteSPI1
 This function is called by:
		_main
 This function uses a non-reentrant model


 *************** function _Notificacion *****************
 Defined at:
		line 99 in file "inicio.c"
 Parameters:    Size  Location     Type
		None
 Auto vars:     Size  Location     Type
		None
 Return value:  Size  Location     Type
		None               void
 Registers used:
		wreg, cstack
 Tracked objects:
		On entry : 
		On exit  : 
		Unchanged: 
 Data sizes:     COMRAM   BANK0   BANK1   BANK2   BANK3   BANK4   BANK5   BANK6   BANK7
      Params:         0       0       0       0       0       0       0       0       0
      Locals:         0       0       0       0       0       0       0       0       0
      Temps:          0       0       0       0       0       0       0       0       0
      Totals:         0       0       0       0       0       0       0       0       0
Total ram usage:        0 bytes
 Hardware stack levels used:    1
 Hardware stack levels required when called:    2
 This function calls:
		_Led_parlante
		_Notificar_Buzzer
 This function is called by:
		_main
 This function uses a non-reentrant model


 *************** function _Notificar_Buzzer *****************
 Defined at:
		line 91 in file "inicio.c"
 Parameters:    Size  Location     Type
		None
 Auto vars:     Size  Location     Type
		None
 Return value:  Size  Location     Type
		None               void
 Registers used:
		wreg, cstack
 Tracked objects:
		On entry : 
		On exit  : 
		Unchanged: 
 Data sizes:     COMRAM   BANK0   BANK1   BANK2   BANK3   BANK4   BANK5   BANK6   BANK7
      Params:         0       0       0       0       0       0       0       0       0
      Locals:         0       0       0       0       0       0       0       0       0
      Temps:          0       0       0       0       0       0       0       0       0
      Totals:         0       0       0       0       0       0       0       0       0
Total ram usage:        0 bytes
 Hardware stack levels used:    1
 Hardware stack levels required when called:    1
 This function calls:
		_delay_1s
 This function is called by:
		_Notificacion
 This function uses a non-reentrant model


 *************** function _delay_1s *****************
 Defined at:
		line 48 in file "inicio.c"
 Parameters:    Size  Location     Type
		None
 Auto vars:     Size  Location     Type
		None
 Return value:  Size  Location     Type
		None               void
 Registers used:
		wreg
 Tracked objects:
		On entry : 
		On exit  : 
		Unchanged: 
 Data sizes:     COMRAM   BANK0   BANK1   BANK2   BANK3   BANK4   BANK5   BANK6   BANK7
      Params:         0       0       0       0       0       0       0       0       0
      Locals:         0       0       0       0       0       0       0       0       0
      Temps:          1       0       0       0       0       0       0       0       0
      Totals:         1       0       0       0       0       0       0       0       0
Total ram usage:        1 bytes
 Hardware stack levels used:    1
 This function calls:
		Nothing
 This function is called by:
		_main
		_Notificar_Buzzer
 This function uses a non-reentrant model


 *************** function _Led_parlante *****************
 Defined at:
		line 63 in file "inicio.c"
 Parameters:    Size  Location     Type
		None
 Auto vars:     Size  Location     Type
		None
 Return value:  Size  Location     Type
		None               void
 Registers used:
		wreg
 Tracked objects:
		On entry : 
		On exit  : 
		Unchanged: 
 Data sizes:     COMRAM   BANK0   BANK1   BANK2   BANK3   BANK4   BANK5   BANK6   BANK7
      Params:         0       0       0       0       0       0       0       0       0
      Locals:         0       0       0       0       0       0       0       0       0
      Temps:          1       0       0       0       0       0       0       0       0
      Totals:         1       0       0       0       0       0       0       0       0
Total ram usage:        1 bytes
 Hardware stack levels used:    1
 This function calls:
		Nothing
 This function is called by:
		_Notificacion
 This function uses a non-reentrant model


 *************** function _Initialize *****************
 Defined at:
		line 9 in file "inicio.c"
 Parameters:    Size  Location     Type
		None
 Auto vars:     Size  Location     Type
		None
 Return value:  Size  Location     Type
		None               void
 Registers used:
		wreg, status,2, cstack
 Tracked objects:
		On entry : 
		On exit  : 
		Unchanged: 
 Data sizes:     COMRAM   BANK0   BANK1   BANK2   BANK3   BANK4   BANK5   BANK6   BANK7
      Params:         0       0       0       0       0       0       0       0       0
      Locals:         0       0       0       0       0       0       0       0       0
      Temps:          0       0       0       0       0       0       0       0       0
      Totals:         0       0       0       0       0       0       0       0       0
Total ram usage:        0 bytes
 Hardware stack levels used:    1
 Hardware stack levels required when called:    1
 This function calls:
		_OSCILLATOR_Initialize
		_Pines
 This function is called by:
		_main
 This function uses a non-reentrant model


 *************** function _Pines *****************
 Defined at:
		line 32 in file "inicio.c"
 Parameters:    Size  Location     Type
		None
 Auto vars:     Size  Location     Type
		None
 Return value:  Size  Location     Type
		None               void
 Registers used:
		wreg, status,2
 Tracked objects:
		On entry : 
		On exit  : 
		Unchanged: 
 Data sizes:     COMRAM   BANK0   BANK1   BANK2   BANK3   BANK4   BANK5   BANK6   BANK7
      Params:         0       0       0       0       0       0       0       0       0
      Locals:         0       0       0       0       0       0       0       0       0
      Temps:          0       0       0       0       0       0       0       0       0
      Totals:         0       0       0       0       0       0       0       0       0
Total ram usage:        0 bytes
 Hardware stack levels used:    1
 This function calls:
		Nothing
 This function is called by:
		_Initialize
 This function uses a non-reentrant model


 *************** function _OSCILLATOR_Initialize *****************
 Defined at:
		line 20 in file "inicio.c"
 Parameters:    Size  Location     Type
		None
 Auto vars:     Size  Location     Type
		None
 Return value:  Size  Location     Type
		None               void
 Registers used:
		wreg, status,2
 Tracked objects:
		On entry : 
		On exit  : 
		Unchanged: 
 Data sizes:     COMRAM   BANK0   BANK1   BANK2   BANK3   BANK4   BANK5   BANK6   BANK7
      Params:         0       0       0       0       0       0       0       0       0
      Locals:         0       0       0       0       0       0       0       0       0
      Temps:          0       0       0       0       0       0       0       0       0
      Totals:         0       0       0       0       0       0       0       0       0
Total ram usage:        0 bytes
 Hardware stack levels used:    1
 This function calls:
		Nothing
 This function is called by:
		_Initialize
 This function uses a non-reentrant model


 *************** function _Ini_nRF *****************
 Defined at:
		line 11 in file "sensor.c"
 Parameters:    Size  Location     Type
		None
 Auto vars:     Size  Location     Type
		None
 Return value:  Size  Location     Type
		None               void
 Registers used:
		wreg, status,2, status,0, cstack
 Tracked objects:
		On entry : 
		On exit  : 
		Unchanged: 
 Data sizes:     COMRAM   BANK0   BANK1   BANK2   BANK3   BANK4   BANK5   BANK6   BANK7
      Params:         0       0       0       0       0       0       0       0       0
      Locals:         0       0       0       0       0       0       0       0       0
      Temps:          1       0       0       0       0       0       0       0       0
      Totals:         1       0       0       0       0       0       0       0       0
Total ram usage:        1 bytes
 Hardware stack levels used:    1
 Hardware stack levels required when called:    1
 This function calls:
		_OpenSPI1
		_WriteSPI1
 This function is called by:
		_main
 This function uses a non-reentrant model


 *************** function _WriteSPI1 *****************
 Defined at:
		line 13 in file "/opt/microchip/xc8/v1.32/sources/pic18/plib/SPI/spi1writ.c"
 Parameters:    Size  Location     Type
  data_out        1    wreg     unsigned char 
 Auto vars:     Size  Location     Type
  data_out        1    1[COMRAM] unsigned char 
  TempVar         1    0[COMRAM] unsigned char 
 Return value:  Size  Location     Type
                  1    wreg      char 
 Registers used:
		wreg
 Tracked objects:
		On entry : 
		On exit  : 
		Unchanged: 
 Data sizes:     COMRAM   BANK0   BANK1   BANK2   BANK3   BANK4   BANK5   BANK6   BANK7
      Params:         0       0       0       0       0       0       0       0       0
      Locals:         2       0       0       0       0       0       0       0       0
      Temps:          0       0       0       0       0       0       0       0       0
      Totals:         2       0       0       0       0       0       0       0       0
Total ram usage:        2 bytes
 Hardware stack levels used:    1
 This function calls:
		Nothing
 This function is called by:
		_Ini_nRF
		_TXmod_nRF
		_Write_Char_nRF
		_RXmod_nRF
		_Read_Status_nRF
		_Clear_Status_nRF
		_Read_Char_nRF
		_Read_String_nRF
		_Write_String_nRF
		_FlushTx_nRF
		_FlushRx_nRF
		_RF_WRITE_ARRAY
		_RF_READ_ARRAY
		_RF_WRITE_BYTE
		_RF_READ_BYTE
 This function uses a non-reentrant model


 *************** function _OpenSPI1 *****************
 Defined at:
		line 63 in file "/opt/microchip/xc8/v1.32/sources/pic18/plib/SPI/spi1open.c"
 Parameters:    Size  Location     Type
  sync_mode       1    wreg     unsigned char 
  bus_mode        1    0[COMRAM] unsigned char 
  smp_phase       1    1[COMRAM] unsigned char 
 Auto vars:     Size  Location     Type
  sync_mode       1    2[COMRAM] unsigned char 
 Return value:  Size  Location     Type
		None               void
 Registers used:
		wreg, status,2, status,0
 Tracked objects:
		On entry : 
		On exit  : 
		Unchanged: 
 Data sizes:     COMRAM   BANK0   BANK1   BANK2   BANK3   BANK4   BANK5   BANK6   BANK7
      Params:         2       0       0       0       0       0       0       0       0
      Locals:         1       0       0       0       0       0       0       0       0
      Temps:          0       0       0       0       0       0       0       0       0
      Totals:         3       0       0       0       0       0       0       0       0
Total ram usage:        3 bytes
 Hardware stack levels used:    1
 This function calls:
		Nothing
 This function is called by:
		_Ini_nRF
 This function uses a non-reentrant model



MODULE INFORMATION

Module		Function		Class		Link	Load	Size
sensor.c
		_Ini_nRF       		CODE           	7F2A	0000	214
		_Write_Char_nRF		CODE           	7C94	0000	36
		_TXmod_nRF     		CODE           	7CB8	0000	40

sensor.c estimated size: 290

/opt/microchip/xc8/v1.32/sources/pic18/plib/SPI/spi1open.c
		_OpenSPI1      		CODE           	7D84	0000	86

/opt/microchip/xc8/v1.32/sources/pic18/plib/SPI/spi1open.c estimated size: 86

inicio.c
		_Notificacion  		CODE           	7C4C	0000	10
		_Notificar_Buzz		CODE           	7C56	0000	14
		_Pines         		CODE           	7D0E	0000	54
		_Initialize    		CODE           	7C42	0000	10
		_delay_1s      		CODE           	7DDA	0000	142
		_Led_parlante  		CODE           	7E68	0000	194
		_OSCILLATOR_Ini		CODE           	7C64	0000	18

inicio.c estimated size: 442

/opt/microchip/xc8/v1.32/sources/pic18/plib/SPI/spi1writ.c
		_WriteSPI1     		CODE           	7C76	0000	30

/opt/microchip/xc8/v1.32/sources/pic18/plib/SPI/spi1writ.c estimated size: 30

shared
		__initializatio		CODE           	7CE0	0000	36

shared estimated size: 36

main.c
		_main          		CODE           	7D44	0000	64

main.c estimated size: 64

