Microchip MPLAB XC8 Compiler V1.32 ()

Linker command line:

-W-3 --edf=/opt/microchip/xc8/v1.32/dat/en_msgs.txt -cs \
  -h+dist/default/production/NRF24_HC05.X.production.sym \
  --cmf=dist/default/production/NRF24_HC05.X.production.cmf -z -Q18F45K50 \
  -o/tmp/cgtInESWp -Mdist/default/production/NRF24_HC05.X.production.map \
  -E1 -ver=XC8 -ASTACK=060h-07ffh -pstack=STACK -ACODE=00h-07FFFh \
  -ACONST=00h-07FFFh -ASMALLCONST=0800h-08FFhx120 \
  -AMEDIUMCONST=0800h-07FFFh -ACOMRAM=01h-05Fh -AABS1=00h-07FFh \
  -ABIGRAM=01h-07FFh -ARAM=060h-0FFh,0100h-01FFhx7 -ABANK0=060h-0FFh \
  -ABANK1=0100h-01FFh -ABANK2=0200h-02FFh -ABANK3=0300h-03FFh \
  -ABANK4=0400h-04FFh -ABANK5=0500h-05FFh -ABANK6=0600h-06FFh \
  -ABANK7=0700h-07FFh -ASFR=0F53h-0F5Fh,0F60h-0FFFh \
  -preset_vec=00h,intcode=08h,intcodelo,powerup,init,end_init \
  -pramtop=0800h -psmallconst=SMALLCONST -pmediumconst=MEDIUMCONST \
  -pconst=CONST -AFARRAM=00h-00h -ACONFIG=0300000h-030000Dh -pconfig=CONFIG \
  -AIDLOC=0200000h-0200007h -pidloc=IDLOC -AEEDATA=0F00000h-0F000FFh \
  -peeprom_data=EEDATA \
  -prdata=COMRAM,nvrram=COMRAM,nvbit=COMRAM,rbss=COMRAM,rbit=COMRAM \
  -pfarbss=FARRAM,fardata=FARRAM,nvFARRAM=FARRAM \
  -pintsave_regs=BIGRAM,bigbss=BIGRAM,bigdata=BIGRAM -pbss=RAM \
  -pidata=CODE,irdata=CODE,ibigdata=CODE,ifardata=CODE /tmp/cgtb741xj.obj \
  dist/default/production/NRF24_HC05.X.production.obj 

Object code version is 3.11

Machine type is 18F45K50

Call graph: (short form)




                Name                               Link     Load   Length Selector   Space Scale
/tmp/cgtb741xj.obj
                end_init                            10E      10E        4        4       0
                reset_vec                             0        0        4        0       0
                idloc                            200000   200000        8   200000       0
                config                           300000   300000        E   300000       0
dist/default/production/NRF24_HC05.X.production.obj
                intcode                               8        8      106        4       0
                smallconst                          800      800       12      400       0
                text22                              BD2      BD2       56      409       0
                text21                              D2A      D2A       18      409       0
                text20                              812      812       D6      409       0
                text19                              9BA      9BA       C2      409       0
                text18                              A7C      A7C       8E      409       0
                text17                              D66      D66        E      409       0
                text16                              DBE      DBE        A      409       0
                text15                              DB4      DB4        A      409       0
                text14                              DAA      DAA        A      409       0
                text13                              DA0      DA0        A      409       0
                text12                              D96      D96        A      409       0
                text11                              B78      B78       5A      409       0
                text10                              DC8      DC8        4      409       0
                text9                               D54      D54       12      409       0
                text8                               C28      C28       46      409       0
                text7                               D42      D42       12      409       0
                text6                               CDC      CDC       28      409       0
                text5                               D04      D04       26      409       0
                text4                               C6E      C6E       38      409       0
                text3                               D80      D80        C      409       0
                text2                               D8C      D8C        A      409       0
                text1                               8E8      8E8       D2      409       0
                text0                               B0A      B0A       6E      409       0
                cstackCOMRAM                          1        1       23        1       1
                dataCOMRAM                           3D       3D        C        1       1
                bssCOMRAM                            24       24       19        1       1
                cinit                               CA6      CA6       36      409       0
                nvCOMRAM                             49       49        8        1       1
                idataCOMRAM                         D74      D74        C      409       0

TOTAL           Name                               Link     Load   Length     Space
        CLASS   STACK          

        CLASS   CODE           
                end_init                            10E      10E        4         0
                intcode                               8        8      106         0
                reset_vec                             0        0        4         0
                text22                              BD2      BD2       56         0
                text21                              D2A      D2A       18         0
                text20                              812      812       D6         0
                text19                              9BA      9BA       C2         0
                text18                              A7C      A7C       8E         0
                text17                              D66      D66        E         0
                text16                              DBE      DBE        A         0
                text15                              DB4      DB4        A         0
                text14                              DAA      DAA        A         0
                text13                              DA0      DA0        A         0
                text12                              D96      D96        A         0
                text11                              B78      B78       5A         0
                text10                              DC8      DC8        4         0
                text9                               D54      D54       12         0
                text8                               C28      C28       46         0
                text7                               D42      D42       12         0
                text6                               CDC      CDC       28         0
                text5                               D04      D04       26         0
                text4                               C6E      C6E       38         0
                text3                               D80      D80        C         0
                text2                               D8C      D8C        A         0
                text1                               8E8      8E8       D2         0
                text0                               B0A      B0A       6E         0
                cinit                               CA6      CA6       36         0
                idataCOMRAM                         D74      D74        C         0

        CLASS   CONST          

        CLASS   SMALLCONST     
                smallconst                          800      800       12         0

        CLASS   MEDIUMCONST    

        CLASS   COMRAM         
                cstackCOMRAM                          1        1       23         1
                dataCOMRAM                           3D       3D        C         1
                bssCOMRAM                            24       24       19         1
                nvCOMRAM                             49       49        8         1

        CLASS   ABS1           

        CLASS   BIGRAM         

        CLASS   RAM            

        CLASS   BANK0          

        CLASS   BANK1          

        CLASS   BANK2          

        CLASS   BANK3          

        CLASS   BANK4          

        CLASS   BANK5          

        CLASS   BANK6          

        CLASS   BANK7          

        CLASS   SFR            

        CLASS   FARRAM         

        CLASS   CONFIG         
                config                           300000   300000        E         0

        CLASS   IDLOC          
                idloc                            200000   200000        8         0

        CLASS   EEDATA         



SEGMENTS        Name                           Load    Length   Top    Selector   Space  Class

                reset_vec                      000000  000004  000004         0       0  CODE    
                cstackCOMRAM                   000001  000050  000051         1       1  COMRAM  
                intcode                        000008  00010A  000112         4       0  CODE    
                smallconst                     000800  000012  000812       400       0  SMALLCON
                text20                         000812  0005BA  000DCC       409       0  CODE    
                idloc                          200000  000008  200008    200000       0  IDLOC   
                config                         300000  00000E  30000E    300000       0  CONFIG  


UNUSED ADDRESS RANGES

        Name                Unused          Largest block    Delta
        BANK0            000060-0000FF               A0
        BANK1            000100-0001FF              100
        BANK2            000200-0002FF              100
        BANK3            000300-0003FF              100
        BANK4            000400-0004FF              100
        BANK5            000500-0005FF              100
        BANK6            000600-0006FF              100
        BANK7            000700-0007FF              100
        BIGRAM           000051-0007FF              7AF
        CODE             000004-000007                4
                         000112-0007FF              6EE
                         000DCC-007FFF             7234
        COMRAM           000051-00005F                F
        CONST            000004-000007                4
                         000112-0007FF              6EE
                         000DCC-007FFF             7234
        EEDATA           F00000-F000FF              100
        MEDIUMCONST      000DCC-007FFF             7234
        RAM              000060-0007FF              100
        SFR              000F53-000FFF                D
        SMALLCONST       000DCC-007FFF              100
        STACK            000060-0007FF              7A0

                                  Symbol Table

?_printf                                        cstackCOMRAM 000017
EUSART1_SetErrorHandler@interruptHandler        cstackCOMRAM 000015
EUSART1_SetFramingErrorHandler@interruptHandler cstackCOMRAM 000015
EUSART1_SetOverrunErrorHandler@interruptHandler cstackCOMRAM 000015
EUSART1_SetRxInterruptHandler@interruptHandler  cstackCOMRAM 000015
EUSART1_Write@txData                            cstackCOMRAM 000015
OpenSPI1@bus_mode                               cstackCOMRAM 000015
OpenSPI1@smp_phase                              cstackCOMRAM 000016
OpenSPI1@sync_mode                              cstackCOMRAM 000017
WriteSPI1@TempVar                               cstackCOMRAM 000015
WriteSPI1@data_out                              cstackCOMRAM 000016
Write_String_nRF@message                        cstackCOMRAM 000017
_ACTCON                                         (abs)        000FB5
_ANSELA                                         (abs)        000F5B
_ANSELB                                         (abs)        000F5C
_ANSELC                                         (abs)        000F5D
_ANSELD                                         (abs)        000F5E
_ANSELE                                         (abs)        000F5F
_BAUDCON1                                       (abs)        000FB8
_EEADR                                          (abs)        000FA9
_EECON1bits                                     (abs)        000FA6
_EECON2                                         (abs)        000FA7
_EEDATA                                         (abs)        000FA8
_EUSART1_DefaultErrorHandler                    (abs)        000000
_EUSART1_DefaultFramingErrorHandler             (abs)        000000
_EUSART1_DefaultOverrunErrorHandler             (abs)        000000
_EUSART1_ErrorHandler                           nvCOMRAM     000049
_EUSART1_FramingErrorHandler                    nvCOMRAM     00004B
_EUSART1_Initialize                             text11       000B78
_EUSART1_OverrunErrorHandler                    nvCOMRAM     00004D
_EUSART1_Receive_ISR                            (abs)        000000
_EUSART1_RxDefaultInterruptHandler              nvCOMRAM     00004F
_EUSART1_SetErrorHandler                        text15       000DB4
_EUSART1_SetFramingErrorHandler                 text14       000DAA
_EUSART1_SetOverrunErrorHandler                 text13       000DA0
_EUSART1_SetRxInterruptHandler                  text12       000D96
_EUSART1_Write                                  text3        000D80
_INTCON2bits                                    (abs)        000FF1
_INTCONbits                                     (abs)        000FF2
_INTERRUPT_Initialize                           text10       000DC8
_Ini_nRF                                        text20       000812
_LATA                                           (abs)        000F89
_LATAbits                                       (abs)        000F89
_LATB                                           (abs)        000F8A
_LATC                                           (abs)        000F8B
_LATD                                           (abs)        000F8C
_LATE                                           (abs)        000F8D
_LATEbits                                       (abs)        000F8D
_Led_parlante                                   text19       0009BA
_Notificacion                                   text16       000DBE
_Notificar_Buzzer                               text17       000D66
_OSCCON                                         (abs)        000FD3
_OSCCON2                                        (abs)        000FD2
_OSCILLATOR_Initialize                          text9        000D54
_OSCTUNE                                        (abs)        000F9B
_OpenSPI1                                       text22       000BD2
_PIE1bits                                       (abs)        000F9D
_PIN_MANAGER_Initialize                         text8        000C28
_PIR1bits                                       (abs)        000F9E
_PIR2bits                                       (abs)        000FA1
_PORTBbits                                      (abs)        000F81
_RCONbits                                       (abs)        000FD0
_RCREG1                                         (abs)        000FAE
_RCSTA1                                         (abs)        000FAB
_RCSTA1bits                                     (abs)        000FAB
_SPBRG1                                         (abs)        000FAF
_SPBRGH1                                        (abs)        000FB0
_SSP1BUF                                        (abs)        000FC9
_SSP1CON1                                       (abs)        000FC6
_SSP1CON1bits                                   (abs)        000FC6
_SSP1STAT                                       (abs)        000FC7
_SSP1STATbits                                   (abs)        000FC7
_SYSTEM_Initialize                              text7        000D42
_TABLAT                                         (abs)        000FF5
_TBLPTRH                                        (abs)        000FF7
_TBLPTRL                                        (abs)        000FF6
_TBLPTRU                                        (abs)        000FF8
_TRISA                                          (abs)        000F92
_TRISAbits                                      (abs)        000F92
_TRISB                                          (abs)        000F93
_TRISBbits                                      (abs)        000F93
_TRISC                                          (abs)        000F94
_TRISD                                          (abs)        000F95
_TRISE                                          (abs)        000F96
_TXREG1                                         (abs)        000FAD
_TXSTA1                                         (abs)        000FAC
_TXSTA1bits                                     (abs)        000FAC
_TXmod_nRF                                      text6        000CDC
_WriteSPI1                                      text21       000D2A
_Write_String_nRF                               text4        000C6E
__CFG_BOREN$SBORDIS                             (abs)        000000
__CFG_BORV$190                                  (abs)        000000
__CFG_CCP2MX$RC1                                (abs)        000000
__CFG_CFGPLLEN$OFF                              (abs)        000000
__CFG_CP0$OFF                                   (abs)        000000
__CFG_CP1$OFF                                   (abs)        000000
__CFG_CP2$OFF                                   (abs)        000000
__CFG_CP3$OFF                                   (abs)        000000
__CFG_CPB$OFF                                   (abs)        000000
__CFG_CPD$OFF                                   (abs)        000000
__CFG_CPUDIV$NOCLKDIV                           (abs)        000000
__CFG_DEBUG$OFF                                 (abs)        000000
__CFG_EBTR0$OFF                                 (abs)        000000
__CFG_EBTR1$OFF                                 (abs)        000000
__CFG_EBTR2$OFF                                 (abs)        000000
__CFG_EBTR3$OFF                                 (abs)        000000
__CFG_EBTRB$OFF                                 (abs)        000000
__CFG_FCMEN$OFF                                 (abs)        000000
__CFG_FOSC$INTOSCIO                             (abs)        000000
__CFG_ICPRT$OFF                                 (abs)        000000
__CFG_IESO$OFF                                  (abs)        000000
__CFG_LS48MHZ$SYS24X4                           (abs)        000000
__CFG_LVP$ON                                    (abs)        000000
__CFG_MCLRE$ON                                  (abs)        000000
__CFG_PBADEN$ON                                 (abs)        000000
__CFG_PCLKEN$ON                                 (abs)        000000
__CFG_PLLSEL$PLL4X                              (abs)        000000
__CFG_SDOMX$RB3                                 (abs)        000000
__CFG_STVREN$ON                                 (abs)        000000
__CFG_T3CMX$RC0                                 (abs)        000000
__CFG_WDTEN$OFF                                 (abs)        000000
__CFG_WDTPS$32768                               (abs)        000000
__CFG_WRT0$OFF                                  (abs)        000000
__CFG_WRT1$OFF                                  (abs)        000000
__CFG_WRT2$OFF                                  (abs)        000000
__CFG_WRT3$OFF                                  (abs)        000000
__CFG_WRTB$OFF                                  (abs)        000000
__CFG_WRTC$OFF                                  (abs)        000000
__CFG_WRTD$OFF                                  (abs)        000000
__CFG_XINST$OFF                                 (abs)        000000
__CFG_nLPBOR$OFF                                (abs)        000000
__CFG_nPWRTEN$OFF                               (abs)        000000
__HRAM                                          (abs)        000000
__Habs1                                         abs1         000000
__Hbank0                                        bank0        000000
__Hbank1                                        bank1        000000
__Hbank2                                        bank2        000000
__Hbank3                                        bank3        000000
__Hbank4                                        bank4        000000
__Hbank5                                        bank5        000000
__Hbank6                                        bank6        000000
__Hbank7                                        bank7        000000
__Hbigbss                                       bigbss       000000
__Hbigdata                                      bigdata      000000
__Hbigram                                       bigram       000000
__Hbss                                          bss          000000
__HbssCOMRAM                                    bssCOMRAM    000000
__Hcinit                                        cinit        000000
__Hclrtext                                      clrtext      000000
__Hcomram                                       comram       000000
__Hconfig                                       config       30000E
__Hconst                                        const        000000
__HcstackCOMRAM                                 cstackCOMRAM 000000
__Hdata                                         data         000000
__HdataCOMRAM                                   dataCOMRAM   000000
__Heeprom_data                                  eeprom_data  000000
__Hend_init                                     end_init     000112
__Hfarbss                                       farbss       000000
__Hfardata                                      fardata      000000
__Hibigdata                                     ibigdata     000000
__Hidata                                        idata        000000
__HidataCOMRAM                                  idataCOMRAM  000000
__Hidloc                                        idloc        200008
__Hifardata                                     ifardata     000000
__Hinit                                         init         00010E
__Hintcode                                      intcode      00010E
__Hintcode_body                                 intcode_body 000000
__Hintcodelo                                    intcodelo    00010E
__Hintentry                                     intentry     000000
__Hintret                                       intret       000000
__Hintsave_regs                                 intsave_regs 000000
__Hirdata                                       irdata       000000
__Hmediumconst                                  mediumconst  000000
__HnvCOMRAM                                     nvCOMRAM     000000
__HnvFARRAM                                     nvFARRAM     000000
__Hnvbit                                        nvbit        000000
__Hnvrram                                       nvrram       000000
__Hparam                                        rparam       000000
__Hpowerup                                      powerup      00010E
__Hram                                          ram          000000
__Hramtop                                       ramtop       000800
__Hrbit                                         rbit         000000
__Hrbss                                         rbss         000000
__Hrdata                                        rdata        000000
__Hreset_vec                                    reset_vec    000004
__Hrparam                                       rparam       000000
__Hsfr                                          sfr          000000
__Hsmallconst                                   smallconst   000812
__Hspace_0                                      (abs)        30000E
__Hspace_1                                      (abs)        000051
__Hspace_2                                      (abs)        000000
__Hstack                                        stack        000000
__Hstruct                                       struct       000000
__Htemp                                         temp         000000
__Htext                                         text         000000
__Htext0                                        text0        000000
__Htext1                                        text1        000000
__Htext10                                       text10       000000
__Htext11                                       text11       000000
__Htext12                                       text12       000000
__Htext13                                       text13       000000
__Htext14                                       text14       000000
__Htext15                                       text15       000000
__Htext16                                       text16       000000
__Htext17                                       text17       000000
__Htext18                                       text18       000000
__Htext19                                       text19       000000
__Htext2                                        text2        000000
__Htext20                                       text20       000000
__Htext21                                       text21       000000
__Htext22                                       text22       000000
__Htext3                                        text3        000000
__Htext4                                        text4        000000
__Htext5                                        text5        000000
__Htext6                                        text6        000000
__Htext7                                        text7        000000
__Htext8                                        text8        000000
__Htext9                                        text9        000000
__LRAM                                          (abs)        000001
__Labs1                                         abs1         000000
__Lbank0                                        bank0        000000
__Lbank1                                        bank1        000000
__Lbank2                                        bank2        000000
__Lbank3                                        bank3        000000
__Lbank4                                        bank4        000000
__Lbank5                                        bank5        000000
__Lbank6                                        bank6        000000
__Lbank7                                        bank7        000000
__Lbigbss                                       bigbss       000000
__Lbigdata                                      bigdata      000000
__Lbigram                                       bigram       000000
__Lbss                                          bss          000000
__LbssCOMRAM                                    bssCOMRAM    000000
__Lcinit                                        cinit        000000
__Lclrtext                                      clrtext      000000
__Lcomram                                       comram       000000
__Lconfig                                       config       300000
__Lconst                                        const        000000
__LcstackCOMRAM                                 cstackCOMRAM 000000
__Ldata                                         data         000000
__LdataCOMRAM                                   dataCOMRAM   000000
__Leeprom_data                                  eeprom_data  000000
__Lend_init                                     end_init     00010E
__Lfarbss                                       farbss       000000
__Lfardata                                      fardata      000000
__Libigdata                                     ibigdata     000000
__Lidata                                        idata        000000
__LidataCOMRAM                                  idataCOMRAM  000000
__Lidloc                                        idloc        200000
__Lifardata                                     ifardata     000000
__Linit                                         init         00010E
__Lintcode                                      intcode      000008
__Lintcode_body                                 intcode_body 000000
__Lintcodelo                                    intcodelo    00010E
__Lintentry                                     intentry     000000
__Lintret                                       intret       000000
__Lintsave_regs                                 intsave_regs 000000
__Lirdata                                       irdata       000000
__Lmediumconst                                  mediumconst  000000
__LnvCOMRAM                                     nvCOMRAM     000000
__LnvFARRAM                                     nvFARRAM     000000
__Lnvbit                                        nvbit        000000
__Lnvrram                                       nvrram       000000
__Lparam                                        rparam       000000
__Lpowerup                                      powerup      00010E
__Lram                                          ram          000000
__Lramtop                                       ramtop       000800
__Lrbit                                         rbit         000000
__Lrbss                                         rbss         000000
__Lrdata                                        rdata        000000
__Lreset_vec                                    reset_vec    000000
__Lrparam                                       rparam       000000
__Lsfr                                          sfr          000000
__Lsmallconst                                   smallconst   000800
__Lspace_0                                      (abs)        000000
__Lspace_1                                      (abs)        000000
__Lspace_2                                      (abs)        000000
__Lstack                                        stack        000000
__Lstruct                                       struct       000000
__Ltemp                                         temp         000000
__Ltext                                         text         000000
__Ltext0                                        text0        000000
__Ltext1                                        text1        000000
__Ltext10                                       text10       000000
__Ltext11                                       text11       000000
__Ltext12                                       text12       000000
__Ltext13                                       text13       000000
__Ltext14                                       text14       000000
__Ltext15                                       text15       000000
__Ltext16                                       text16       000000
__Ltext17                                       text17       000000
__Ltext18                                       text18       000000
__Ltext19                                       text19       000000
__Ltext2                                        text2        000000
__Ltext20                                       text20       000000
__Ltext21                                       text21       000000
__Ltext22                                       text22       000000
__Ltext3                                        text3        000000
__Ltext4                                        text4        000000
__Ltext5                                        text5        000000
__Ltext6                                        text6        000000
__Ltext7                                        text7        000000
__Ltext8                                        text8        000000
__Ltext9                                        text9        000000
__S0                                            (abs)        30000E
__S1                                            (abs)        000051
__S2                                            (abs)        000000
___inthi_sp                                     stack        000000
___intlo_sp                                     stack        000000
___sp                                           stack        000000
__accesstop                                     (abs)        000060
__activetblptr                                  (abs)        000002
__end_of_EUSART1_Initialize                     text11       000BD2
__end_of_EUSART1_SetErrorHandler                text15       000DBE
__end_of_EUSART1_SetFramingErrorHandler         text14       000DB4
__end_of_EUSART1_SetOverrunErrorHandler         text13       000DAA
__end_of_EUSART1_SetRxInterruptHandler          text12       000DA0
__end_of_EUSART1_Write                          text3        000D8C
__end_of_INTERRUPT_Initialize                   text10       000DCC
__end_of_Ini_nRF                                text20       0008E8
__end_of_Led_parlante                           text19       000A7C
__end_of_Notificacion                           text16       000DC8
__end_of_Notificar_Buzzer                       text17       000D74
__end_of_OSCILLATOR_Initialize                  text9        000D66
__end_of_OpenSPI1                               text22       000C28
__end_of_PIN_MANAGER_Initialize                 text8        000C6E
__end_of_SYSTEM_Initialize                      text7        000D54
__end_of_TXmod_nRF                              text6        000D04
__end_of_WriteSPI1                              text21       000D42
__end_of_Write_String_nRF                       text4        000CA6
__end_of__initialization                        cinit        000CD2
__end_of__stringdata                            smallconst   000811
__end_of_alta_prioridad                         intcode      00010E
__end_of_delay_1s                               text18       000B0A
__end_of_main                                   text0        000B78
__end_of_printf                                 text1        0009BA
__end_of_putch                                  text2        000D96
__end_of_putsSPI1                               text5        000D2A
__initialization                                cinit        000CA6
__mediumconst                                   mediumconst  000000
__pbssCOMRAM                                    bssCOMRAM    000024
__pcinit                                        cinit        000CA6
__pcstackCOMRAM                                 cstackCOMRAM 000001
__pdataCOMRAM                                   dataCOMRAM   00003D
__pidataCOMRAM                                  idataCOMRAM  000D74
__pintcode                                      intcode      000008
__pnvCOMRAM                                     nvCOMRAM     000049
__psmallconst                                   smallconst   000800
__ptext0                                        text0        000B0A
__ptext1                                        text1        0008E8
__ptext10                                       text10       000DC8
__ptext11                                       text11       000B78
__ptext12                                       text12       000D96
__ptext13                                       text13       000DA0
__ptext14                                       text14       000DAA
__ptext15                                       text15       000DB4
__ptext16                                       text16       000DBE
__ptext17                                       text17       000D66
__ptext18                                       text18       000A7C
__ptext19                                       text19       0009BA
__ptext2                                        text2        000D8C
__ptext20                                       text20       000812
__ptext21                                       text21       000D2A
__ptext22                                       text22       000BD2
__ptext3                                        text3        000D80
__ptext4                                        text4        000C6E
__ptext5                                        text5        000D04
__ptext6                                        text6        000CDC
__ptext7                                        text7        000D42
__ptext8                                        text8        000C28
__ptext9                                        text9        000D54
__ramtop                                        ramtop       000800
__size_of_EUSART1_Initialize                    (abs)        000000
__size_of_EUSART1_SetErrorHandler               (abs)        000000
__size_of_EUSART1_SetFramingErrorHandler        (abs)        000000
__size_of_EUSART1_SetOverrunErrorHandler        (abs)        000000
__size_of_EUSART1_SetRxInterruptHandler         (abs)        000000
__size_of_EUSART1_Write                         (abs)        000000
__size_of_INTERRUPT_Initialize                  (abs)        000000
__size_of_Ini_nRF                               (abs)        000000
__size_of_Led_parlante                          (abs)        000000
__size_of_Notificacion                          (abs)        000000
__size_of_Notificar_Buzzer                      (abs)        000000
__size_of_OSCILLATOR_Initialize                 (abs)        000000
__size_of_OpenSPI1                              (abs)        000000
__size_of_PIN_MANAGER_Initialize                (abs)        000000
__size_of_SYSTEM_Initialize                     (abs)        000000
__size_of_TXmod_nRF                             (abs)        000000
__size_of_WriteSPI1                             (abs)        000000
__size_of_Write_String_nRF                      (abs)        000000
__size_of_alta_prioridad                        (abs)        000000
__size_of_delay_1s                              (abs)        000000
__size_of_main                                  (abs)        000000
__size_of_printf                                (abs)        000000
__size_of_putch                                 (abs)        000000
__size_of_putsSPI1                              (abs)        000000
__smallconst                                    smallconst   000800
__stringdata                                    smallconst   000801
_alta_prioridad                                 intcode      000008
_dato                                           bssCOMRAM    000038
_delay_1s                                       text18       000A7C
_eusart1RxBuffer                                bssCOMRAM    000024
_eusart1RxCount                                 bssCOMRAM    000039
_eusart1RxHead                                  bssCOMRAM    00003A
_eusart1RxLastError                             bssCOMRAM    00003B
_eusart1RxStatusBuffer                          bssCOMRAM    00002C
_eusart1RxTail                                  bssCOMRAM    00003C
_flag_rx                                        bssCOMRAM    000034
_indice                                         bssCOMRAM    000036
_main                                           text0        000B0A
_nombre                                         dataCOMRAM   00003D
_printf                                         text1        0008E8
_putch                                          text2        000D8C
_putsSPI1                                       text5        000D04
alta_prioridad@j                                cstackCOMRAM 000013
end_of_initialization                           cinit        000CD2
intlevel0                                       text         000000
intlevel1                                       text         000000
intlevel2                                       text         000000
intlevel3                                       text         000000
printf@_val                                     cstackCOMRAM 00001F
printf@ap                                       cstackCOMRAM 00001C
printf@c                                        cstackCOMRAM 00001E
printf@f                                        cstackCOMRAM 000017
printf@flag                                     cstackCOMRAM 00001B
putch@txData                                    cstackCOMRAM 000016
putsSPI1@wrptr                                  cstackCOMRAM 000015
stackhi                                         (abs)        0007FF
stacklo                                         (abs)        000060
start                                           init         00010E
start_initialization                            cinit        000CA6


FUNCTION INFORMATION:

 *************** function _main *****************
 Defined at:
		line 87 in file "main.c"
 Parameters:    Size  Location     Type
		None
 Auto vars:     Size  Location     Type
  i               2    0        int 
  status          2    0        int 
 Return value:  Size  Location     Type
		None               void
 Registers used:
		wreg, fsr2l, fsr2h, status,2, status,0, tblptrl, tblptrh, tblptru, cstack
 Tracked objects:
		On entry : 
		On exit  : 
		Unchanged: 
 Data sizes:     COMRAM   BANK0   BANK1   BANK2   BANK3   BANK4   BANK5   BANK6   BANK7
      Params:         0       0       0       0       0       0       0       0       0
      Locals:         0       0       0       0       0       0       0       0       0
      Temps:          1       0       0       0       0       0       0       0       0
      Totals:         1       0       0       0       0       0       0       0       0
Total ram usage:        1 bytes
 Hardware stack levels required when called:    4
 This function calls:
		_Ini_nRF
		_Notificacion
		_SYSTEM_Initialize
		_TXmod_nRF
		_Write_String_nRF
		_delay_1s
		_printf
 This function is called by:
		Startup code after reset
 This function uses a non-reentrant model


 *************** function _printf *****************
 Defined at:
		line 464 in file "/opt/microchip/xc8/v1.32/sources/common/doprnt.c"
 Parameters:    Size  Location     Type
  f               2   22[COMRAM] PTR const unsigned char 
		 -> STR_2(4), STR_1(5), 
 Auto vars:     Size  Location     Type
  _val            4   30[COMRAM] struct .
  ap              2   27[COMRAM] PTR void [1]
		 -> ?_printf(2), 
  c               1   29[COMRAM] char 
  flag            1   26[COMRAM] unsigned char 
  prec            1    0        char 
 Return value:  Size  Location     Type
                  2   22[COMRAM] int 
 Registers used:
		wreg, fsr2l, fsr2h, status,2, status,0, tblptrl, tblptrh, tblptru, cstack
 Tracked objects:
		On entry : 
		On exit  : 
		Unchanged: 
 Data sizes:     COMRAM   BANK0   BANK1   BANK2   BANK3   BANK4   BANK5   BANK6   BANK7
      Params:         4       0       0       0       0       0       0       0       0
      Locals:         8       0       0       0       0       0       0       0       0
      Temps:          0       0       0       0       0       0       0       0       0
      Totals:        12       0       0       0       0       0       0       0       0
Total ram usage:       12 bytes
 Hardware stack levels used:    1
 Hardware stack levels required when called:    3
 This function calls:
		_putch
 This function is called by:
		_main
 This function uses a non-reentrant model


 *************** function _putch *****************
 Defined at:
		line 188 in file "mcc_generated_files/eusart1.c"
 Parameters:    Size  Location     Type
  txData          1    wreg     unsigned char 
 Auto vars:     Size  Location     Type
  txData          1   21[COMRAM] unsigned char 
 Return value:  Size  Location     Type
		None               void
 Registers used:
		wreg, status,2, cstack
 Tracked objects:
		On entry : 
		On exit  : 
		Unchanged: 
 Data sizes:     COMRAM   BANK0   BANK1   BANK2   BANK3   BANK4   BANK5   BANK6   BANK7
      Params:         0       0       0       0       0       0       0       0       0
      Locals:         1       0       0       0       0       0       0       0       0
      Temps:          0       0       0       0       0       0       0       0       0
      Totals:         1       0       0       0       0       0       0       0       0
Total ram usage:        1 bytes
 Hardware stack levels used:    1
 Hardware stack levels required when called:    2
 This function calls:
		_EUSART1_Write
 This function is called by:
		_printf
 This function uses a non-reentrant model


 *************** function _EUSART1_Write *****************
 Defined at:
		line 162 in file "mcc_generated_files/eusart1.c"
 Parameters:    Size  Location     Type
  txData          1    wreg     unsigned char 
 Auto vars:     Size  Location     Type
  txData          1   20[COMRAM] unsigned char 
 Return value:  Size  Location     Type
		None               void
 Registers used:
		wreg
 Tracked objects:
		On entry : 
		On exit  : 
		Unchanged: 
 Data sizes:     COMRAM   BANK0   BANK1   BANK2   BANK3   BANK4   BANK5   BANK6   BANK7
      Params:         0       0       0       0       0       0       0       0       0
      Locals:         1       0       0       0       0       0       0       0       0
      Temps:          0       0       0       0       0       0       0       0       0
      Totals:         1       0       0       0       0       0       0       0       0
Total ram usage:        1 bytes
 Hardware stack levels used:    1
 Hardware stack levels required when called:    1
 This function calls:
		Nothing
 This function is called by:
		_putch
		_UART_print
 This function uses a non-reentrant model


 *************** function _Write_String_nRF *****************
 Defined at:
		line 161 in file "sensor.c"
 Parameters:    Size  Location     Type
  message         2   22[COMRAM] PTR unsigned char 
		 -> nombre(12), 
 Auto vars:     Size  Location     Type
		None
 Return value:  Size  Location     Type
		None               void
 Registers used:
		wreg, fsr2l, fsr2h, status,2, status,0, cstack
 Tracked objects:
		On entry : 
		On exit  : 
		Unchanged: 
 Data sizes:     COMRAM   BANK0   BANK1   BANK2   BANK3   BANK4   BANK5   BANK6   BANK7
      Params:         2       0       0       0       0       0       0       0       0
      Locals:         0       0       0       0       0       0       0       0       0
      Temps:          0       0       0       0       0       0       0       0       0
      Totals:         2       0       0       0       0       0       0       0       0
Total ram usage:        2 bytes
 Hardware stack levels used:    1
 Hardware stack levels required when called:    2
 This function calls:
		_WriteSPI1
		_putsSPI1
 This function is called by:
		_main
 This function uses a non-reentrant model


 *************** function _putsSPI1 *****************
 Defined at:
		line 12 in file "/opt/microchip/xc8/v1.32/sources/pic18/plib/SPI/spi1puts.c"
 Parameters:    Size  Location     Type
  wrptr           2   20[COMRAM] PTR unsigned char 
		 -> nombre(12), 
 Auto vars:     Size  Location     Type
		None
 Return value:  Size  Location     Type
		None               void
 Registers used:
		wreg, fsr2l, fsr2h, status,2, status,0
 Tracked objects:
		On entry : 
		On exit  : 
		Unchanged: 
 Data sizes:     COMRAM   BANK0   BANK1   BANK2   BANK3   BANK4   BANK5   BANK6   BANK7
      Params:         2       0       0       0       0       0       0       0       0
      Locals:         0       0       0       0       0       0       0       0       0
      Temps:          0       0       0       0       0       0       0       0       0
      Totals:         2       0       0       0       0       0       0       0       0
Total ram usage:        2 bytes
 Hardware stack levels used:    1
 Hardware stack levels required when called:    1
 This function calls:
		Nothing
 This function is called by:
		_Write_String_nRF
 This function uses a non-reentrant model


 *************** function _TXmod_nRF *****************
 Defined at:
		line 90 in file "sensor.c"
 Parameters:    Size  Location     Type
		None
 Auto vars:     Size  Location     Type
		None
 Return value:  Size  Location     Type
		None               void
 Registers used:
		wreg, cstack
 Tracked objects:
		On entry : 
		On exit  : 
		Unchanged: 
 Data sizes:     COMRAM   BANK0   BANK1   BANK2   BANK3   BANK4   BANK5   BANK6   BANK7
      Params:         0       0       0       0       0       0       0       0       0
      Locals:         0       0       0       0       0       0       0       0       0
      Temps:          0       0       0       0       0       0       0       0       0
      Totals:         0       0       0       0       0       0       0       0       0
Total ram usage:        0 bytes
 Hardware stack levels used:    1
 Hardware stack levels required when called:    2
 This function calls:
		_WriteSPI1
 This function is called by:
		_main
 This function uses a non-reentrant model


 *************** function _SYSTEM_Initialize *****************
 Defined at:
		line 50 in file "mcc_generated_files/mcc.c"
 Parameters:    Size  Location     Type
		None
 Auto vars:     Size  Location     Type
		None
 Return value:  Size  Location     Type
		None               void
 Registers used:
		wreg, status,2, status,0, cstack
 Tracked objects:
		On entry : 
		On exit  : 
		Unchanged: 
 Data sizes:     COMRAM   BANK0   BANK1   BANK2   BANK3   BANK4   BANK5   BANK6   BANK7
      Params:         0       0       0       0       0       0       0       0       0
      Locals:         0       0       0       0       0       0       0       0       0
      Temps:          0       0       0       0       0       0       0       0       0
      Totals:         0       0       0       0       0       0       0       0       0
Total ram usage:        0 bytes
 Hardware stack levels used:    1
 Hardware stack levels required when called:    3
 This function calls:
		_EUSART1_Initialize
		_INTERRUPT_Initialize
		_OSCILLATOR_Initialize
		_PIN_MANAGER_Initialize
 This function is called by:
		_main
 This function uses a non-reentrant model


 *************** function _PIN_MANAGER_Initialize *****************
 Defined at:
		line 54 in file "mcc_generated_files/pin_manager.c"
 Parameters:    Size  Location     Type
		None
 Auto vars:     Size  Location     Type
		None
 Return value:  Size  Location     Type
		None               void
 Registers used:
		wreg, status,2
 Tracked objects:
		On entry : 
		On exit  : 
		Unchanged: 
 Data sizes:     COMRAM   BANK0   BANK1   BANK2   BANK3   BANK4   BANK5   BANK6   BANK7
      Params:         0       0       0       0       0       0       0       0       0
      Locals:         0       0       0       0       0       0       0       0       0
      Temps:          0       0       0       0       0       0       0       0       0
      Totals:         0       0       0       0       0       0       0       0       0
Total ram usage:        0 bytes
 Hardware stack levels used:    1
 Hardware stack levels required when called:    1
 This function calls:
		Nothing
 This function is called by:
		_SYSTEM_Initialize
 This function uses a non-reentrant model


 *************** function _OSCILLATOR_Initialize *****************
 Defined at:
		line 59 in file "mcc_generated_files/mcc.c"
 Parameters:    Size  Location     Type
		None
 Auto vars:     Size  Location     Type
		None
 Return value:  Size  Location     Type
		None               void
 Registers used:
		wreg, status,2
 Tracked objects:
		On entry : 
		On exit  : 
		Unchanged: 
 Data sizes:     COMRAM   BANK0   BANK1   BANK2   BANK3   BANK4   BANK5   BANK6   BANK7
      Params:         0       0       0       0       0       0       0       0       0
      Locals:         0       0       0       0       0       0       0       0       0
      Temps:          0       0       0       0       0       0       0       0       0
      Totals:         0       0       0       0       0       0       0       0       0
Total ram usage:        0 bytes
 Hardware stack levels used:    1
 Hardware stack levels required when called:    1
 This function calls:
		Nothing
 This function is called by:
		_SYSTEM_Initialize
 This function uses a non-reentrant model


 *************** function _INTERRUPT_Initialize *****************
 Defined at:
		line 52 in file "mcc_generated_files/interrupt_manager.c"
 Parameters:    Size  Location     Type
		None
 Auto vars:     Size  Location     Type
		None
 Return value:  Size  Location     Type
		None               void
 Registers used:
		None
 Tracked objects:
		On entry : 
		On exit  : 
		Unchanged: 
 Data sizes:     COMRAM   BANK0   BANK1   BANK2   BANK3   BANK4   BANK5   BANK6   BANK7
      Params:         0       0       0       0       0       0       0       0       0
      Locals:         0       0       0       0       0       0       0       0       0
      Temps:          0       0       0       0       0       0       0       0       0
      Totals:         0       0       0       0       0       0       0       0       0
Total ram usage:        0 bytes
 Hardware stack levels used:    1
 Hardware stack levels required when called:    1
 This function calls:
		Nothing
 This function is called by:
		_SYSTEM_Initialize
 This function uses a non-reentrant model


 *************** function _EUSART1_Initialize *****************
 Defined at:
		line 83 in file "mcc_generated_files/eusart1.c"
 Parameters:    Size  Location     Type
		None
 Auto vars:     Size  Location     Type
		None
 Return value:  Size  Location     Type
		None               void
 Registers used:
		wreg, status,2, status,0, cstack
 Tracked objects:
		On entry : 
		On exit  : 
		Unchanged: 
 Data sizes:     COMRAM   BANK0   BANK1   BANK2   BANK3   BANK4   BANK5   BANK6   BANK7
      Params:         0       0       0       0       0       0       0       0       0
      Locals:         0       0       0       0       0       0       0       0       0
      Temps:          0       0       0       0       0       0       0       0       0
      Totals:         0       0       0       0       0       0       0       0       0
Total ram usage:        0 bytes
 Hardware stack levels used:    1
 Hardware stack levels required when called:    2
 This function calls:
		_EUSART1_SetErrorHandler
		_EUSART1_SetFramingErrorHandler
		_EUSART1_SetOverrunErrorHandler
		_EUSART1_SetRxInterruptHandler
 This function is called by:
		_SYSTEM_Initialize
 This function uses a non-reentrant model


 *************** function _EUSART1_SetRxInterruptHandler *****************
 Defined at:
		line 255 in file "mcc_generated_files/eusart1.c"
 Parameters:    Size  Location     Type
  interruptHan    2   20[COMRAM] PTR FTN()void 
		 -> EUSART1_Receive_ISR(0), 
 Auto vars:     Size  Location     Type
		None
 Return value:  Size  Location     Type
		None               void
 Registers used:
		wreg, status,2, status,0
 Tracked objects:
		On entry : 
		On exit  : 
		Unchanged: 
 Data sizes:     COMRAM   BANK0   BANK1   BANK2   BANK3   BANK4   BANK5   BANK6   BANK7
      Params:         2       0       0       0       0       0       0       0       0
      Locals:         0       0       0       0       0       0       0       0       0
      Temps:          0       0       0       0       0       0       0       0       0
      Totals:         2       0       0       0       0       0       0       0       0
Total ram usage:        2 bytes
 Hardware stack levels used:    1
 Hardware stack levels required when called:    1
 This function calls:
		Nothing
 This function is called by:
		_EUSART1_Initialize
 This function uses a non-reentrant model


 *************** function _EUSART1_SetOverrunErrorHandler *****************
 Defined at:
		line 246 in file "mcc_generated_files/eusart1.c"
 Parameters:    Size  Location     Type
  interruptHan    2   20[COMRAM] PTR FTN()void 
		 -> EUSART1_DefaultOverrunErrorHandler(0), 
 Auto vars:     Size  Location     Type
		None
 Return value:  Size  Location     Type
		None               void
 Registers used:
		wreg, status,2, status,0
 Tracked objects:
		On entry : 
		On exit  : 
		Unchanged: 
 Data sizes:     COMRAM   BANK0   BANK1   BANK2   BANK3   BANK4   BANK5   BANK6   BANK7
      Params:         2       0       0       0       0       0       0       0       0
      Locals:         0       0       0       0       0       0       0       0       0
      Temps:          0       0       0       0       0       0       0       0       0
      Totals:         2       0       0       0       0       0       0       0       0
Total ram usage:        2 bytes
 Hardware stack levels used:    1
 Hardware stack levels required when called:    1
 This function calls:
		Nothing
 This function is called by:
		_EUSART1_Initialize
 This function uses a non-reentrant model


 *************** function _EUSART1_SetFramingErrorHandler *****************
 Defined at:
		line 242 in file "mcc_generated_files/eusart1.c"
 Parameters:    Size  Location     Type
  interruptHan    2   20[COMRAM] PTR FTN()void 
		 -> EUSART1_DefaultFramingErrorHandler(0), 
 Auto vars:     Size  Location     Type
		None
 Return value:  Size  Location     Type
		None               void
 Registers used:
		wreg, status,2, status,0
 Tracked objects:
		On entry : 
		On exit  : 
		Unchanged: 
 Data sizes:     COMRAM   BANK0   BANK1   BANK2   BANK3   BANK4   BANK5   BANK6   BANK7
      Params:         2       0       0       0       0       0       0       0       0
      Locals:         0       0       0       0       0       0       0       0       0
      Temps:          0       0       0       0       0       0       0       0       0
      Totals:         2       0       0       0       0       0       0       0       0
Total ram usage:        2 bytes
 Hardware stack levels used:    1
 Hardware stack levels required when called:    1
 This function calls:
		Nothing
 This function is called by:
		_EUSART1_Initialize
 This function uses a non-reentrant model


 *************** function _EUSART1_SetErrorHandler *****************
 Defined at:
		line 250 in file "mcc_generated_files/eusart1.c"
 Parameters:    Size  Location     Type
  interruptHan    2   20[COMRAM] PTR FTN()void 
		 -> EUSART1_DefaultErrorHandler(0), 
 Auto vars:     Size  Location     Type
		None
 Return value:  Size  Location     Type
		None               void
 Registers used:
		wreg, status,2, status,0
 Tracked objects:
		On entry : 
		On exit  : 
		Unchanged: 
 Data sizes:     COMRAM   BANK0   BANK1   BANK2   BANK3   BANK4   BANK5   BANK6   BANK7
      Params:         2       0       0       0       0       0       0       0       0
      Locals:         0       0       0       0       0       0       0       0       0
      Temps:          0       0       0       0       0       0       0       0       0
      Totals:         2       0       0       0       0       0       0       0       0
Total ram usage:        2 bytes
 Hardware stack levels used:    1
 Hardware stack levels required when called:    1
 This function calls:
		Nothing
 This function is called by:
		_EUSART1_Initialize
 This function uses a non-reentrant model


 *************** function _Notificacion *****************
 Defined at:
		line 99 in file "inicio.c"
 Parameters:    Size  Location     Type
		None
 Auto vars:     Size  Location     Type
		None
 Return value:  Size  Location     Type
		None               void
 Registers used:
		wreg, cstack
 Tracked objects:
		On entry : 
		On exit  : 
		Unchanged: 
 Data sizes:     COMRAM   BANK0   BANK1   BANK2   BANK3   BANK4   BANK5   BANK6   BANK7
      Params:         0       0       0       0       0       0       0       0       0
      Locals:         0       0       0       0       0       0       0       0       0
      Temps:          0       0       0       0       0       0       0       0       0
      Totals:         0       0       0       0       0       0       0       0       0
Total ram usage:        0 bytes
 Hardware stack levels used:    1
 Hardware stack levels required when called:    3
 This function calls:
		_Led_parlante
		_Notificar_Buzzer
 This function is called by:
		_main
 This function uses a non-reentrant model


 *************** function _Notificar_Buzzer *****************
 Defined at:
		line 91 in file "inicio.c"
 Parameters:    Size  Location     Type
		None
 Auto vars:     Size  Location     Type
		None
 Return value:  Size  Location     Type
		None               void
 Registers used:
		wreg, cstack
 Tracked objects:
		On entry : 
		On exit  : 
		Unchanged: 
 Data sizes:     COMRAM   BANK0   BANK1   BANK2   BANK3   BANK4   BANK5   BANK6   BANK7
      Params:         0       0       0       0       0       0       0       0       0
      Locals:         0       0       0       0       0       0       0       0       0
      Temps:          0       0       0       0       0       0       0       0       0
      Totals:         0       0       0       0       0       0       0       0       0
Total ram usage:        0 bytes
 Hardware stack levels used:    1
 Hardware stack levels required when called:    2
 This function calls:
		_delay_1s
 This function is called by:
		_Notificacion
 This function uses a non-reentrant model


 *************** function _delay_1s *****************
 Defined at:
		line 48 in file "inicio.c"
 Parameters:    Size  Location     Type
		None
 Auto vars:     Size  Location     Type
		None
 Return value:  Size  Location     Type
		None               void
 Registers used:
		wreg
 Tracked objects:
		On entry : 
		On exit  : 
		Unchanged: 
 Data sizes:     COMRAM   BANK0   BANK1   BANK2   BANK3   BANK4   BANK5   BANK6   BANK7
      Params:         0       0       0       0       0       0       0       0       0
      Locals:         0       0       0       0       0       0       0       0       0
      Temps:          1       0       0       0       0       0       0       0       0
      Totals:         1       0       0       0       0       0       0       0       0
Total ram usage:        1 bytes
 Hardware stack levels used:    1
 Hardware stack levels required when called:    1
 This function calls:
		Nothing
 This function is called by:
		_main
		_Notificar_Buzzer
 This function uses a non-reentrant model


 *************** function _Led_parlante *****************
 Defined at:
		line 63 in file "inicio.c"
 Parameters:    Size  Location     Type
		None
 Auto vars:     Size  Location     Type
		None
 Return value:  Size  Location     Type
		None               void
 Registers used:
		wreg
 Tracked objects:
		On entry : 
		On exit  : 
		Unchanged: 
 Data sizes:     COMRAM   BANK0   BANK1   BANK2   BANK3   BANK4   BANK5   BANK6   BANK7
      Params:         0       0       0       0       0       0       0       0       0
      Locals:         0       0       0       0       0       0       0       0       0
      Temps:          1       0       0       0       0       0       0       0       0
      Totals:         1       0       0       0       0       0       0       0       0
Total ram usage:        1 bytes
 Hardware stack levels used:    1
 Hardware stack levels required when called:    1
 This function calls:
		Nothing
 This function is called by:
		_Notificacion
 This function uses a non-reentrant model


 *************** function _Ini_nRF *****************
 Defined at:
		line 11 in file "sensor.c"
 Parameters:    Size  Location     Type
		None
 Auto vars:     Size  Location     Type
		None
 Return value:  Size  Location     Type
		None               void
 Registers used:
		wreg, status,2, status,0, cstack
 Tracked objects:
		On entry : 
		On exit  : 
		Unchanged: 
 Data sizes:     COMRAM   BANK0   BANK1   BANK2   BANK3   BANK4   BANK5   BANK6   BANK7
      Params:         0       0       0       0       0       0       0       0       0
      Locals:         0       0       0       0       0       0       0       0       0
      Temps:          1       0       0       0       0       0       0       0       0
      Totals:         1       0       0       0       0       0       0       0       0
Total ram usage:        1 bytes
 Hardware stack levels used:    1
 Hardware stack levels required when called:    2
 This function calls:
		_OpenSPI1
		_WriteSPI1
 This function is called by:
		_main
 This function uses a non-reentrant model


 *************** function _WriteSPI1 *****************
 Defined at:
		line 13 in file "/opt/microchip/xc8/v1.32/sources/pic18/plib/SPI/spi1writ.c"
 Parameters:    Size  Location     Type
  data_out        1    wreg     unsigned char 
 Auto vars:     Size  Location     Type
  data_out        1   21[COMRAM] unsigned char 
  TempVar         1   20[COMRAM] unsigned char 
 Return value:  Size  Location     Type
                  1    wreg      char 
 Registers used:
		wreg
 Tracked objects:
		On entry : 
		On exit  : 
		Unchanged: 
 Data sizes:     COMRAM   BANK0   BANK1   BANK2   BANK3   BANK4   BANK5   BANK6   BANK7
      Params:         0       0       0       0       0       0       0       0       0
      Locals:         2       0       0       0       0       0       0       0       0
      Temps:          0       0       0       0       0       0       0       0       0
      Totals:         2       0       0       0       0       0       0       0       0
Total ram usage:        2 bytes
 Hardware stack levels used:    1
 Hardware stack levels required when called:    1
 This function calls:
		Nothing
 This function is called by:
		_Ini_nRF
		_TXmod_nRF
		_Write_String_nRF
		_RXmod_nRF
		_Read_Status_nRF
		_Clear_Status_nRF
		_Read_Char_nRF
		_Write_Char_nRF
		_Read_String_nRF
		_FlushTx_nRF
		_FlushRx_nRF
 This function uses a non-reentrant model


 *************** function _OpenSPI1 *****************
 Defined at:
		line 63 in file "/opt/microchip/xc8/v1.32/sources/pic18/plib/SPI/spi1open.c"
 Parameters:    Size  Location     Type
  sync_mode       1    wreg     unsigned char 
  bus_mode        1   20[COMRAM] unsigned char 
  smp_phase       1   21[COMRAM] unsigned char 
 Auto vars:     Size  Location     Type
  sync_mode       1   22[COMRAM] unsigned char 
 Return value:  Size  Location     Type
		None               void
 Registers used:
		wreg, status,2, status,0
 Tracked objects:
		On entry : 
		On exit  : 
		Unchanged: 
 Data sizes:     COMRAM   BANK0   BANK1   BANK2   BANK3   BANK4   BANK5   BANK6   BANK7
      Params:         2       0       0       0       0       0       0       0       0
      Locals:         1       0       0       0       0       0       0       0       0
      Temps:          0       0       0       0       0       0       0       0       0
      Totals:         3       0       0       0       0       0       0       0       0
Total ram usage:        3 bytes
 Hardware stack levels used:    1
 Hardware stack levels required when called:    1
 This function calls:
		Nothing
 This function is called by:
		_Ini_nRF
 This function uses a non-reentrant model


 *************** function _alta_prioridad *****************
 Defined at:
		line 65 in file "main.c"
 Parameters:    Size  Location     Type
		None
 Auto vars:     Size  Location     Type
  j               2   18[COMRAM] int 
 Return value:  Size  Location     Type
		None               void
 Registers used:
		wreg, fsr2l, fsr2h, status,2, status,0
 Tracked objects:
		On entry : 
		On exit  : 
		Unchanged: 
 Data sizes:     COMRAM   BANK0   BANK1   BANK2   BANK3   BANK4   BANK5   BANK6   BANK7
      Params:         0       0       0       0       0       0       0       0       0
      Locals:         2       0       0       0       0       0       0       0       0
      Temps:         18       0       0       0       0       0       0       0       0
      Totals:        20       0       0       0       0       0       0       0       0
Total ram usage:       20 bytes
 Hardware stack levels used:    1
 This function calls:
		Nothing
 This function is called by:
		Interrupt level 2
 This function uses a non-reentrant model



MODULE INFORMATION

Module		Function		Class		Link	Load	Size
sensor.c
		_Ini_nRF       		CODE           	0812	0000	214
		_TXmod_nRF     		CODE           	0CDC	0000	40
		_Write_String_n		CODE           	0C6E	0000	56

sensor.c estimated size: 310

mcc_generated_files/interrupt_manager.c
		_INTERRUPT_Init		CODE           	0DC8	0000	4

mcc_generated_files/interrupt_manager.c estimated size: 4

mcc_generated_files/pin_manager.c
		_PIN_MANAGER_In		CODE           	0C28	0000	70

mcc_generated_files/pin_manager.c estimated size: 70

/opt/microchip/xc8/v1.32/sources/pic18/plib/SPI/spi1open.c
		_OpenSPI1      		CODE           	0BD2	0000	86

/opt/microchip/xc8/v1.32/sources/pic18/plib/SPI/spi1open.c estimated size: 86

inicio.c
		_Notificacion  		CODE           	0DBE	0000	10
		_Notificar_Buzz		CODE           	0D66	0000	14
		_delay_1s      		CODE           	0A7C	0000	142
		_Led_parlante  		CODE           	09BA	0000	194

inicio.c estimated size: 360

/opt/microchip/xc8/v1.32/sources/pic18/plib/SPI/spi1writ.c
		_WriteSPI1     		CODE           	0D2A	0000	24

/opt/microchip/xc8/v1.32/sources/pic18/plib/SPI/spi1writ.c estimated size: 24

shared
		__stringdata   		SMALLCONST     	0801	0000	16
		__initializatio		CODE           	0CA6	0000	44

shared estimated size: 60

mcc_generated_files/eusart1.c
		_EUSART1_SetRxI		CODE           	0D96	0000	10
		_EUSART1_Initia		CODE           	0B78	0000	90
		_putch         		CODE           	0D8C	0000	10
		_EUSART1_SetFra		CODE           	0DAA	0000	10
		_EUSART1_SetOve		CODE           	0DA0	0000	10
		_EUSART1_SetErr		CODE           	0DB4	0000	10
		_EUSART1_Write 		CODE           	0D80	0000	12

mcc_generated_files/eusart1.c estimated size: 152

mcc_generated_files/mcc.c
		_OSCILLATOR_Ini		CODE           	0D54	0000	18
		_SYSTEM_Initial		CODE           	0D42	0000	18

mcc_generated_files/mcc.c estimated size: 36

/opt/microchip/xc8/v1.32/sources/pic18/plib/SPI/spi1puts.c
		_putsSPI1      		CODE           	0D04	0000	38

/opt/microchip/xc8/v1.32/sources/pic18/plib/SPI/spi1puts.c estimated size: 38

/opt/microchip/xc8/v1.32/sources/common/doprnt.c
		_printf        		CODE           	08E8	0000	210

/opt/microchip/xc8/v1.32/sources/common/doprnt.c estimated size: 210

main.c
		_main          		CODE           	0B0A	0000	110
		_alta_prioridad		CODE           	0008	0000	262

main.c estimated size: 372

